 ModelObj

 Timestamp is 643b68d4 (Sat Apr 15 20:17:40 2023)

 Preferred load address is 10000000

 Start         Length     Name                   Class
 0001:00000000 00008018H .text$mn                CODE
 0002:00000000 00000104H .CRT$XCA                DATA
 0002:00000104 00000104H .CRT$XCZ                DATA
 0002:00000208 00000104H .CRT$XIA                DATA
 0002:0000030c 00000104H .CRT$XIZ                DATA
 0002:00000410 00000104H .CRT$XPA                DATA
 0002:00000514 00000104H .CRT$XPZ                DATA
 0002:00000618 00000104H .CRT$XTA                DATA
 0002:0000071c 00000104H .CRT$XTZ                DATA
 0002:00000820 000011e0H .rdata                  DATA
 0002:00001a00 00000180H .rdata$CastGuardVftablesA DATA
 0002:00001b80 0000014cH .rdata$CastGuardVftablesC DATA
 0002:00001ccc 0000010cH .rdata$sxdata           DATA
 0002:00001dd8 000001a4H .rdata$zzzdbg           DATA
 0002:00001f7c 00000104H .rtc$IAA                DATA
 0002:00002080 0000010cH .rtc$IMZ                DATA
 0002:0000218c 00000104H .rtc$IZZ                DATA
 0002:00002290 00000104H .rtc$TAA                DATA
 0002:00002394 0000010cH .rtc$TMZ                DATA
 0002:000024a0 00000108H .rtc$TZZ                DATA
 0002:000025a8 000001c8H .xdata$x                DATA
 0002:00002770 00000162H .edata                  DATA
 0003:00000000 00000240H .data                   DATA
 0003:00000240 00000598H .bss                    DATA
 0004:00000000 000002c8H .idata$5                DATA
 0004:000002c8 00000064H .idata$2                DATA
 0004:0000032c 00000014H .idata$3                DATA
 0004:00000340 000002c8H .idata$4                DATA
 0004:00000608 00000b8fH .idata$6                DATA
 0005:00000000 0000010eH .00cfg                  DATA
 0006:00000000 000001c0H .rsrc$01                DATA
 0006:000001c0 00000413H .rsrc$02                DATA

  Address         Publics by Value              Rva+Base       Lib:Object

 0000:00000000       ___AbsoluteZero            00000000     <absolute>
 0000:00000000       ___arm64x_extra_rfe_table  00000000     <absolute>
 0000:00000000       ___arm64x_extra_rfe_table_size 00000000     <absolute>
 0000:00000000       ___arm64x_native_entrypoint 00000000     <absolute>
 0000:00000000       ___arm64x_redirection_metadata 00000000     <absolute>
 0000:00000000       ___arm64x_redirection_metadata_count 00000000     <absolute>
 0000:00000000       ___dynamic_value_reloc_table 00000000     <absolute>
 0000:00000000       ___enclave_config          00000000     <absolute>
 0000:00000000       ___guard_check_icall_a64n_fptr 00000000     <absolute>
 0000:00000000       ___guard_eh_cont_count     00000000     <absolute>
 0000:00000000       ___guard_eh_cont_table     00000000     <absolute>
 0000:00000000       ___guard_fids_count        00000000     <absolute>
 0000:00000000       ___guard_fids_table        00000000     <absolute>
 0000:00000000       ___guard_iat_count         00000000     <absolute>
 0000:00000000       ___guard_iat_table         00000000     <absolute>
 0000:00000000       ___guard_longjmp_count     00000000     <absolute>
 0000:00000000       ___guard_longjmp_table     00000000     <absolute>
 0000:00000000       ___hybrid_auxiliary_iat    00000000     <absolute>
 0000:00000000       ___hybrid_auxiliary_iat_copy 00000000     <absolute>
 0000:00000000       ___hybrid_code_map         00000000     <absolute>
 0000:00000000       ___hybrid_code_map_count   00000000     <absolute>
 0000:00000000       ___volatile_metadata       00000000     <absolute>
 0000:00000000       ___x64_code_ranges_to_entry_points 00000000     <absolute>
 0000:00000000       ___x64_code_ranges_to_entry_points_count 00000000     <absolute>
 0000:00000002       ___safe_se_handler_count   00000002     <absolute>
 0000:00000100       ___guard_flags             00000100     <absolute>
 0000:00000000       ___ImageBase               10000000     <linker-defined>
 0001:00000530       _AddChild@8                10001530 f   ModelObject.obj
 0001:000005d0       _AttachEngine@8            100015d0 f   ModelObject.obj
 0001:000006a0       _AttachSoundSystem@8       100016a0 f   ModelObject.obj
 0001:000006c0       _AttachWorld@8             100016c0 f   ModelObject.obj
 0001:00000c40       _ChangeBoxCollision@24     10001c40 f   ModelObject.obj
 0001:00000cf0       _Collision@24              10001cf0 f   ModelObject.obj
 0001:00000da0       _CreateFromFile@8          10001da0 f   ModelObject.obj
 0001:00001040       _CreateInstance@0          10002040 f   ModelObject.obj
 0001:00001110       _CreateRef@4               10002110 f   ModelObject.obj
 0001:000011a0       _Destroy@4                 100021a0 f   ModelObject.obj
 0001:000012d0       _DettachEngine@8           100022d0 f   ModelObject.obj
 0001:000013b0       _DettachSoundSystem@8      100023b0 f   ModelObject.obj
 0001:000013d0       _DettachWorld@8            100023d0 f   ModelObject.obj
 0001:000014b0       _EditDialog@8              100024b0 f   ModelObject.obj
 0001:000014d0       _GetChildren@12            100024d0 f   ModelObject.obj
 0001:000014f0       _GetExtBox@8               100024f0 f   ModelObject.obj
 0001:000016d0       _GetPropertyList@8         100026d0 f   ModelObject.obj
 0001:00002700       _GetXForm@8                10003700 f   ModelObject.obj
 0001:000027c0       _GetXFormModFlags@4        100037c0 f   ModelObject.obj
 0001:000027e0       _Init_Class                100037e0 f   ModelObject.obj
 0001:00002810       _RemoveChild@8             10003810 f   ModelObject.obj
 0001:000028b0       _Render@24                 100038b0 f   ModelObject.obj
 0001:00002930       _SendModelMessage@12       10003930 f   ModelObject.obj
 0001:00002be0       _SetProperty@16            10003be0 f   ModelObject.obj
 0001:00002c60       _SetXForm@8                10003c60 f   ModelObject.obj
 0001:00002d00       _Util_GetAppPath           10003d00 f   ModelObject.obj
 0001:00002f60       _WriteToFile@12            10003f60 f   ModelObject.obj
 0001:00003170       _DllMain@12                10004170 f   ObjectDef.obj
 0001:000031e0       _Object_RegisterDef        100041e0 f   ObjectDef.obj
 0001:00003260       _jeVFile_Read@12           10004260 f   jet3DClassic11d:Jet3DClassic11d.dll
 0001:00003266       _jeVFile_Write@12          10004266 f   jet3DClassic11d:Jet3DClassic11d.dll
 0001:0000326c       _jeVFile_Seek@12           1000426c f   jet3DClassic11d:Jet3DClassic11d.dll
 0001:00003272       _jeXForm3d_Copy@8          10004272 f   jet3DClassic11d:Jet3DClassic11d.dll
 0001:00003278       _jeXForm3d_Transform@12    10004278 f   jet3DClassic11d:Jet3DClassic11d.dll
 0001:0000327e       _jeExtBox_IsValid@4        1000427e f   jet3DClassic11d:Jet3DClassic11d.dll
 0001:00003284       _jeExtBox_SetToPoint@8     10004284 f   jet3DClassic11d:Jet3DClassic11d.dll
 0001:0000328a       _jeExtBox_ExtendToEnclose@8 1000428a f   jet3DClassic11d:Jet3DClassic11d.dll
 0001:00003290       _jeExtBox_Union@12         10004290 f   jet3DClassic11d:Jet3DClassic11d.dll
 0001:00003296       _jeProperty_ListCreate@4   10004296 f   jet3DClassic11d:Jet3DClassic11d.dll
 0001:0000329c       _jeProperty_Append@8       1000429c f   jet3DClassic11d:Jet3DClassic11d.dll
 0001:000032a2       _jeProperty_ListDestroy@4  100042a2 f   jet3DClassic11d:Jet3DClassic11d.dll
 0001:000032a8       _jeProperty_FillGroup@12   100042a8 f   jet3DClassic11d:Jet3DClassic11d.dll
 0001:000032ae       _jeProperty_FillStaticInt@16 100042ae f   jet3DClassic11d:Jet3DClassic11d.dll
 0001:000032b4       _jeProperty_FillGroupEnd@8 100042b4 f   jet3DClassic11d:Jet3DClassic11d.dll
 0001:000032ba       _jeProperty_SetDisabled@8  100042ba f   jet3DClassic11d:Jet3DClassic11d.dll
 0001:000032c0       _jeBrush_GetXForm@4        100042c0 f   jet3DClassic11d:Jet3DClassic11d.dll
 0001:000032c6       _jeBrush_GetNextFace@8     100042c6 f   jet3DClassic11d:Jet3DClassic11d.dll
 0001:000032cc       _jeBrush_FaceGetVertCount@4 100042cc f   jet3DClassic11d:Jet3DClassic11d.dll
 0001:000032d2       _jeBrush_FaceGetVertByIndex@8 100042d2 f   jet3DClassic11d:Jet3DClassic11d.dll
 0001:000032d8       _jeLight_GetAttributes@24  100042d8 f   jet3DClassic11d:Jet3DClassic11d.dll
 0001:000032de       _jeModel_Create@0          100042de f   jet3DClassic11d:Jet3DClassic11d.dll
 0001:000032e4       _jeModel_WriteToFile@12    100042e4 f   jet3DClassic11d:Jet3DClassic11d.dll
 0001:000032ea       _jeModel_CreateFromFile@8  100042ea f   jet3DClassic11d:Jet3DClassic11d.dll
 0001:000032f0       _jeModel_Destroy@4         100042f0 f   jet3DClassic11d:Jet3DClassic11d.dll
 0001:000032f6       _jeModel_SetArrays@20      100042f6 f   jet3DClassic11d:Jet3DClassic11d.dll
 0001:000032fc       _jeModel_GetNextBrush@8    100042fc f   jet3DClassic11d:Jet3DClassic11d.dll
 0001:00003302       _jeModel_AddObject@8       10004302 f   jet3DClassic11d:Jet3DClassic11d.dll
 0001:00003308       _jeModel_RemoveObject@8    10004308 f   jet3DClassic11d:Jet3DClassic11d.dll
 0001:0000330e       _jeModel_RebuildLightsFromPoint@12 1000430e f   jet3DClassic11d:Jet3DClassic11d.dll
 0001:00003314       _jeModel_RebuildBSP@16     10004314 f   jet3DClassic11d:Jet3DClassic11d.dll
 0001:0000331a       _jeModel_RebuildLights@4   1000431a f   jet3DClassic11d:Jet3DClassic11d.dll
 0001:00003320       _jeModel_SetEngine@8       10004320 f   jet3DClassic11d:Jet3DClassic11d.dll
 0001:00003326       _jeModel_SetWorld@8        10004326 f   jet3DClassic11d:Jet3DClassic11d.dll
 0001:0000332c       _jeModel_Render@12         1000432c f   jet3DClassic11d:Jet3DClassic11d.dll
 0001:00003332       _jeModel_GetBSPDebugInfo@4 10004332 f   jet3DClassic11d:Jet3DClassic11d.dll
 0001:00003338       _jeModel_Collision@24      10004338 f   jet3DClassic11d:Jet3DClassic11d.dll
 0001:0000333e       _jeModel_ChangeBoxCollision@24 1000433e f   jet3DClassic11d:Jet3DClassic11d.dll
 0001:00003344       _jeModel_SetXForm@8        10004344 f   jet3DClassic11d:Jet3DClassic11d.dll
 0001:0000334a       _jeModel_GetXForm@4        1000434a f   jet3DClassic11d:Jet3DClassic11d.dll
 0001:00003350       _jeWorld_GetMaterialArray@4 10004350 f   jet3DClassic11d:Jet3DClassic11d.dll
 0001:00003356       _jeWorld_GetFaceInfoArray@4 10004356 f   jet3DClassic11d:Jet3DClassic11d.dll
 0001:0000335c       _jeWorld_GetLightChain@4   1000435c f   jet3DClassic11d:Jet3DClassic11d.dll
 0001:00003362       _jeWorld_GetDLightChain@4  10004362 f   jet3DClassic11d:Jet3DClassic11d.dll
 0001:00003368       __jeRam_DebugAllocate@12   10004368 f   jet3DClassic11d:Jet3DClassic11d.dll
 0001:0000336e       _jeRam_Free_@4             1000436e f   jet3DClassic11d:Jet3DClassic11d.dll
 0001:00003374       _jeErrorLog_AddExplicit@24 10004374 f   jet3DClassic11d:Jet3DClassic11d.dll
 0001:0000337a       _jeObject_RegisterGlobalObjectDef@4 1000437a f   jet3DClassic11d:Jet3DClassic11d.dll
 0001:00003380       _OutputDebugStringA@4      10004380 f   kernel32:KERNEL32.dll
 0001:00003386       _GetModuleFileNameA@12     10004386 f   kernel32:KERNEL32.dll
 0001:0000338c       _LoadStringA@16            1000438c f   user32:USER32.dll
 0001:000033a0       @_RTC_AllocaHelper@12      100043a0 f   MSVCRTD:stack.obj
 0001:000033e0       @_RTC_CheckStackVars2@12   100043e0 f   MSVCRTD:stack.obj
 0001:000034f0       @_RTC_CheckStackVars@8     100044f0 f   MSVCRTD:stack.obj
 0001:00003560       __RTC_CheckEsp             10004560 f   MSVCRTD:stack.obj
 0001:00003590       @__security_check_cookie@4 10004590 f   MSVCRTD:secchk.obj
 0001:000035b0       __CRT_RTC_INIT             100045b0 f   MSVCRTD:init.obj
 0001:000035c0       __CRT_RTC_INITW            100045c0 f   MSVCRTD:init.obj
 0001:000035d0       __RTC_InitBase             100045d0 f   MSVCRTD:init.obj
 0001:00003610       __RTC_Shutdown             10004610 f   MSVCRTD:init.obj
 0001:00003c30       __CRT_INIT@12              10004c30 f   MSVCRTD:dll_dllmain.obj
 0001:00003c50       __DllMainCRTStartup@12     10004c50 f   MSVCRTD:dll_dllmain.obj
 0001:00003d30       ?_RTC_AllocaFailure@@YAXPAXPAU_RTC_ALLOCA_NODE@@H@Z 10004d30 f   MSVCRTD:error.obj
 0001:00003e50       ?_RTC_Failure@@YAXPAXH@Z   10004e50 f   MSVCRTD:error.obj
 0001:00003ec0       ?_RTC_StackFailure@@YAXPAXPBD@Z 10004ec0 f   MSVCRTD:error.obj
 0001:00004370       __RTC_UninitUse            10005370 f   MSVCRTD:error.obj
 0001:00004450       ___local_stdio_printf_options 10005450 f i MSVCRTD:error.obj
 0001:00004460       __vsprintf_s_l             10005460 f i MSVCRTD:error.obj
 0001:000044a0       _sprintf_s                 100054a0 f i MSVCRTD:error.obj
 0001:000044d0       ___raise_securityfailure   100054d0 f   MSVCRTD:gs_report.obj
 0001:00004510       ___report_gsfailure        10005510 f   MSVCRTD:gs_report.obj
 0001:00004660       ___report_rangecheckfailure 10005660 f   MSVCRTD:gs_report.obj
 0001:00004670       ___report_securityfailure  10005670 f   MSVCRTD:gs_report.obj
 0001:00004780       ___report_securityfailureEx 10005780 f   MSVCRTD:gs_report.obj
 0001:000048f0       ?_RTC_GetErrorFunc@@YAP6AHHPBDH00ZZPBX@Z 100058f0 f   MSVCRTD:userapi.obj
 0001:00004900       ?_RTC_GetErrorFuncW@@YAP6AHHPB_WH00ZZPBX@Z 10005900 f   MSVCRTD:userapi.obj
 0001:00004910       __RTC_GetErrDesc           10005910 f   MSVCRTD:userapi.obj
 0001:00004930       __RTC_NumErrors            10005930 f   MSVCRTD:userapi.obj
 0001:00004940       __RTC_SetErrorFunc         10005940 f   MSVCRTD:userapi.obj
 0001:00004970       __RTC_SetErrorFuncW        10005970 f   MSVCRTD:userapi.obj
 0001:000049a0       __RTC_SetErrorType         100059a0 f   MSVCRTD:userapi.obj
 0001:00004a60       ___security_init_cookie    10005a60 f   MSVCRTD:gs_support.obj
 0001:00004b00       ?__scrt_initialize_type_info@@YAXXZ 10005b00 f   MSVCRTD:tncleanup.obj
 0001:00004b20       ?__scrt_uninitialize_type_info@@YAXXZ 10005b20 f   MSVCRTD:tncleanup.obj
 0001:00004b40       ___local_stdio_scanf_options 10005b40 f i MSVCRTD:default_local_stdio_options.obj
 0001:00004b50       ___scrt_initialize_default_local_stdio_options 10005b50 f   MSVCRTD:default_local_stdio_options.obj
 0001:00004ba0       ?configure_argv@__scrt_narrow_argv_policy@@SAHXZ 10005ba0 f i MSVCRTD:utility.obj
 0001:00004c70       ?initialize_environment@__scrt_narrow_environment_policy@@SAHXZ 10005c70 f i MSVCRTD:utility.obj
 0001:00004d10       _NtCurrentTeb              10005d10 f i MSVCRTD:utility.obj
 0001:00004d20       ___scrt_acquire_startup_lock 10005d20 f   MSVCRTD:utility.obj
 0001:00004d80       ___scrt_dllmain_after_initialize_c 10005d80 f   MSVCRTD:utility.obj
 0001:00004dc0       ___scrt_dllmain_before_initialize_c 10005dc0 f   MSVCRTD:utility.obj
 0001:00004df0       ___scrt_dllmain_crt_thread_attach 10005df0 f   MSVCRTD:utility.obj
 0001:00004e30       ___scrt_dllmain_crt_thread_detach 10005e30 f   MSVCRTD:utility.obj
 0001:00004e50       ___scrt_dllmain_exception_filter 10005e50 f   MSVCRTD:utility.obj
 0001:00004eb0       ___scrt_dllmain_uninitialize_c 10005eb0 f   MSVCRTD:utility.obj
 0001:00004ef0       ___scrt_dllmain_uninitialize_critical 10005ef0 f   MSVCRTD:utility.obj
 0001:00004f10       ___scrt_initialize_crt     10005f10 f   MSVCRTD:utility.obj
 0001:00004f70       ___scrt_initialize_onexit_tables 10005f70 f   MSVCRTD:utility.obj
 0001:00005080       ___scrt_is_nonwritable_in_current_image 10006080 f   MSVCRTD:utility.obj
 0001:00005200       ___scrt_release_startup_lock 10006200 f   MSVCRTD:utility.obj
 0001:00005230       ___scrt_uninitialize_crt   10006230 f   MSVCRTD:utility.obj
 0001:00005280       __onexit                   10006280 f   MSVCRTD:utility.obj
 0001:00005300       _at_quick_exit             10006300 f   MSVCRTD:utility.obj
 0001:00005350       _atexit                    10006350 f   MSVCRTD:utility.obj
 0001:00005390       ___scrt_get_dyn_tls_init_callback 10006390 f   MSVCRTD:dyn_tls_init.obj
 0001:000053a0       ___scrt_fastfail           100063a0 f   MSVCRTD:utility_desktop.obj
 0001:00005530       ___scrt_get_show_window_mode 10006530 f   MSVCRTD:utility_desktop.obj
 0001:00005580       ___scrt_initialize_mta     10006580 f   MSVCRTD:utility_desktop.obj
 0001:00005590       ___scrt_initialize_winrt   10006590 f   MSVCRTD:utility_desktop.obj
 0001:000055a0       ___scrt_is_managed_app     100065a0 f   MSVCRTD:utility_desktop.obj
 0001:00005650       ___scrt_set_unhandled_exception_filter 10006650 f   MSVCRTD:utility_desktop.obj
 0001:00005670       ___scrt_exe_initialize_mta 10006670 f   MSVCRTD:utility_desktop.obj
 0001:00005670       ___scrt_stub_for_initialize_mta 10006670 f   MSVCRTD:utility_desktop.obj
 0001:00005680       ___scrt_unhandled_exception_filter@4 10006680 f   MSVCRTD:utility_desktop.obj
 0001:00005720       __crt_debugger_hook        10006720 f   MSVCRTD:utility_desktop.obj
 0001:00005740       __RTC_Initialize           10006740 f   MSVCRTD:initsect.obj
 0001:00005780       __RTC_Terminate            10006780 f   MSVCRTD:initsect.obj
 0001:000057c0       __except_handler4          100067c0 f   MSVCRTD:chandler4gs.obj
 0001:00005810       @_guard_check_icall_nop@4  10006810 f i MSVCRTD:guard_support.obj
 0001:00005820       _ReadNoFence               10006820 f i MSVCRTD:guard_support.obj
 0001:00005840       _ReadPointerNoFence        10006840 f i MSVCRTD:guard_support.obj
 0001:00005860       ___castguard_check_failure_debugbreak 10006860 f i MSVCRTD:guard_support.obj
 0001:00005880       ___castguard_check_failure_fastfail 10006880 f i MSVCRTD:guard_support.obj
 0001:000058b0       ___castguard_check_failure_nop 100068b0 f i MSVCRTD:guard_support.obj
 0001:000058c0       ___castguard_check_failure_os_handled 100068c0 f i MSVCRTD:guard_support.obj
 0001:00005970       ___castguard_slow_path_check_debugbreak 10006970 f i MSVCRTD:guard_support.obj
 0001:000059b0       ___castguard_slow_path_check_fastfail 100069b0 f i MSVCRTD:guard_support.obj
 0001:00005a00       ___castguard_slow_path_check_nop 10006a00 f i MSVCRTD:guard_support.obj
 0001:00005a10       ___castguard_slow_path_check_os_handled 10006a10 f i MSVCRTD:guard_support.obj
 0001:00005ab0       __guard_icall_checks_enforced 10006ab0 f i MSVCRTD:guard_support.obj
 0001:00006090       ?_RTC_GetSrcLine@@YAHPAEPA_WKPAH1K@Z 10007090 f   MSVCRTD:pdblkup.obj
 0001:000064f0       __except_handler4_noexcept 100074f0 f   MSVCRTD:chandler4_noexcept.obj
 0001:00006570       ___isa_available_init      10007570 f   MSVCRTD:cpu_disp.obj
 0001:00006970       __get_startup_argv_mode    10007970 f   MSVCRTD:argv_mode.obj
 0001:00006980       ___scrt_is_ucrt_dll_in_use 10007980 f   MSVCRTD:ucrt_detection.obj
 0001:000069ad       ___std_type_info_destroy_list 100079ad f   vcruntimed:VCRUNTIME140D.dll
 0001:000069b3       ___current_exception       100079b3 f   vcruntimed:VCRUNTIME140D.dll
 0001:000069b9       ___current_exception_context 100079b9 f   vcruntimed:VCRUNTIME140D.dll
 0001:000069bf       _memset                    100079bf f   vcruntimed:VCRUNTIME140D.dll
 0001:000069c5       __except_handler4_common   100079c5 f   vcruntimed:VCRUNTIME140D.dll
 0001:000069cb       ___vcrt_GetModuleFileNameW 100079cb f   vcruntimed:VCRUNTIME140D.dll
 0001:000069d1       ___vcrt_GetModuleHandleW   100079d1 f   vcruntimed:VCRUNTIME140D.dll
 0001:000069d7       ___vcrt_LoadLibraryExW     100079d7 f   vcruntimed:VCRUNTIME140D.dll
 0001:000069dd       _strcpy                    100079dd f   ucrtd:ucrtbased.dll
 0001:000069e3       __wassert                  100079e3 f   ucrtd:ucrtbased.dll
 0001:000069e9       __CrtDbgReport             100079e9 f   ucrtd:ucrtbased.dll
 0001:000069ef       __CrtDbgReportW            100079ef f   ucrtd:ucrtbased.dll
 0001:000069f5       __initterm                 100079f5 f   ucrtd:ucrtbased.dll
 0001:000069fb       __initterm_e               100079fb f   ucrtd:ucrtbased.dll
 0001:00006a01       _strcpy_s                  10007a01 f   ucrtd:ucrtbased.dll
 0001:00006a07       _strcat_s                  10007a07 f   ucrtd:ucrtbased.dll
 0001:00006a0d       ___stdio_common_vsprintf_s 10007a0d f   ucrtd:ucrtbased.dll
 0001:00006a13       __seh_filter_dll           10007a13 f   ucrtd:ucrtbased.dll
 0001:00006a19       __configure_narrow_argv    10007a19 f   ucrtd:ucrtbased.dll
 0001:00006a1f       __initialize_narrow_environment 10007a1f f   ucrtd:ucrtbased.dll
 0001:00006a25       __initialize_onexit_table  10007a25 f   ucrtd:ucrtbased.dll
 0001:00006a2b       __register_onexit_function 10007a2b f   ucrtd:ucrtbased.dll
 0001:00006a31       __execute_onexit_table     10007a31 f   ucrtd:ucrtbased.dll
 0001:00006a37       __crt_atexit               10007a37 f   ucrtd:ucrtbased.dll
 0001:00006a3d       __crt_at_quick_exit        10007a3d f   ucrtd:ucrtbased.dll
 0001:00006a43       __cexit                    10007a43 f   ucrtd:ucrtbased.dll
 0001:00006a49       _terminate                 10007a49 f   ucrtd:ucrtbased.dll
 0001:00006a4f       __wmakepath_s              10007a4f f   ucrtd:ucrtbased.dll
 0001:00006a55       __wsplitpath_s             10007a55 f   ucrtd:ucrtbased.dll
 0001:00006a5b       _wcscpy_s                  10007a5b f   ucrtd:ucrtbased.dll
 0001:00006a61       _IsDebuggerPresent@0       10007a61 f   kernel32:KERNEL32.dll
 0001:00006a67       _RaiseException@16         10007a67 f   kernel32:KERNEL32.dll
 0001:00006a6d       _MultiByteToWideChar@24    10007a6d f   kernel32:KERNEL32.dll
 0001:00006a73       _WideCharToMultiByte@32    10007a73 f   kernel32:KERNEL32.dll
 0001:00006a79       _UnhandledExceptionFilter@4 10007a79 f   kernel32:KERNEL32.dll
 0001:00006a7f       _SetUnhandledExceptionFilter@4 10007a7f f   kernel32:KERNEL32.dll
 0001:00006a85       _GetCurrentProcess@0       10007a85 f   kernel32:KERNEL32.dll
 0001:00006a8b       _TerminateProcess@8        10007a8b f   kernel32:KERNEL32.dll
 0001:00006a91       _IsProcessorFeaturePresent@4 10007a91 f   kernel32:KERNEL32.dll
 0001:00006a97       _QueryPerformanceCounter@4 10007a97 f   kernel32:KERNEL32.dll
 0001:00006a9d       _GetCurrentProcessId@0     10007a9d f   kernel32:KERNEL32.dll
 0001:00006aa3       _GetCurrentThreadId@0      10007aa3 f   kernel32:KERNEL32.dll
 0001:00006aa9       _GetSystemTimeAsFileTime@4 10007aa9 f   kernel32:KERNEL32.dll
 0001:00006aaf       _InitializeSListHead@4     10007aaf f   kernel32:KERNEL32.dll
 0001:00006ab5       _GetStartupInfoW@4         10007ab5 f   kernel32:KERNEL32.dll
 0001:00006abb       _GetModuleHandleW@4        10007abb f   kernel32:KERNEL32.dll
 0001:00006ac1       _GetLastError@0            10007ac1 f   kernel32:KERNEL32.dll
 0001:00006ac7       _HeapAlloc@12              10007ac7 f   kernel32:KERNEL32.dll
 0001:00006acd       _HeapFree@12               10007acd f   kernel32:KERNEL32.dll
 0001:00006ad3       _GetProcessHeap@0          10007ad3 f   kernel32:KERNEL32.dll
 0001:00006ad9       _VirtualQuery@12           10007ad9 f   kernel32:KERNEL32.dll
 0001:00006adf       _FreeLibrary@4             10007adf f   kernel32:KERNEL32.dll
 0001:00006ae5       _GetProcAddress@8          10007ae5 f   kernel32:KERNEL32.dll
 0001:00006af0       ___acrt_initialize         10007af0 f   MSVCRTD:ucrt_stubs.obj
 0001:00006af0       ___scrt_stub_for_acrt_initialize 10007af0 f   MSVCRTD:ucrt_stubs.obj
 0001:00006af0       ___vcrt_initialize         10007af0 f   MSVCRTD:ucrt_stubs.obj
 0001:00006b00       ___acrt_thread_attach      10007b00 f   MSVCRTD:ucrt_stubs.obj
 0001:00006b00       ___scrt_stub_for_acrt_thread_attach 10007b00 f   MSVCRTD:ucrt_stubs.obj
 0001:00006b00       ___vcrt_thread_attach      10007b00 f   MSVCRTD:ucrt_stubs.obj
 0001:00006b10       ___acrt_thread_detach      10007b10 f   MSVCRTD:ucrt_stubs.obj
 0001:00006b10       ___scrt_stub_for_acrt_thread_detach 10007b10 f   MSVCRTD:ucrt_stubs.obj
 0001:00006b10       ___vcrt_thread_detach      10007b10 f   MSVCRTD:ucrt_stubs.obj
 0001:00006b20       ___acrt_uninitialize       10007b20 f   MSVCRTD:ucrt_stubs.obj
 0001:00006b20       ___scrt_stub_for_acrt_uninitialize 10007b20 f   MSVCRTD:ucrt_stubs.obj
 0001:00006b20       ___vcrt_uninitialize       10007b20 f   MSVCRTD:ucrt_stubs.obj
 0001:00006b30       ___acrt_uninitialize_critical 10007b30 f   MSVCRTD:ucrt_stubs.obj
 0001:00006b30       ___scrt_stub_for_acrt_uninitialize_critical 10007b30 f   MSVCRTD:ucrt_stubs.obj
 0001:00006b30       ___vcrt_uninitialize_critical 10007b30 f   MSVCRTD:ucrt_stubs.obj
 0001:00006b40       ___scrt_stub_for_is_c_termination_complete 10007b40 f   MSVCRTD:ucrt_stubs.obj
 0001:00006b40       __is_c_termination_complete 10007b40 f   MSVCRTD:ucrt_stubs.obj
 0001:00006b50       __filter_x86_sse2_floating_point_exception 10007b50 f   MSVCRTD:x86_exception_filter.obj
 0001:00006b50       __filter_x86_sse2_floating_point_exception_default 10007b50 f   MSVCRTD:x86_exception_filter.obj
 0002:00000000       ___xc_a                    1000a000     MSVCRTD:initializers.obj
 0002:00000104       ___xc_z                    1000a104     MSVCRTD:initializers.obj
 0002:00000208       ___xi_a                    1000a208     MSVCRTD:initializers.obj
 0002:0000030c       ___xi_z                    1000a30c     MSVCRTD:initializers.obj
 0002:00000410       ___xp_a                    1000a410     MSVCRTD:initializers.obj
 0002:00000514       ___xp_z                    1000a514     MSVCRTD:initializers.obj
 0002:00000618       ___xt_a                    1000a618     MSVCRTD:initializers.obj
 0002:0000071c       ___xt_z                    1000a71c     MSVCRTD:initializers.obj
 0002:00000820       ??_C@_1LI@OFGKJMFI@?$AAD?$AA?3?$AA?2?$AAG?$AAe?$AAn?$AAe?$AAs?$AAi?$AAs?$AA?5?$AAa?$AAn?$AAd?$AA?5@ 1000a820     ModelObject.obj
 0002:000008fc       ??_C@_1CE@FBLKGNMA@?$AAh?$AAI?$AAn?$AAs?$AAt?$AAa?$AAn?$AAc?$AAe?$AA?5?$AA?$CB?$AA?$DN?$AA?5?$AAN?$AAU@ 1000a8fc     ModelObject.obj
 0002:00000928       ??_C@_1BA@DPBAOGCM@?$AAI?$AAD?$AA?5?$AA?$DO?$AA?$DN?$AA?5?$AA0@ 1000a928     ModelObject.obj
 0002:0000093b       ??_C@_00CNPNBAHC@@         1000a93b     ModelObject.obj
 0002:00000940       ??_C@_0FM@OLLCNFEK@D?3?2Genesis?5and?5Jet3d?2JSTUDIO_CL@ 1000a940     ModelObject.obj
 0002:000009b0       ??_C@_0BJ@MPKGEGGM@JE_ERR_INTERNAL_RESOURCE@ 1000a9b0     ModelObject.obj
 0002:000009d0       ??_C@_0BH@KIBLNGDK@JE_ERR_MEMORY_RESOURCE@ 1000a9d0     ModelObject.obj
 0002:000009ec       ??_C@_1BO@BHCPKDDC@?$AAp?$AAB?$AAr?$AAu?$AAs?$AAh?$AA?5?$AA?$CB?$AA?$DN?$AA?5?$AAN?$AAU?$AAL?$AAL@ 1000a9ec     ModelObject.obj
 0002:00000a10       ??_C@_1CA@PELENM@?$AAp?$AAE?$AAx?$AAt?$AAB?$AAo?$AAx?$AA?5?$AA?$CB?$AA?$DN?$AA?5?$AAN?$AAU?$AAL?$AAL@ 1000aa10     ModelObject.obj
 0002:00000a38       ??_C@_1BC@LDHKIAE@?$AAI?$AAn?$AAs?$AAt?$AAa?$AAn?$AAc?$AAe@ 1000aa38     ModelObject.obj
 0002:00000a50       ??_C@_1BE@KMDLKHPM@?$AAp?$AAI?$AAn?$AAs?$AAt?$AAa?$AAn?$AAc?$AAe@ 1000aa50     ModelObject.obj
 0002:00000a68       ??_C@_1DG@KBGOIHPE@?$AAp?$AAM?$AAo?$AAd?$AAe?$AAl?$AAI?$AAn?$AAs?$AAt?$AAa?$AAn?$AAc?$AAe?$AA?9@ 1000aa68     ModelObject.obj
 0002:00000aa8       ??_C@_1O@IJCDOAJL@?$AAp?$AAW?$AAo?$AAr?$AAl?$AAd@ 1000aaa8     ModelObject.obj
 0002:00000ab8       ??_C@_1O@PFKPDBEB@?$AAF?$AAA?$AAr?$AAr?$AAa?$AAy@ 1000aab8     ModelObject.obj
 0002:00000ac8       ??_C@_1O@LKJHAKKM@?$AAM?$AAA?$AAr?$AAr?$AAa?$AAy@ 1000aac8     ModelObject.obj
 0002:00000ad8       ??_C@_1O@CIIGLPOH@?$AAL?$AAC?$AAh?$AAa?$AAi?$AAn@ 1000aad8     ModelObject.obj
 0002:00000ae8       ??_C@_1BA@OPMJDHAI@?$AAD?$AAL?$AAC?$AAh?$AAa?$AAi?$AAn@ 1000aae8     ModelObject.obj
 0002:00000afc       ??_C@_1O@OIKEGNDA@?$AAE?$AAn?$AAg?$AAi?$AAn?$AAe@ 1000aafc     ModelObject.obj
 0002:00000b0c       ??_C@_0BP@PCADAOJO@ModelObject_CreateFromFile?3Tag@ 1000ab0c     ModelObject.obj
 0002:00000b34       ??_C@_0BD@ENGKCHBG@JE_ERR_FILEIO_READ@ 1000ab34     ModelObject.obj
 0002:00000b4c       ??_C@_0CD@IKEHCDIK@ModelObject_CreateFromFile?3Vers@ 1000ab4c     ModelObject.obj
 0002:00000b78       ??_C@_0BH@LBNEAED@jeModel_CreateFromFile@ 1000ab78     ModelObject.obj
 0002:00000b94       ??_C@_0CD@HLIMBAAC@END?3?5ModelObject_CreateFromFile@ 1000ab94     ModelObject.obj
 0002:00000bc0       ??_C@_0CF@MPGFFMNP@ERROR?3?5ModelObject_CreateFromFi@ 1000abc0     ModelObject.obj
 0002:00000bec       ??_C@_0BM@FPEIALJJ@ModelObject_WriteToFile?3Tag@ 1000abec     ModelObject.obj
 0002:00000c10       ??_C@_0BE@CCAIDFII@JE_ERR_FILEIO_WRITE@ 1000ac10     ModelObject.obj
 0002:00000c28       ??_C@_0CG@GKMACAK@ModelObject_WriteToFile?3Version@ 1000ac28     ModelObject.obj
 0002:00000c58       ??_C@_0BE@CFJOLNEP@jeModel_WriteToFile@ 1000ac58     ModelObject.obj
 0002:00000c70       ??_C@_0CF@OIILMLFJ@GetPropertyList?3jeProperty_Fill@ 1000ac70     ModelObject.obj
 0002:00000c9c       ??_C@_0BJ@EGNAMMON@JE_ERR_SUBSYSTEM_FAILURE@ 1000ac9c     ModelObject.obj
 0002:00000cbc       ??_C@_0CH@DIGLNKKL@GetPropertyList?3Util_LoadLibrar@ 1000acbc     ModelObject.obj
 0002:00000cec       ??_C@_0CJ@KGLGEAHM@GetPropertyList?3jeProperty_Fill@ 1000acec     ModelObject.obj
 0002:00000d20       ??_C@_0CI@NOBLKBHM@GetPropertyList?3jeProperty_Fill@ 1000ad20     ModelObject.obj
 0002:00000d50       ??_C@_1CO@JIKMMLJK@?$AAp?$AAM?$AAo?$AAd?$AAe?$AAl?$AAI?$AAn?$AAs?$AAt?$AAa?$AAn?$AAc?$AAe?$AA?9@ 1000ad50     ModelObject.obj
 0002:00000d88       ??_C@_19IEEMEPMH@?$AAD?$AAa?$AAt?$AAa@ 1000ad88     ModelObject.obj
 0002:00000d94       __real@3f800000            1000ad94     ModelObject.obj
 0002:00000d98       __real@bf800000            1000ad98     ModelObject.obj
 0002:00000d9c       ??_C@_05NFIJOKEG@Model@    1000ad9c     ObjectDef.obj
 0002:00000da4       __real@3f051eb8            1000ada4     ObjectDef.obj
 0002:00000da8       __pDefaultRawDllMain       1000ada8     MSVCRTD:dll_dllmain.obj
 0002:00000da8       __pRawDllMain              1000ada8     MSVCRTD:dll_dllmain.obj
 0002:00000e68       ??_C@_0NN@JMPELKLB@The?5value?5of?5ESP?5was?5not?5proper@ 1000ae68     MSVCRTD:error.obj
 0002:00000f78       ??_C@_0BBN@ELNNILBE@A?5cast?5to?5a?5smaller?5data?5type?5h@ 1000af78     MSVCRTD:error.obj
 0002:000010d0       ??_C@_0BN@BPOGFMJL@Stack?5memory?5was?5corrupted?$AN?6@ 1000b0d0     MSVCRTD:error.obj
 0002:000010f4       ??_C@_0DG@DAJCDLPN@A?5local?5variable?5was?5used?5befor@ 1000b0f4     MSVCRTD:error.obj
 0002:00001134       ??_C@_0CM@JMIDGKLA@Stack?5memory?5around?5_alloca?5was@ 1000b134     MSVCRTD:error.obj
 0002:00001168       ??_C@_0BO@CHIONIOI@Unknown?5Runtime?5Check?5Error?$AN?6@ 1000b168     MSVCRTD:error.obj
 0002:00001190       ??_C@_1GM@CNOOJIHC@?$AAR?$AAu?$AAn?$AAt?$AAi?$AAm?$AAe?$AA?5?$AAC?$AAh?$AAe?$AAc?$AAk?$AA?5?$AAE@ 1000b190     MSVCRTD:error.obj
 0002:00001218       ??_C@_1EA@NFKNIFJP@?$AAR?$AAu?$AAn?$AA?9?$AAT?$AAi?$AAm?$AAe?$AA?5?$AAC?$AAh?$AAe?$AAc?$AAk?$AA?5@ 1000b218     MSVCRTD:error.obj
 0002:00001264       ??_C@_0BB@PFFGGCJP@Unknown?5Filename@ 1000b264     MSVCRTD:error.obj
 0002:00001278       ??_C@_0BE@GNBOBNCK@Unknown?5Module?5Name@ 1000b278     MSVCRTD:error.obj
 0002:00001290       ??_C@_0CA@IODNCDPG@Run?9Time?5Check?5Failure?5?$CD?$CFd?5?9?5?$CFs@ 1000b290     MSVCRTD:error.obj
 0002:000012b8       ??_C@_0CG@IAFNJNEE@Stack?5corrupted?5near?5unknown?5va@ 1000b2b8     MSVCRTD:error.obj
 0002:000012e8       ??_C@_05MKKEDADM@?$CF?42X?5@ 1000b2e8     MSVCRTD:error.obj
 0002:000012f0       ??_C@_0EJ@LJKNEOLN@Stack?5area?5around?5_alloca?5memor@ 1000b2f0     MSVCRTD:error.obj
 0002:00001348       ??_C@_01EEMJAFIK@?6@       1000b348     MSVCRTD:error.obj
 0002:0000134c       ??_C@_02LLMPMKNF@?$DO?5@   1000b34c     MSVCRTD:error.obj
 0002:00001350       ??_C@_08OMAHNMHJ@?6Data?3?5?$DM@ 1000b350     MSVCRTD:error.obj
 0002:0000135c       ??_C@_0CK@DKGBICFE@?6Allocation?5number?5within?5this?5@ 1000b35c     MSVCRTD:error.obj
 0002:00001390       ??_C@_07DFDJCKFN@?6Size?3?5@ 1000b390     MSVCRTD:error.obj
 0002:0000139c       ??_C@_0N@MHFFIMFG@?6Address?3?50x@ 1000b39c     MSVCRTD:error.obj
 0002:000013b0       ??_C@_0EI@CLEPFNGI@Stack?5area?5around?5_alloca?5memor@ 1000b3b0     MSVCRTD:error.obj
 0002:00001408       ??_C@_0BK@ODNDAGKB@?$CFs?$CFs?$CFp?$CFs?$CFzd?$CFs?$CFd?$CFs?$CFs?$CFs?$CFs?$CFs@ 1000b408     MSVCRTD:error.obj
 0002:00001428       ??_C@_0DE@OHJBPMBP@A?5variable?5is?5being?5used?5withou@ 1000b428     MSVCRTD:error.obj
 0002:0000148c       ??_C@_0BJ@HEGAHDFO@Stack?5pointer?5corruption@ 1000b48c     MSVCRTD:userapi.obj
 0002:000014ac       ??_C@_0CK@FEGOIOPB@Cast?5to?5smaller?5type?5causing?5lo@ 1000b4ac     MSVCRTD:userapi.obj
 0002:000014e0       ??_C@_0BI@CIGMDCBH@Stack?5memory?5corruption@ 1000b4e0     MSVCRTD:userapi.obj
 0002:000014fc       ??_C@_0CK@CNLNOEPB@Local?5variable?5used?5before?5init@ 1000b4fc     MSVCRTD:userapi.obj
 0002:00001530       ??_C@_0BP@OGBCLIBO@Stack?5around?5_alloca?5corrupted@ 1000b530     MSVCRTD:userapi.obj
 0002:000015b0       ??_C@_1EI@MLPKHBGE@?$AAa?$AAp?$AAi?$AA?9?$AAm?$AAs?$AA?9?$AAw?$AAi?$AAn?$AA?9?$AAc?$AAo?$AAr?$AAe@ 1000b5b0     MSVCRTD:pdblkup.obj
 0002:00001608       ??_C@_1BK@JHLNAEJL@?$AAa?$AAd?$AAv?$AAa?$AAp?$AAi?$AA3?$AA2?$AA?4?$AAd?$AAl?$AAl@ 1000b608     MSVCRTD:pdblkup.obj
 0002:00001628       ??_C@_0O@COHOBMLB@RegOpenKeyExW@ 1000b628     MSVCRTD:pdblkup.obj
 0002:00001638       ??_C@_0BB@GLNAEDBD@RegQueryValueExW@ 1000b638     MSVCRTD:pdblkup.obj
 0002:0000164c       ??_C@_0M@HLOHPNFA@RegCloseKey@ 1000b64c     MSVCRTD:pdblkup.obj
 0002:00001660       ??_C@_1HE@EBEAGLFB@?$AAS?$AAO?$AAF?$AAT?$AAW?$AAA?$AAR?$AAE?$AA?2?$AAW?$AAo?$AAw?$AA6?$AA4?$AA3@ 1000b660     MSVCRTD:pdblkup.obj
 0002:000016ec       ??_C@_1BG@EABPBLLF@?$AAP?$AAr?$AAo?$AAd?$AAu?$AAc?$AAt?$AAD?$AAi?$AAr@ 1000b6ec     MSVCRTD:pdblkup.obj
 0002:0000172c       ??_C@_1BC@JINFINNJ@?$AAM?$AAS?$AAP?$AAD?$AAB?$AA1?$AA4?$AA0@ 1000b72c     MSVCRTD:pdblkup.obj
 0002:00001744       ??_C@_0BB@KCIACLNC@PDBOpenValidate5@ 1000b744     MSVCRTD:pdblkup.obj
 0002:00001758       ??_C@_01KDCPPGHE@r@        1000b758     MSVCRTD:pdblkup.obj
 0002:00001760       __load_config_used         1000b760     MSVCRTD:loadcfg.obj
 0002:00001a00       ___CastGuardVftablesStart  1000ba00     MSVCRTD:guard_support.obj
 0002:00001b80       ___CastGuardVftablesEnd    1000bb80     MSVCRTD:guard_support.obj
 0002:00001ccc       ___safe_se_handler_table   1000bccc     <linker-defined>
 0002:00001f7c       ___rtc_iaa                 1000bf7c     MSVCRTD:initsect.obj
 0002:0000218c       ___rtc_izz                 1000c18c     MSVCRTD:initsect.obj
 0002:00002290       ___rtc_taa                 1000c290     MSVCRTD:initsect.obj
 0002:000024a0       ___rtc_tzz                 1000c4a0     MSVCRTD:initsect.obj
 0003:00000000       ?__LINE__Var@?0??Util_LoadLibraryString@@9@9 1000d000     ModelObject.obj
 0003:00000004       ?__LINE__Var@?0??BrushExtBox@@9@9 1000d004     ModelObject.obj
 0003:00000008       ?__LINE__Var@?0??CreateInstance@@9@9 1000d008     ModelObject.obj
 0003:0000000c       ?__LINE__Var@?0??CreateRef@@9@9 1000d00c     ModelObject.obj
 0003:00000010       ?__LINE__Var@?0??Destroy@@9@9 1000d010     ModelObject.obj
 0003:00000014       ?__LINE__Var@?0??AttachWorld@@9@9 1000d014     ModelObject.obj
 0003:00000018       ?__LINE__Var@?0??DettachWorld@@9@9 1000d018     ModelObject.obj
 0003:0000001c       ?__LINE__Var@?0??AttachEngine@@9@9 1000d01c     ModelObject.obj
 0003:00000020       ?__LINE__Var@?0??DettachEngine@@9@9 1000d020     ModelObject.obj
 0003:00000024       ?__LINE__Var@?0??Collision@@9@9 1000d024     ModelObject.obj
 0003:00000028       ?__LINE__Var@?0??CreateFromFile@@9@9 1000d028     ModelObject.obj
 0003:0000002c       ?__LINE__Var@?0??WriteToFile@@9@9 1000d02c     ModelObject.obj
 0003:00000030       ?__LINE__Var@?0??GetPropertyList@@9@9 1000d030     ModelObject.obj
 0003:00000034       ?__LINE__Var@?0??SetProperty@@9@9 1000d034     ModelObject.obj
 0003:00000038       ?__LINE__Var@?0??SetXForm@@9@9 1000d038     ModelObject.obj
 0003:0000003c       ?__LINE__Var@?0??GetXForm@@9@9 1000d03c     ModelObject.obj
 0003:00000040       ?__LINE__Var@?0??AddChild@@9@9 1000d040     ModelObject.obj
 0003:00000044       ?__LINE__Var@?0??RemoveChild@@9@9 1000d044     ModelObject.obj
 0003:00000048       ?__LINE__Var@?0??SendModelMessage@@9@9 1000d048     ModelObject.obj
 0003:0000004c       ?__LINE__Var@?0??ChangeBoxCollision@@9@9 1000d04c     ModelObject.obj
 0003:00000050       _ObjectDef                 1000d050     ObjectDef.obj
 0003:000000f4       ___security_cookie         1000d0f4     MSVCRTD:gs_cookie.obj
 0003:000000f8       ___security_cookie_complement 1000d0f8     MSVCRTD:gs_cookie.obj
 0003:00000100       __fltused                  1000d100     MSVCRTD:fltused.obj
 0003:00000104       ?_RTC_ErrorLevels@@3PAHA   1000d104     MSVCRTD:error.obj
 0003:0000011c       ___scrt_native_dllmain_reason 1000d11c     MSVCRTD:utility.obj
 0003:00000120       ___isa_enabled             1000d120     MSVCRTD:cpu_disp.obj
 0003:00000124       ___scrt_ucrt_dll_is_in_use 1000d124     MSVCRTD:ucrt_stubs.obj
 0003:00000378       ?_OptionsStorage@?1??__local_stdio_printf_options@@9@4_KA 1000d378     MSVCRTD:error.obj
 0003:00000750       ?__type_info_root_node@@3U__type_info_node@@A 1000d750     MSVCRTD:tncleanup.obj
 0003:00000760       ?_OptionsStorage@?1??__local_stdio_scanf_options@@9@4_KA 1000d760     MSVCRTD:default_local_stdio_options.obj
 0003:0000076c       ___scrt_current_native_startup_state 1000d76c     MSVCRTD:utility.obj
 0003:00000770       ___scrt_native_startup_lock 1000d770     MSVCRTD:utility.obj
 0003:00000798       ___scrt_debugger_hook_flag 1000d798     MSVCRTD:utility_desktop.obj
 0003:000007a4       ___isa_available           1000d7a4     MSVCRTD:cpu_disp.obj
 0003:000007a8       ___favor                   1000d7a8     MSVCRTD:cpu_disp.obj
 0003:000007b0       _ghInstance                1000d7b0     <common>
 0003:000007c0       _NameList                  1000d7c0     <common>
 0003:000007cc       ___dyn_tls_init_callback   1000d7cc     <common>
 0004:00000000       __imp__jeVFile_Read@12     1000e000     jet3DClassic11d:Jet3DClassic11d.dll
 0004:00000004       __imp__jeVFile_Write@12    1000e004     jet3DClassic11d:Jet3DClassic11d.dll
 0004:00000008       __imp__jeVFile_Seek@12     1000e008     jet3DClassic11d:Jet3DClassic11d.dll
 0004:0000000c       __imp__jeXForm3d_Copy@8    1000e00c     jet3DClassic11d:Jet3DClassic11d.dll
 0004:00000010       __imp__jeXForm3d_Transform@12 1000e010     jet3DClassic11d:Jet3DClassic11d.dll
 0004:00000014       __imp__jeExtBox_IsValid@4  1000e014     jet3DClassic11d:Jet3DClassic11d.dll
 0004:00000018       __imp__jeExtBox_SetToPoint@8 1000e018     jet3DClassic11d:Jet3DClassic11d.dll
 0004:0000001c       __imp__jeExtBox_ExtendToEnclose@8 1000e01c     jet3DClassic11d:Jet3DClassic11d.dll
 0004:00000020       __imp__jeExtBox_Union@12   1000e020     jet3DClassic11d:Jet3DClassic11d.dll
 0004:00000024       __imp__jeProperty_ListCreate@4 1000e024     jet3DClassic11d:Jet3DClassic11d.dll
 0004:00000028       __imp__jeProperty_Append@8 1000e028     jet3DClassic11d:Jet3DClassic11d.dll
 0004:0000002c       __imp__jeProperty_ListDestroy@4 1000e02c     jet3DClassic11d:Jet3DClassic11d.dll
 0004:00000030       __imp__jeProperty_FillGroup@12 1000e030     jet3DClassic11d:Jet3DClassic11d.dll
 0004:00000034       __imp__jeProperty_FillStaticInt@16 1000e034     jet3DClassic11d:Jet3DClassic11d.dll
 0004:00000038       __imp__jeProperty_FillGroupEnd@8 1000e038     jet3DClassic11d:Jet3DClassic11d.dll
 0004:0000003c       __imp__jeProperty_SetDisabled@8 1000e03c     jet3DClassic11d:Jet3DClassic11d.dll
 0004:00000040       __imp__jeBrush_GetXForm@4  1000e040     jet3DClassic11d:Jet3DClassic11d.dll
 0004:00000044       __imp__jeBrush_GetNextFace@8 1000e044     jet3DClassic11d:Jet3DClassic11d.dll
 0004:00000048       __imp__jeBrush_FaceGetVertCount@4 1000e048     jet3DClassic11d:Jet3DClassic11d.dll
 0004:0000004c       __imp__jeBrush_FaceGetVertByIndex@8 1000e04c     jet3DClassic11d:Jet3DClassic11d.dll
 0004:00000050       __imp__jeLight_GetAttributes@24 1000e050     jet3DClassic11d:Jet3DClassic11d.dll
 0004:00000054       __imp__jeModel_Create@0    1000e054     jet3DClassic11d:Jet3DClassic11d.dll
 0004:00000058       __imp__jeModel_WriteToFile@12 1000e058     jet3DClassic11d:Jet3DClassic11d.dll
 0004:0000005c       __imp__jeModel_CreateFromFile@8 1000e05c     jet3DClassic11d:Jet3DClassic11d.dll
 0004:00000060       __imp__jeModel_Destroy@4   1000e060     jet3DClassic11d:Jet3DClassic11d.dll
 0004:00000064       __imp__jeModel_SetArrays@20 1000e064     jet3DClassic11d:Jet3DClassic11d.dll
 0004:00000068       __imp__jeModel_GetNextBrush@8 1000e068     jet3DClassic11d:Jet3DClassic11d.dll
 0004:0000006c       __imp__jeModel_AddObject@8 1000e06c     jet3DClassic11d:Jet3DClassic11d.dll
 0004:00000070       __imp__jeModel_RemoveObject@8 1000e070     jet3DClassic11d:Jet3DClassic11d.dll
 0004:00000074       __imp__jeModel_RebuildLightsFromPoint@12 1000e074     jet3DClassic11d:Jet3DClassic11d.dll
 0004:00000078       __imp__jeModel_RebuildBSP@16 1000e078     jet3DClassic11d:Jet3DClassic11d.dll
 0004:0000007c       __imp__jeModel_RebuildLights@4 1000e07c     jet3DClassic11d:Jet3DClassic11d.dll
 0004:00000080       __imp__jeModel_SetEngine@8 1000e080     jet3DClassic11d:Jet3DClassic11d.dll
 0004:00000084       __imp__jeModel_SetWorld@8  1000e084     jet3DClassic11d:Jet3DClassic11d.dll
 0004:00000088       __imp__jeModel_Render@12   1000e088     jet3DClassic11d:Jet3DClassic11d.dll
 0004:0000008c       __imp__jeModel_GetBSPDebugInfo@4 1000e08c     jet3DClassic11d:Jet3DClassic11d.dll
 0004:00000090       __imp__jeModel_Collision@24 1000e090     jet3DClassic11d:Jet3DClassic11d.dll
 0004:00000094       __imp__jeModel_ChangeBoxCollision@24 1000e094     jet3DClassic11d:Jet3DClassic11d.dll
 0004:00000098       __imp__jeModel_SetXForm@8  1000e098     jet3DClassic11d:Jet3DClassic11d.dll
 0004:0000009c       __imp__jeModel_GetXForm@4  1000e09c     jet3DClassic11d:Jet3DClassic11d.dll
 0004:000000a0       __imp__jeWorld_GetMaterialArray@4 1000e0a0     jet3DClassic11d:Jet3DClassic11d.dll
 0004:000000a4       __imp__jeWorld_GetFaceInfoArray@4 1000e0a4     jet3DClassic11d:Jet3DClassic11d.dll
 0004:000000a8       __imp__jeWorld_GetLightChain@4 1000e0a8     jet3DClassic11d:Jet3DClassic11d.dll
 0004:000000ac       __imp__jeWorld_GetDLightChain@4 1000e0ac     jet3DClassic11d:Jet3DClassic11d.dll
 0004:000000b0       __imp___jeRam_DebugAllocate@12 1000e0b0     jet3DClassic11d:Jet3DClassic11d.dll
 0004:000000b4       __imp__jeRam_Free_@4       1000e0b4     jet3DClassic11d:Jet3DClassic11d.dll
 0004:000000b8       __imp__jeErrorLog_AddExplicit@24 1000e0b8     jet3DClassic11d:Jet3DClassic11d.dll
 0004:000000bc       __imp__jeObject_RegisterGlobalObjectDef@4 1000e0bc     jet3DClassic11d:Jet3DClassic11d.dll
 0004:000000c0       \177Jet3DClassic11d_NULL_THUNK_DATA 1000e0c0     jet3DClassic11d:Jet3DClassic11d.dll
 0004:00000110       __imp__OutputDebugStringA@4 1000e110     kernel32:KERNEL32.dll
 0004:00000114       __imp__GetModuleFileNameA@12 1000e114     kernel32:KERNEL32.dll
 0004:00000118       __imp__FreeLibrary@4       1000e118     kernel32:KERNEL32.dll
 0004:0000011c       __imp__VirtualQuery@12     1000e11c     kernel32:KERNEL32.dll
 0004:00000120       __imp__GetProcessHeap@0    1000e120     kernel32:KERNEL32.dll
 0004:00000124       __imp__GetProcAddress@8    1000e124     kernel32:KERNEL32.dll
 0004:00000128       __imp__HeapFree@12         1000e128     kernel32:KERNEL32.dll
 0004:0000012c       __imp__HeapAlloc@12        1000e12c     kernel32:KERNEL32.dll
 0004:00000130       __imp__GetLastError@0      1000e130     kernel32:KERNEL32.dll
 0004:00000134       __imp__GetModuleHandleW@4  1000e134     kernel32:KERNEL32.dll
 0004:00000138       __imp__GetStartupInfoW@4   1000e138     kernel32:KERNEL32.dll
 0004:0000013c       __imp__InitializeSListHead@4 1000e13c     kernel32:KERNEL32.dll
 0004:00000140       __imp__GetSystemTimeAsFileTime@4 1000e140     kernel32:KERNEL32.dll
 0004:00000144       __imp__GetCurrentThreadId@0 1000e144     kernel32:KERNEL32.dll
 0004:00000148       __imp__GetCurrentProcessId@0 1000e148     kernel32:KERNEL32.dll
 0004:0000014c       __imp__QueryPerformanceCounter@4 1000e14c     kernel32:KERNEL32.dll
 0004:00000150       __imp__IsProcessorFeaturePresent@4 1000e150     kernel32:KERNEL32.dll
 0004:00000154       __imp__TerminateProcess@8  1000e154     kernel32:KERNEL32.dll
 0004:00000158       __imp__GetCurrentProcess@0 1000e158     kernel32:KERNEL32.dll
 0004:0000015c       __imp__SetUnhandledExceptionFilter@4 1000e15c     kernel32:KERNEL32.dll
 0004:00000160       __imp__UnhandledExceptionFilter@4 1000e160     kernel32:KERNEL32.dll
 0004:00000164       __imp__WideCharToMultiByte@32 1000e164     kernel32:KERNEL32.dll
 0004:00000168       __imp__MultiByteToWideChar@24 1000e168     kernel32:KERNEL32.dll
 0004:0000016c       __imp__RaiseException@16   1000e16c     kernel32:KERNEL32.dll
 0004:00000170       __imp__IsDebuggerPresent@0 1000e170     kernel32:KERNEL32.dll
 0004:00000174       \177KERNEL32_NULL_THUNK_DATA 1000e174     kernel32:KERNEL32.dll
 0004:000001b4       __imp__LoadStringA@16      1000e1b4     user32:USER32.dll
 0004:000001b8       \177USER32_NULL_THUNK_DATA 1000e1b8     user32:USER32.dll
 0004:000001e4       __imp__memset              1000e1e4     vcruntimed:VCRUNTIME140D.dll
 0004:000001e8       __imp____current_exception_context 1000e1e8     vcruntimed:VCRUNTIME140D.dll
 0004:000001ec       __imp____current_exception 1000e1ec     vcruntimed:VCRUNTIME140D.dll
 0004:000001f0       __imp____vcrt_GetModuleFileNameW 1000e1f0     vcruntimed:VCRUNTIME140D.dll
 0004:000001f4       __imp____vcrt_GetModuleHandleW 1000e1f4     vcruntimed:VCRUNTIME140D.dll
 0004:000001f8       __imp____vcrt_LoadLibraryExW 1000e1f8     vcruntimed:VCRUNTIME140D.dll
 0004:000001fc       __imp____std_type_info_destroy_list 1000e1fc     vcruntimed:VCRUNTIME140D.dll
 0004:00000200       __imp___except_handler4_common 1000e200     vcruntimed:VCRUNTIME140D.dll
 0004:00000204       \177VCRUNTIME140D_NULL_THUNK_DATA 1000e204     vcruntimed:VCRUNTIME140D.dll
 0004:00000234       __imp___configure_narrow_argv 1000e234     ucrtd:ucrtbased.dll
 0004:00000238       __imp___seh_filter_dll     1000e238     ucrtd:ucrtbased.dll
 0004:0000023c       __imp____stdio_common_vsprintf_s 1000e23c     ucrtd:ucrtbased.dll
 0004:00000240       __imp__strcat_s            1000e240     ucrtd:ucrtbased.dll
 0004:00000244       __imp___wsplitpath_s       1000e244     ucrtd:ucrtbased.dll
 0004:00000248       __imp___initterm_e         1000e248     ucrtd:ucrtbased.dll
 0004:0000024c       __imp___initterm           1000e24c     ucrtd:ucrtbased.dll
 0004:00000250       __imp___CrtDbgReportW      1000e250     ucrtd:ucrtbased.dll
 0004:00000254       __imp___CrtDbgReport       1000e254     ucrtd:ucrtbased.dll
 0004:00000258       __imp___wassert            1000e258     ucrtd:ucrtbased.dll
 0004:0000025c       __imp__strcpy              1000e25c     ucrtd:ucrtbased.dll
 0004:00000260       __imp__wcscpy_s            1000e260     ucrtd:ucrtbased.dll
 0004:00000264       __imp___wmakepath_s        1000e264     ucrtd:ucrtbased.dll
 0004:00000268       __imp__terminate           1000e268     ucrtd:ucrtbased.dll
 0004:0000026c       __imp___cexit              1000e26c     ucrtd:ucrtbased.dll
 0004:00000270       __imp___crt_at_quick_exit  1000e270     ucrtd:ucrtbased.dll
 0004:00000274       __imp___crt_atexit         1000e274     ucrtd:ucrtbased.dll
 0004:00000278       __imp___execute_onexit_table 1000e278     ucrtd:ucrtbased.dll
 0004:0000027c       __imp___register_onexit_function 1000e27c     ucrtd:ucrtbased.dll
 0004:00000280       __imp___initialize_onexit_table 1000e280     ucrtd:ucrtbased.dll
 0004:00000284       __imp__strcpy_s            1000e284     ucrtd:ucrtbased.dll
 0004:00000288       __imp___initialize_narrow_environment 1000e288     ucrtd:ucrtbased.dll
 0004:0000028c       \177ucrtbased_NULL_THUNK_DATA 1000e28c     ucrtd:ucrtbased.dll
 0004:000002c8       __IMPORT_DESCRIPTOR_Jet3DClassic11d 1000e2c8     jet3DClassic11d:Jet3DClassic11d.dll
 0004:000002dc       __IMPORT_DESCRIPTOR_KERNEL32 1000e2dc     kernel32:KERNEL32.dll
 0004:000002f0       __IMPORT_DESCRIPTOR_USER32 1000e2f0     user32:USER32.dll
 0004:00000304       __IMPORT_DESCRIPTOR_VCRUNTIME140D 1000e304     vcruntimed:VCRUNTIME140D.dll
 0004:00000318       __IMPORT_DESCRIPTOR_ucrtbased 1000e318     ucrtd:ucrtbased.dll
 0004:0000032c       __NULL_IMPORT_DESCRIPTOR   1000e32c     jet3DClassic11d:Jet3DClassic11d.dll
 0005:00000000       ___guard_check_icall_fptr  10010000     MSVCRTD:guard_support.obj
 0005:00000004       ___guard_xfg_check_icall_fptr 10010004     MSVCRTD:guard_support.obj
 0005:00000008       ___castguard_check_failure_os_handled_fptr 10010008     MSVCRTD:guard_support.obj

 entry point at        0001:0000025d

 Static symbols

 0000:fffed000       .debug$S                   10000000     ModelObj.exp
 0000:00000000       _volmd                     10000000     ModelObject.obj
 0000:00000000       _volmd                     10000000     ModelObject.obj
 0000:00000000       _volmd                     10000000     ModelObject.obj
 0000:00000000       _volmd                     10000000     ModelObject.obj
 0000:fffed000       .debug$S                   10000000     jet3DClassic11d:Jet3DClassic11d.dll
 0000:fffed000       .debug$S                   10000000     jet3DClassic11d:Jet3DClassic11d.dll
 0000:fffed000       .debug$S                   10000000     jet3DClassic11d:Jet3DClassic11d.dll
 0000:fffed000       .debug$S                   10000000     jet3DClassic11d:Jet3DClassic11d.dll
 0000:fffed000       .debug$S                   10000000     jet3DClassic11d:Jet3DClassic11d.dll
 0000:fffed000       .debug$S                   10000000     jet3DClassic11d:Jet3DClassic11d.dll
 0000:fffed000       .debug$S                   10000000     jet3DClassic11d:Jet3DClassic11d.dll
 0000:fffed000       .debug$S                   10000000     jet3DClassic11d:Jet3DClassic11d.dll
 0000:fffed000       .debug$S                   10000000     jet3DClassic11d:Jet3DClassic11d.dll
 0000:fffed000       .debug$S                   10000000     jet3DClassic11d:Jet3DClassic11d.dll
 0000:fffed000       .debug$S                   10000000     jet3DClassic11d:Jet3DClassic11d.dll
 0000:fffed000       .debug$S                   10000000     jet3DClassic11d:Jet3DClassic11d.dll
 0000:fffed000       .debug$S                   10000000     jet3DClassic11d:Jet3DClassic11d.dll
 0000:fffed000       .debug$S                   10000000     jet3DClassic11d:Jet3DClassic11d.dll
 0000:fffed000       .debug$S                   10000000     jet3DClassic11d:Jet3DClassic11d.dll
 0000:fffed000       .debug$S                   10000000     jet3DClassic11d:Jet3DClassic11d.dll
 0000:fffed000       .debug$S                   10000000     jet3DClassic11d:Jet3DClassic11d.dll
 0000:fffed000       .debug$S                   10000000     jet3DClassic11d:Jet3DClassic11d.dll
 0000:fffed000       .debug$S                   10000000     jet3DClassic11d:Jet3DClassic11d.dll
 0000:fffed000       .debug$S                   10000000     jet3DClassic11d:Jet3DClassic11d.dll
 0000:fffed000       .debug$S                   10000000     jet3DClassic11d:Jet3DClassic11d.dll
 0000:fffed000       .debug$S                   10000000     jet3DClassic11d:Jet3DClassic11d.dll
 0000:fffed000       .debug$S                   10000000     jet3DClassic11d:Jet3DClassic11d.dll
 0000:fffed000       .debug$S                   10000000     jet3DClassic11d:Jet3DClassic11d.dll
 0000:fffed000       .debug$S                   10000000     jet3DClassic11d:Jet3DClassic11d.dll
 0000:fffed000       .debug$S                   10000000     jet3DClassic11d:Jet3DClassic11d.dll
 0000:fffed000       .debug$S                   10000000     jet3DClassic11d:Jet3DClassic11d.dll
 0000:fffed000       .debug$S                   10000000     jet3DClassic11d:Jet3DClassic11d.dll
 0000:fffed000       .debug$S                   10000000     jet3DClassic11d:Jet3DClassic11d.dll
 0000:fffed000       .debug$S                   10000000     jet3DClassic11d:Jet3DClassic11d.dll
 0000:fffed000       .debug$S                   10000000     jet3DClassic11d:Jet3DClassic11d.dll
 0000:fffed000       .debug$S                   10000000     jet3DClassic11d:Jet3DClassic11d.dll
 0000:fffed000       .debug$S                   10000000     jet3DClassic11d:Jet3DClassic11d.dll
 0000:fffed000       .debug$S                   10000000     jet3DClassic11d:Jet3DClassic11d.dll
 0000:fffed000       .debug$S                   10000000     jet3DClassic11d:Jet3DClassic11d.dll
 0000:fffed000       .debug$S                   10000000     jet3DClassic11d:Jet3DClassic11d.dll
 0000:fffed000       .debug$S                   10000000     jet3DClassic11d:Jet3DClassic11d.dll
 0000:fffed000       .debug$S                   10000000     jet3DClassic11d:Jet3DClassic11d.dll
 0000:fffed000       .debug$S                   10000000     jet3DClassic11d:Jet3DClassic11d.dll
 0000:fffed000       .debug$S                   10000000     jet3DClassic11d:Jet3DClassic11d.dll
 0000:fffed000       .debug$S                   10000000     jet3DClassic11d:Jet3DClassic11d.dll
 0000:fffed000       .debug$S                   10000000     jet3DClassic11d:Jet3DClassic11d.dll
 0000:fffed000       .debug$S                   10000000     jet3DClassic11d:Jet3DClassic11d.dll
 0000:fffed000       .debug$S                   10000000     jet3DClassic11d:Jet3DClassic11d.dll
 0000:fffed000       .debug$S                   10000000     jet3DClassic11d:Jet3DClassic11d.dll
 0000:fffed000       .debug$S                   10000000     jet3DClassic11d:Jet3DClassic11d.dll
 0000:fffed000       .debug$S                   10000000     jet3DClassic11d:Jet3DClassic11d.dll
 0000:fffed000       .debug$S                   10000000     jet3DClassic11d:Jet3DClassic11d.dll
 0000:fffed000       .debug$S                   10000000     ucrtd:ucrtbased.dll
 0000:fffed000       .debug$S                   10000000     ucrtd:ucrtbased.dll
 0000:fffed000       .debug$S                   10000000     ucrtd:ucrtbased.dll
 0000:fffed000       .debug$S                   10000000     ucrtd:ucrtbased.dll
 0000:fffed000       .debug$S                   10000000     ucrtd:ucrtbased.dll
 0000:fffed000       .debug$S                   10000000     ucrtd:ucrtbased.dll
 0000:fffed000       .debug$S                   10000000     ucrtd:ucrtbased.dll
 0000:fffed000       .debug$S                   10000000     ucrtd:ucrtbased.dll
 0000:fffed000       .debug$S                   10000000     ucrtd:ucrtbased.dll
 0000:fffed000       .debug$S                   10000000     ucrtd:ucrtbased.dll
 0000:fffed000       .debug$S                   10000000     ucrtd:ucrtbased.dll
 0000:fffed000       .debug$S                   10000000     ucrtd:ucrtbased.dll
 0000:fffed000       .debug$S                   10000000     ucrtd:ucrtbased.dll
 0000:fffed000       .debug$S                   10000000     ucrtd:ucrtbased.dll
 0000:fffed000       .debug$S                   10000000     ucrtd:ucrtbased.dll
 0000:fffed000       .debug$S                   10000000     ucrtd:ucrtbased.dll
 0000:fffed000       .debug$S                   10000000     ucrtd:ucrtbased.dll
 0000:fffed000       .debug$S                   10000000     ucrtd:ucrtbased.dll
 0000:fffed000       .debug$S                   10000000     ucrtd:ucrtbased.dll
 0000:fffed000       .debug$S                   10000000     ucrtd:ucrtbased.dll
 0000:fffed000       .debug$S                   10000000     ucrtd:ucrtbased.dll
 0000:fffed000       .debug$S                   10000000     ucrtd:ucrtbased.dll
 0000:fffed000       .debug$S                   10000000     kernel32:KERNEL32.dll
 0000:fffed000       .debug$S                   10000000     kernel32:KERNEL32.dll
 0000:fffed000       .debug$S                   10000000     kernel32:KERNEL32.dll
 0000:fffed000       .debug$S                   10000000     kernel32:KERNEL32.dll
 0000:fffed000       .debug$S                   10000000     kernel32:KERNEL32.dll
 0000:fffed000       .debug$S                   10000000     kernel32:KERNEL32.dll
 0000:fffed000       .debug$S                   10000000     kernel32:KERNEL32.dll
 0000:fffed000       .debug$S                   10000000     kernel32:KERNEL32.dll
 0000:fffed000       .debug$S                   10000000     kernel32:KERNEL32.dll
 0000:fffed000       .debug$S                   10000000     kernel32:KERNEL32.dll
 0000:fffed000       .debug$S                   10000000     kernel32:KERNEL32.dll
 0000:fffed000       .debug$S                   10000000     kernel32:KERNEL32.dll
 0000:fffed000       .debug$S                   10000000     kernel32:KERNEL32.dll
 0000:fffed000       .debug$S                   10000000     kernel32:KERNEL32.dll
 0000:fffed000       .debug$S                   10000000     kernel32:KERNEL32.dll
 0000:fffed000       .debug$S                   10000000     kernel32:KERNEL32.dll
 0000:fffed000       .debug$S                   10000000     kernel32:KERNEL32.dll
 0000:fffed000       .debug$S                   10000000     kernel32:KERNEL32.dll
 0000:fffed000       .debug$S                   10000000     kernel32:KERNEL32.dll
 0000:fffed000       .debug$S                   10000000     kernel32:KERNEL32.dll
 0000:fffed000       .debug$S                   10000000     kernel32:KERNEL32.dll
 0000:fffed000       .debug$S                   10000000     kernel32:KERNEL32.dll
 0000:fffed000       .debug$S                   10000000     kernel32:KERNEL32.dll
 0000:fffed000       .debug$S                   10000000     kernel32:KERNEL32.dll
 0000:fffed000       .debug$S                   10000000     kernel32:KERNEL32.dll
 0000:fffed000       .debug$S                   10000000     user32:USER32.dll
 0000:ffff0000       __guard_fids___except_handler4 10000000     MSVCRTD:chandler4gs.obj
 0000:00000000       _volmd                     10000000     MSVCRTD:cpu_disp.obj
 0000:ffff0000       __guard_fids_?dllmain_dispatch@@YAHQAUHINSTANCE__@@KQAX@Z 10000000     MSVCRTD:dll_dllmain.obj
 0000:00000000       _volmd                     10000000     MSVCRTD:gs_report.obj
 0000:ffff0000       __guard_fids__             10000000     MSVCRTD:guard_support.obj
 0000:ffff0000       __guard_fids__             10000000     MSVCRTD:guard_support.obj
 0000:ffff0000       __guard_fids___guard_icall_checks_enforced 10000000     MSVCRTD:guard_support.obj
 0000:00000000       _volmd                     10000000     MSVCRTD:guard_support.obj
 0000:00000000       _volmd                     10000000     MSVCRTD:guard_support.obj
 0000:ffff0000       __guard_fids___CRT_RTC_INIT 10000000     MSVCRTD:init.obj
 0000:ffff0000       __guard_fids___CRT_RTC_INITW 10000000     MSVCRTD:init.obj
 0000:ffff0000       __guard_fids____scrt_set_unhandled_exception_filter 10000000     MSVCRTD:utility_desktop.obj
 0000:fffed000       .debug$S                   10000000     vcruntimed:VCRUNTIME140D.dll
 0000:fffed000       .debug$S                   10000000     vcruntimed:VCRUNTIME140D.dll
 0000:fffed000       .debug$S                   10000000     vcruntimed:VCRUNTIME140D.dll
 0000:fffed000       .debug$S                   10000000     vcruntimed:VCRUNTIME140D.dll
 0000:fffed000       .debug$S                   10000000     vcruntimed:VCRUNTIME140D.dll
 0000:fffed000       .debug$S                   10000000     vcruntimed:VCRUNTIME140D.dll
 0000:fffed000       .debug$S                   10000000     vcruntimed:VCRUNTIME140D.dll
 0000:fffed000       .debug$S                   10000000     vcruntimed:VCRUNTIME140D.dll
 0001:00000910       _BrushExtBox               10001910 f   ModelObject.obj
 0001:00000b70       $LN15                      10001b70     ModelObject.obj
 0001:00000b78       $LN14                      10001b78     ModelObject.obj
 0001:00000b90       $LN13                      10001b90     ModelObject.obj
 0001:00000b95       $LN12                      10001b95     ModelObject.obj
 0001:00000f88       $LN13                      10001f88     ModelObject.obj
 0001:00000f90       $LN12                      10001f90     ModelObject.obj
 0001:00000fa8       $LN11                      10001fa8     ModelObject.obj
 0001:00000fac       $LN10                      10001fac     ModelObject.obj
 0001:0000163c       $LN12                      1000263c     ModelObject.obj
 0001:00001644       $LN11                      10002644     ModelObject.obj
 0001:0000165c       $LN10                      1000265c     ModelObject.obj
 0001:00001664       $LN9                       10002664     ModelObject.obj
 0001:00002388       $LN34                      10003388     ModelObject.obj
 0001:00002390       $LN33                      10003390     ModelObject.obj
 0001:000023a8       $LN32                      100033a8     ModelObject.obj
 0001:000023b1       $LN31                      100033b1     ModelObject.obj
 0001:00002b18       $LN19                      10003b18     ModelObject.obj
 0001:00002b20       $LN18                      10003b20     ModelObject.obj
 0001:00002b38       $LN17                      10003b38     ModelObject.obj
 0001:00002b3f       $LN16                      10003b3f     ModelObject.obj
 0001:00002b44       $LN15                      10003b44     ModelObject.obj
 0001:00002db0       _Util_LoadLibraryString    10003db0 f   ModelObject.obj
 0001:000030d8       $LN10                      100040d8     ModelObject.obj
 0001:000030e0       $LN9                       100040e0     ModelObject.obj
 0001:000030f8       $LN8                       100040f8     ModelObject.obj
 0001:000030fc       $LN7                       100040fc     ModelObject.obj
 0001:00003630       ?dllmain_crt_dispatch@@YGHQAUHINSTANCE__@@KQAX@Z 10004630 f   MSVCRTD:dll_dllmain.obj
 0001:0000369c       $LN11                      1000469c     MSVCRTD:dll_dllmain.obj
 0001:000036d0       ?dllmain_crt_process_attach@@YAHQAUHINSTANCE__@@QAX@Z 100046d0 f   MSVCRTD:dll_dllmain.obj
 0001:000038a0       ?dllmain_crt_process_detach@@YAH_N@Z 100048a0 f   MSVCRTD:dll_dllmain.obj
 0001:000039e0       ?dllmain_dispatch@@YAHQAUHINSTANCE__@@KQAX@Z 100049e0 f   MSVCRTD:dll_dllmain.obj
 0001:00003bd0       ?dllmain_raw@@YGHQAUHINSTANCE__@@KQAX@Z 10004bd0 f   MSVCRTD:dll_dllmain.obj
 0001:00003c80       ?DebuggerProbe@@YA_NK@Z    10004c80 f   MSVCRTD:error.obj
 0001:00003cd0       ?DebuggerRuntime@@YA_NKHPAXPB_W@Z 10004cd0 f   MSVCRTD:error.obj
 0001:00003fa0       ?_getMemBlockDataString@@YAXPAD0PBDI@Z 10004fa0 f   MSVCRTD:error.obj
 0001:00004030       ?_strlen_priv@@YAIPBD@Z    10005030 f   MSVCRTD:error.obj
 0001:00004050       ?failwithmessage@@YAXPAXHHPBD@Z 10005050 f   MSVCRTD:error.obj
 0001:000042d0       ?notify_debugger@@YAXABUtagEXCEPTION_VISUALCPP_DEBUG_INFO@@@Z 100052d0 f   MSVCRTD:error.obj
 0001:000049d0       ___get_entropy             100059d0 f   MSVCRTD:gs_support.obj
 0001:00004bc0       ?find_pe_section@@YAPAU_IMAGE_SECTION_HEADER@@QAEI@Z 10005bc0 f   MSVCRTD:utility.obj
 0001:00004c80       ?is_potentially_valid_image_base@@YA_NQAX@Z 10005c80 f   MSVCRTD:utility.obj
 0001:000058f0       ___castguard_check_failure_os_handled_wrapper 100068f0 f   MSVCRTD:guard_support.obj
 0001:00005920       ___castguard_compat_check  10006920 f   MSVCRTD:guard_support.obj
 0001:00005a60       ___castguard_slow_path_compat_check 10006a60 f   MSVCRTD:guard_support.obj
 0001:00005af0       ?GetPdbDll@@YAPAUHINSTANCE__@@XZ 10006af0 f   MSVCRTD:pdblkup.obj
 0001:00005c90       ?GetPdbDllFromInstallPath@@YAPAUHINSTANCE__@@XZ 10006c90 f   MSVCRTD:pdblkup.obj
 0001:00005f80       ?GetPdbDllPathFromFilePath@@YAHPB_WPA_WI@Z 10006f80 f   MSVCRTD:pdblkup.obj
 0002:00000dac       ?_RTC_ErrorMessages@@3QBQBDB 1000adac     MSVCRTD:error.obj
 0002:00000dc4       ?_RTC_NoFalsePositives@@3QBHB 1000adc4     MSVCRTD:error.obj
 0002:00000ddc       ?stack_premsg@@3QBDB       1000addc     MSVCRTD:error.obj
 0002:00000df8       ?stack_postmsg@@3QBDB      1000adf8     MSVCRTD:error.obj
 0002:00000e0c       ?uninit_premsg@@3QBDB      1000ae0c     MSVCRTD:error.obj
 0002:00000e1c       ?uninit_postmsg@@3QBDB     1000ae1c     MSVCRTD:error.obj
 0002:00001468       _GS_ExceptionPointers      1000b468     MSVCRTD:gs_report.obj
 0002:00001474       ?_RTC_errlist@@3QBQBDB     1000b474     MSVCRTD:userapi.obj
 0002:00001558       ?mspdbName@@3QB_WB         1000b558     MSVCRTD:pdblkup.obj
 0002:0000157c       ?debugCrtFileName@@3QB_WB  1000b57c     MSVCRTD:pdblkup.obj
 0002:00001708       ?dllExt@?1??GetPdbDllPathFromFilePath@@YAHPB_WPA_WI@Z@4QB_WB 1000b708     MSVCRTD:pdblkup.obj
 0002:00001714       ?mspdbFilename@?1??GetPdbDllPathFromFilePath@@YAHPB_WPA_WI@Z@4QB_WB 1000b714     MSVCRTD:pdblkup.obj
 0002:00002080       __RTC_InitBase.rtc$IMZ     1000c080     ModelObject.obj
 0002:00002084       __RTC_InitBase.rtc$IMZ     1000c084     ObjectDef.obj
 0002:00002394       __RTC_Shutdown.rtc$TMZ     1000c394     ModelObject.obj
 0002:00002398       __RTC_Shutdown.rtc$TMZ     1000c398     ObjectDef.obj
 0002:000025a8       __sehtable$?dllmain_crt_process_attach@@YAHQAUHINSTANCE__@@QAX@Z 1000c5a8     MSVCRTD:dll_dllmain.obj
 0002:000025c8       __sehtable$?dllmain_crt_process_detach@@YAH_N@Z 1000c5c8     MSVCRTD:dll_dllmain.obj
 0002:000025f8       __sehtable$?dllmain_dispatch@@YAHQAUHINSTANCE__@@KQAX@Z 1000c5f8     MSVCRTD:dll_dllmain.obj
 0002:00002618       __sehtable$?notify_debugger@@YAXABUtagEXCEPTION_VISUALCPP_DEBUG_INFO@@@Z 1000c618     MSVCRTD:error.obj
 0002:00002638       __sehtable$___scrt_is_nonwritable_in_current_image 1000c638     MSVCRTD:utility.obj
 0002:00002770       .edata                     1000c770     ModelObj.exp
 0002:00002798       rgpv                       1000c798     ModelObj.exp
 0002:0000279c       rgszName                   1000c79c     ModelObj.exp
 0002:000027a0       rgwOrd                     1000c7a0     ModelObj.exp
 0002:000027a2       szName                     1000c7a2     ModelObj.exp
 0002:000027af       $N00001                    1000c7af     ModelObj.exp
 0003:00000240       ?StringBuf@?1??Util_LoadLibraryString@@9@9 1000d240     ModelObject.obj
 0003:00000372       ?init@?1??_RTC_InitBase@@9@4_NA 1000d372     MSVCRTD:init.obj
 0003:00000374       ?__proc_attached@@3HA      1000d374     MSVCRTD:dll_dllmain.obj
 0003:00000388       _GS_ExceptionRecord        1000d388     MSVCRTD:gs_report.obj
 0003:000003d8       _GS_ContextRecord          1000d3d8     MSVCRTD:gs_report.obj
 0003:00000744       ?_RTC_ErrorReportFunc@@3P6AHHPBDH00ZZA 1000d744     MSVCRTD:userapi.obj
 0003:00000748       ?_RTC_ErrorReportFuncW@@3P6AHHPB_WH00ZZA 1000d748     MSVCRTD:userapi.obj
 0003:00000774       ?is_initialized_as_dll@@3_NA 1000d774     MSVCRTD:utility.obj
 0003:00000775       ?module_local_atexit_table_initialized@@3_NA 1000d775     MSVCRTD:utility.obj
 0003:00000778       ?module_local_atexit_table@@3U_onexit_table_t@@A 1000d778     MSVCRTD:utility.obj
 0003:00000784       ?module_local_at_quick_exit_table@@3U_onexit_table_t@@A 1000d784     MSVCRTD:utility.obj
 0003:0000079c       ?mspdb@@3PAUHINSTANCE__@@A 1000d79c     MSVCRTD:pdblkup.obj
 0003:000007a0       ?alreadyTried@?1??GetPdbDll@@YAPAUHINSTANCE__@@XZ@4_NA 1000d7a0     MSVCRTD:pdblkup.obj
 0003:000007a1       ?PDBOK@?1??_RTC_GetSrcLine@@YAHPAEPA_WKPAH1K@Z@4_NA 1000d7a1     MSVCRTD:pdblkup.obj
 0004:00000af4       .idata$6                   1000eaf4     jet3DClassic11d:Jet3DClassic11d.dll
 0004:00000b34       .idata$6                   1000eb34     kernel32:KERNEL32.dll
 0004:00000b50       .idata$6                   1000eb50     user32:USER32.dll
 0004:00000c22       .idata$6                   1000ec22     vcruntimed:VCRUNTIME140D.dll
 0004:00000dbe       .idata$6                   1000edbe     ucrtd:ucrtbased.dll
 0006:000001c0       $R000000                   100111c0     ModelObject.res
 0006:000002d0       $R000110                   100112d0     ModelObject.res
