 AmbientObj

 Timestamp is 643b68d4 (Sat Apr 15 20:17:40 2023)

 Preferred load address is 10000000

 Start         Length     Name                   Class
 0001:00000000 0000921aH .text$mn                CODE
 0002:00000000 00000104H .CRT$XCA                DATA
 0002:00000104 00000104H .CRT$XCZ                DATA
 0002:00000208 00000104H .CRT$XIA                DATA
 0002:0000030c 00000104H .CRT$XIZ                DATA
 0002:00000410 00000104H .CRT$XPA                DATA
 0002:00000514 00000104H .CRT$XPZ                DATA
 0002:00000618 00000104H .CRT$XTA                DATA
 0002:0000071c 00000104H .CRT$XTZ                DATA
 0002:00000820 000017e0H .rdata                  DATA
 0002:00002000 00000180H .rdata$CastGuardVftablesA DATA
 0002:00002180 0000014cH .rdata$CastGuardVftablesC DATA
 0002:000022cc 0000010cH .rdata$sxdata           DATA
 0002:000023d8 000001a4H .rdata$zzzdbg           DATA
 0002:0000257c 00000104H .rtc$IAA                DATA
 0002:00002680 00000110H .rtc$IMZ                DATA
 0002:00002790 00000104H .rtc$IZZ                DATA
 0002:00002894 00000104H .rtc$TAA                DATA
 0002:00002998 00000110H .rtc$TMZ                DATA
 0002:00002aa8 00000108H .rtc$TZZ                DATA
 0002:00002bb0 000001d0H .xdata$x                DATA
 0002:00002d80 00000164H .edata                  DATA
 0003:00000000 000002a0H .data                   DATA
 0003:000002a0 000018dcH .bss                    DATA
 0004:00000000 000002b4H .idata$5                DATA
 0004:000002b4 00000050H .idata$2                DATA
 0004:00000304 00000014H .idata$3                DATA
 0004:00000318 000002b4H .idata$4                DATA
 0004:000005cc 00000bd6H .idata$6                DATA
 0005:00000000 0000010eH .00cfg                  DATA
 0006:00000000 00000230H .rsrc$01                DATA
 0006:00000230 0000098cH .rsrc$02                DATA

  Address         Publics by Value              Rva+Base       Lib:Object

 0000:00000000       ___AbsoluteZero            00000000     <absolute>
 0000:00000000       ___arm64x_extra_rfe_table  00000000     <absolute>
 0000:00000000       ___arm64x_extra_rfe_table_size 00000000     <absolute>
 0000:00000000       ___arm64x_native_entrypoint 00000000     <absolute>
 0000:00000000       ___arm64x_redirection_metadata 00000000     <absolute>
 0000:00000000       ___arm64x_redirection_metadata_count 00000000     <absolute>
 0000:00000000       ___dynamic_value_reloc_table 00000000     <absolute>
 0000:00000000       ___enclave_config          00000000     <absolute>
 0000:00000000       ___guard_check_icall_a64n_fptr 00000000     <absolute>
 0000:00000000       ___guard_eh_cont_count     00000000     <absolute>
 0000:00000000       ___guard_eh_cont_table     00000000     <absolute>
 0000:00000000       ___guard_fids_count        00000000     <absolute>
 0000:00000000       ___guard_fids_table        00000000     <absolute>
 0000:00000000       ___guard_iat_count         00000000     <absolute>
 0000:00000000       ___guard_iat_table         00000000     <absolute>
 0000:00000000       ___guard_longjmp_count     00000000     <absolute>
 0000:00000000       ___guard_longjmp_table     00000000     <absolute>
 0000:00000000       ___hybrid_auxiliary_iat    00000000     <absolute>
 0000:00000000       ___hybrid_auxiliary_iat_copy 00000000     <absolute>
 0000:00000000       ___hybrid_code_map         00000000     <absolute>
 0000:00000000       ___hybrid_code_map_count   00000000     <absolute>
 0000:00000000       ___volatile_metadata       00000000     <absolute>
 0000:00000000       ___x64_code_ranges_to_entry_points 00000000     <absolute>
 0000:00000000       ___x64_code_ranges_to_entry_points_count 00000000     <absolute>
 0000:00000002       ___safe_se_handler_count   00000002     <absolute>
 0000:00000100       ___guard_flags             00000100     <absolute>
 0000:00000000       ___ImageBase               10000000     <linker-defined>
 0001:00000560       _AddChild@8                10001560 f   AmbObject.obj
 0001:000012b0       _AttachEngine@8            100022b0 f   AmbObject.obj
 0001:000013a0       _AttachSoundSystem@8       100023a0 f   AmbObject.obj
 0001:00001470       _AttachWorld@8             10002470 f   AmbObject.obj
 0001:00001670       _ChangeBoxCollision@24     10002670 f   AmbObject.obj
 0001:00001690       _Collision@24              10002690 f   AmbObject.obj
 0001:000016b0       _CreateFromFile@8          100026b0 f   AmbObject.obj
 0001:00001ae0       _CreateInstance@0          10002ae0 f   AmbObject.obj
 0001:00001c20       _CreateRef@4               10002c20 f   AmbObject.obj
 0001:00001cc0       _Destroy@4                 10002cc0 f   AmbObject.obj
 0001:00001ee0       _Destroy_Class             10002ee0 f   AmbObject.obj
 0001:00001fc0       _DettachEngine@8           10002fc0 f   AmbObject.obj
 0001:00002060       _DettachSoundSystem@8      10003060 f   AmbObject.obj
 0001:000020f0       _DettachWorld@8            100030f0 f   AmbObject.obj
 0001:00002210       _DuplicateInstance@4       10003210 f   AmbObject.obj
 0001:00002760       _EditDialog@8              10003760 f   AmbObject.obj
 0001:00002780       _GetChildren@12            10003780 f   AmbObject.obj
 0001:000027a0       _GetExtBox@8               100037a0 f   AmbObject.obj
 0001:00002980       _GetMaterial@12            10003980 f   AmbObject.obj
 0001:000029a0       _GetPropertyList@8         100039a0 f   AmbObject.obj
 0001:00002c40       _GetXForm@8                10003c40 f   AmbObject.obj
 0001:00002d40       _GetXFormModFlags@4        10003d40 f   AmbObject.obj
 0001:00002d60       _Init_Class                10003d60 f   AmbObject.obj
 0001:00002da0       _MessageFunction@12        10003da0 f   AmbObject.obj
 0001:00002e40       _RemoveChild@8             10003e40 f   AmbObject.obj
 0001:00002e60       _Render@24                 10003e60 f   AmbObject.obj
 0001:00003010       _SetMaterial@12            10004010 f   AmbObject.obj
 0001:00003030       _SetProperty@16            10004030 f   AmbObject.obj
 0001:00003380       _SetXForm@8                10004380 f   AmbObject.obj
 0001:00003470       _UpdateTimeDelta@8         10004470 f   AmbObject.obj
 0001:000036f0       _WriteToFile@12            100046f0 f   AmbObject.obj
 0001:00003a40       _DllMain@12                10004a40 f   ObjectDef.obj
 0001:00003ad0       _Object_RegisterDef        10004ad0 f   ObjectDef.obj
 0001:00003e10       _Snd_Process               10004e10 f   Snd.obj
 0001:00004350       _Snd_Remove                10005350 f   Snd.obj
 0001:0000442d       _jeVFile_CreateFinder@8    1000542d f   jet3DClassic11d:Jet3DClassic11d.dll
 0001:00004433       _jeVFile_DestroyFinder@4   10005433 f   jet3DClassic11d:Jet3DClassic11d.dll
 0001:00004439       _jeVFile_FinderGetNextFile@4 10005439 f   jet3DClassic11d:Jet3DClassic11d.dll
 0001:0000443f       _jeVFile_FinderGetProperties@8 1000543f f   jet3DClassic11d:Jet3DClassic11d.dll
 0001:00004445       _jeVFile_OpenNewSystem@20  10005445 f   jet3DClassic11d:Jet3DClassic11d.dll
 0001:0000444b       _jeVFile_Open@12           1000544b f   jet3DClassic11d:Jet3DClassic11d.dll
 0001:00004451       _jeVFile_Close@4           10005451 f   jet3DClassic11d:Jet3DClassic11d.dll
 0001:00004457       _jeVFile_Read@12           10005457 f   jet3DClassic11d:Jet3DClassic11d.dll
 0001:0000445d       _jeVFile_Write@12          1000545d f   jet3DClassic11d:Jet3DClassic11d.dll
 0001:00004463       _jeVFile_Seek@12           10005463 f   jet3DClassic11d:Jet3DClassic11d.dll
 0001:00004469       _jeVFile_Rewind@4          10005469 f   jet3DClassic11d:Jet3DClassic11d.dll
 0001:0000446f       _jePtrMgr_Create@0         1000546f f   jet3DClassic11d:Jet3DClassic11d.dll
 0001:00004475       _jeBitmap_CreateFromFile@4 10005475 f   jet3DClassic11d:Jet3DClassic11d.dll
 0001:0000447b       _jeBitmap_Destroy@4        1000547b f   jet3DClassic11d:Jet3DClassic11d.dll
 0001:00004481       _jeBitmap_SetColorKey@16   10005481 f   jet3DClassic11d:Jet3DClassic11d.dll
 0001:00004487       _jeXForm3d_SetIdentity@4   10005487 f   jet3DClassic11d:Jet3DClassic11d.dll
 0001:0000448d       _jeEngine_AddBitmap@12     1000548d f   jet3DClassic11d:Jet3DClassic11d.dll
 0001:00004493       _jeEngine_RemoveBitmap@8   10005493 f   jet3DClassic11d:Jet3DClassic11d.dll
 0001:00004499       _jeExtBox_Set@28           10005499 f   jet3DClassic11d:Jet3DClassic11d.dll
 0001:0000449f       _jeProperty_ListCopy@4     1000549f f   jet3DClassic11d:Jet3DClassic11d.dll
 0001:000044a5       _jeProperty_FillCheck@16   100054a5 f   jet3DClassic11d:Jet3DClassic11d.dll
 0001:000044ab       _jeProperty_FillFloat@28   100054ab f   jet3DClassic11d:Jet3DClassic11d.dll
 0001:000044b1       _jeProperty_FillCombo@24   100054b1 f   jet3DClassic11d:Jet3DClassic11d.dll
 0001:000044b7       _jeSound_LoadSoundDef@8    100054b7 f   jet3DClassic11d:Jet3DClassic11d.dll
 0001:000044bd       _jeSound_FreeSoundDef@8    100054bd f   jet3DClassic11d:Jet3DClassic11d.dll
 0001:000044c3       _jeSound_StopSound@8       100054c3 f   jet3DClassic11d:Jet3DClassic11d.dll
 0001:000044c9       _jeSound_GetStatus@8       100054c9 f   jet3DClassic11d:Jet3DClassic11d.dll
 0001:000044cf       _jeMaterialSpec_Create@8   100054cf f   jet3DClassic11d:Jet3DClassic11d.dll
 0001:000044d5       _jeMaterialSpec_AddLayerFromBitmap@16 100054d5 f   jet3DClassic11d:Jet3DClassic11d.dll
 0001:000044db       _jeUserPoly_CreateSprite@16 100054db f   jet3DClassic11d:Jet3DClassic11d.dll
 0001:000044e1       _jeUserPoly_Destroy@4      100054e1 f   jet3DClassic11d:Jet3DClassic11d.dll
 0001:000044e7       _jeUserPoly_UpdateSprite@16 100054e7 f   jet3DClassic11d:Jet3DClassic11d.dll
 0001:000044ed       _jeResource_MgrDestroy@4   100054ed f   jet3DClassic11d:Jet3DClassic11d.dll
 0001:000044f3       _jeResourceMgr_GetEngine@4 100054f3 f   jet3DClassic11d:Jet3DClassic11d.dll
 0001:000044f9       _jeResourceMgr_GetSingleton@0 100054f9 f   jet3DClassic11d:Jet3DClassic11d.dll
 0001:000044ff       _jeResource_GetVFile@8     100054ff f   jet3DClassic11d:Jet3DClassic11d.dll
 0001:00004505       _jeWorld_GetRenderRecursion@4 10005505 f   jet3DClassic11d:Jet3DClassic11d.dll
 0001:0000450b       _jeWorld_AddUserPoly@12    1000550b f   jet3DClassic11d:Jet3DClassic11d.dll
 0001:00004511       _jeWorld_RemoveUserPoly@8  10005511 f   jet3DClassic11d:Jet3DClassic11d.dll
 0001:00004517       _jeWorld_GetResourceMgr@4  10005517 f   jet3DClassic11d:Jet3DClassic11d.dll
 0001:0000451d       _jeErrorLog_AddExplicit@24 1000551d f   jet3DClassic11d:Jet3DClassic11d.dll
 0001:00004523       __jeRam_DebugAllocate@12   10005523 f   jet3DClassic11d:Jet3DClassic11d.dll
 0001:00004529       _jeRam_Free_@4             10005529 f   jet3DClassic11d:Jet3DClassic11d.dll
 0001:0000452f       _jeObject_RegisterGlobalObjectDef@4 1000552f f   jet3DClassic11d:Jet3DClassic11d.dll
 0001:00004535       _jeCamera_GetXForm@8       10005535 f   jet3DClassic11d:Jet3DClassic11d.dll
 0001:0000453b       _jeSound_PlaySoundDef@24   1000553b f   jet3DClassic11d:Jet3DClassic11d.dll
 0001:00004541       _jeSound_ModifySound@20    10005541 f   jet3DClassic11d:Jet3DClassic11d.dll
 0001:00004547       _jeSound3D_GetConfig@32    10005547 f   jet3DClassic11d:Jet3DClassic11d.dll
 0001:0000454d       _LoadResource@8            1000554d f   kernel32:KERNEL32.dll
 0001:00004553       _LockResource@4            10005553 f   kernel32:KERNEL32.dll
 0001:00004559       _SizeofResource@8          10005559 f   kernel32:KERNEL32.dll
 0001:0000455f       _LoadLibraryA@4            1000555f f   kernel32:KERNEL32.dll
 0001:00004565       _FindResourceA@12          10005565 f   kernel32:KERNEL32.dll
 0001:00004570       @_RTC_AllocaHelper@12      10005570 f   MSVCRTD:stack.obj
 0001:000045b0       @_RTC_CheckStackVars2@12   100055b0 f   MSVCRTD:stack.obj
 0001:000046c0       @_RTC_CheckStackVars@8     100056c0 f   MSVCRTD:stack.obj
 0001:00004730       __RTC_CheckEsp             10005730 f   MSVCRTD:stack.obj
 0001:00004760       @__security_check_cookie@4 10005760 f   MSVCRTD:secchk.obj
 0001:00004780       __CRT_RTC_INIT             10005780 f   MSVCRTD:init.obj
 0001:00004790       __CRT_RTC_INITW            10005790 f   MSVCRTD:init.obj
 0001:000047a0       __RTC_InitBase             100057a0 f   MSVCRTD:init.obj
 0001:000047e0       __RTC_Shutdown             100057e0 f   MSVCRTD:init.obj
 0001:00004e00       __CRT_INIT@12              10005e00 f   MSVCRTD:dll_dllmain.obj
 0001:00004e20       __DllMainCRTStartup@12     10005e20 f   MSVCRTD:dll_dllmain.obj
 0001:00004f00       ?_RTC_AllocaFailure@@YAXPAXPAU_RTC_ALLOCA_NODE@@H@Z 10005f00 f   MSVCRTD:error.obj
 0001:00005020       ?_RTC_Failure@@YAXPAXH@Z   10006020 f   MSVCRTD:error.obj
 0001:00005090       ?_RTC_StackFailure@@YAXPAXPBD@Z 10006090 f   MSVCRTD:error.obj
 0001:00005540       __RTC_UninitUse            10006540 f   MSVCRTD:error.obj
 0001:00005620       ___local_stdio_printf_options 10006620 f i MSVCRTD:error.obj
 0001:00005630       __vsprintf_s_l             10006630 f i MSVCRTD:error.obj
 0001:00005670       _sprintf_s                 10006670 f i MSVCRTD:error.obj
 0001:000056a0       ___raise_securityfailure   100066a0 f   MSVCRTD:gs_report.obj
 0001:000056e0       ___report_gsfailure        100066e0 f   MSVCRTD:gs_report.obj
 0001:00005830       ___report_rangecheckfailure 10006830 f   MSVCRTD:gs_report.obj
 0001:00005840       ___report_securityfailure  10006840 f   MSVCRTD:gs_report.obj
 0001:00005950       ___report_securityfailureEx 10006950 f   MSVCRTD:gs_report.obj
 0001:00005ac0       ?_RTC_GetErrorFunc@@YAP6AHHPBDH00ZZPBX@Z 10006ac0 f   MSVCRTD:userapi.obj
 0001:00005ad0       ?_RTC_GetErrorFuncW@@YAP6AHHPB_WH00ZZPBX@Z 10006ad0 f   MSVCRTD:userapi.obj
 0001:00005ae0       __RTC_GetErrDesc           10006ae0 f   MSVCRTD:userapi.obj
 0001:00005b00       __RTC_NumErrors            10006b00 f   MSVCRTD:userapi.obj
 0001:00005b10       __RTC_SetErrorFunc         10006b10 f   MSVCRTD:userapi.obj
 0001:00005b40       __RTC_SetErrorFuncW        10006b40 f   MSVCRTD:userapi.obj
 0001:00005b70       __RTC_SetErrorType         10006b70 f   MSVCRTD:userapi.obj
 0001:00005c30       ___security_init_cookie    10006c30 f   MSVCRTD:gs_support.obj
 0001:00005cd0       ?__scrt_initialize_type_info@@YAXXZ 10006cd0 f   MSVCRTD:tncleanup.obj
 0001:00005cf0       ?__scrt_uninitialize_type_info@@YAXXZ 10006cf0 f   MSVCRTD:tncleanup.obj
 0001:00005d10       ___local_stdio_scanf_options 10006d10 f i MSVCRTD:default_local_stdio_options.obj
 0001:00005d20       ___scrt_initialize_default_local_stdio_options 10006d20 f   MSVCRTD:default_local_stdio_options.obj
 0001:00005d70       ?configure_argv@__scrt_narrow_argv_policy@@SAHXZ 10006d70 f i MSVCRTD:utility.obj
 0001:00005e40       ?initialize_environment@__scrt_narrow_environment_policy@@SAHXZ 10006e40 f i MSVCRTD:utility.obj
 0001:00005ee0       _NtCurrentTeb              10006ee0 f i MSVCRTD:utility.obj
 0001:00005ef0       ___scrt_acquire_startup_lock 10006ef0 f   MSVCRTD:utility.obj
 0001:00005f50       ___scrt_dllmain_after_initialize_c 10006f50 f   MSVCRTD:utility.obj
 0001:00005f90       ___scrt_dllmain_before_initialize_c 10006f90 f   MSVCRTD:utility.obj
 0001:00005fc0       ___scrt_dllmain_crt_thread_attach 10006fc0 f   MSVCRTD:utility.obj
 0001:00006000       ___scrt_dllmain_crt_thread_detach 10007000 f   MSVCRTD:utility.obj
 0001:00006020       ___scrt_dllmain_exception_filter 10007020 f   MSVCRTD:utility.obj
 0001:00006080       ___scrt_dllmain_uninitialize_c 10007080 f   MSVCRTD:utility.obj
 0001:000060c0       ___scrt_dllmain_uninitialize_critical 100070c0 f   MSVCRTD:utility.obj
 0001:000060e0       ___scrt_initialize_crt     100070e0 f   MSVCRTD:utility.obj
 0001:00006140       ___scrt_initialize_onexit_tables 10007140 f   MSVCRTD:utility.obj
 0001:00006250       ___scrt_is_nonwritable_in_current_image 10007250 f   MSVCRTD:utility.obj
 0001:000063d0       ___scrt_release_startup_lock 100073d0 f   MSVCRTD:utility.obj
 0001:00006400       ___scrt_uninitialize_crt   10007400 f   MSVCRTD:utility.obj
 0001:00006450       __onexit                   10007450 f   MSVCRTD:utility.obj
 0001:000064d0       _at_quick_exit             100074d0 f   MSVCRTD:utility.obj
 0001:00006520       _atexit                    10007520 f   MSVCRTD:utility.obj
 0001:00006560       ___scrt_get_dyn_tls_init_callback 10007560 f   MSVCRTD:dyn_tls_init.obj
 0001:00006570       ___scrt_fastfail           10007570 f   MSVCRTD:utility_desktop.obj
 0001:00006700       ___scrt_get_show_window_mode 10007700 f   MSVCRTD:utility_desktop.obj
 0001:00006750       ___scrt_initialize_mta     10007750 f   MSVCRTD:utility_desktop.obj
 0001:00006760       ___scrt_initialize_winrt   10007760 f   MSVCRTD:utility_desktop.obj
 0001:00006770       ___scrt_is_managed_app     10007770 f   MSVCRTD:utility_desktop.obj
 0001:00006820       ___scrt_set_unhandled_exception_filter 10007820 f   MSVCRTD:utility_desktop.obj
 0001:00006840       ___scrt_exe_initialize_mta 10007840 f   MSVCRTD:utility_desktop.obj
 0001:00006840       ___scrt_stub_for_initialize_mta 10007840 f   MSVCRTD:utility_desktop.obj
 0001:00006850       ___scrt_unhandled_exception_filter@4 10007850 f   MSVCRTD:utility_desktop.obj
 0001:000068f0       __crt_debugger_hook        100078f0 f   MSVCRTD:utility_desktop.obj
 0001:00006910       __RTC_Initialize           10007910 f   MSVCRTD:initsect.obj
 0001:00006950       __RTC_Terminate            10007950 f   MSVCRTD:initsect.obj
 0001:00006990       __except_handler4          10007990 f   MSVCRTD:chandler4gs.obj
 0001:000069e0       @_guard_check_icall_nop@4  100079e0 f i MSVCRTD:guard_support.obj
 0001:000069f0       _ReadNoFence               100079f0 f i MSVCRTD:guard_support.obj
 0001:00006a10       _ReadPointerNoFence        10007a10 f i MSVCRTD:guard_support.obj
 0001:00006a30       ___castguard_check_failure_debugbreak 10007a30 f i MSVCRTD:guard_support.obj
 0001:00006a50       ___castguard_check_failure_fastfail 10007a50 f i MSVCRTD:guard_support.obj
 0001:00006a80       ___castguard_check_failure_nop 10007a80 f i MSVCRTD:guard_support.obj
 0001:00006a90       ___castguard_check_failure_os_handled 10007a90 f i MSVCRTD:guard_support.obj
 0001:00006b40       ___castguard_slow_path_check_debugbreak 10007b40 f i MSVCRTD:guard_support.obj
 0001:00006b80       ___castguard_slow_path_check_fastfail 10007b80 f i MSVCRTD:guard_support.obj
 0001:00006bd0       ___castguard_slow_path_check_nop 10007bd0 f i MSVCRTD:guard_support.obj
 0001:00006be0       ___castguard_slow_path_check_os_handled 10007be0 f i MSVCRTD:guard_support.obj
 0001:00006c80       __guard_icall_checks_enforced 10007c80 f i MSVCRTD:guard_support.obj
 0001:00007260       ?_RTC_GetSrcLine@@YAHPAEPA_WKPAH1K@Z 10008260 f   MSVCRTD:pdblkup.obj
 0001:000076c0       __except_handler4_noexcept 100086c0 f   MSVCRTD:chandler4_noexcept.obj
 0001:00007740       ___isa_available_init      10008740 f   MSVCRTD:cpu_disp.obj
 0001:00007b40       __get_startup_argv_mode    10008b40 f   MSVCRTD:argv_mode.obj
 0001:00007b50       ___scrt_is_ucrt_dll_in_use 10008b50 f   MSVCRTD:ucrt_detection.obj
 0001:00007b7d       _memset                    10008b7d f   vcruntimed:VCRUNTIME140D.dll
 0001:00007b83       ___std_type_info_destroy_list 10008b83 f   vcruntimed:VCRUNTIME140D.dll
 0001:00007b89       ___current_exception       10008b89 f   vcruntimed:VCRUNTIME140D.dll
 0001:00007b8f       ___current_exception_context 10008b8f f   vcruntimed:VCRUNTIME140D.dll
 0001:00007b95       __except_handler4_common   10008b95 f   vcruntimed:VCRUNTIME140D.dll
 0001:00007b9b       ___vcrt_GetModuleFileNameW 10008b9b f   vcruntimed:VCRUNTIME140D.dll
 0001:00007ba1       ___vcrt_GetModuleHandleW   10008ba1 f   vcruntimed:VCRUNTIME140D.dll
 0001:00007ba7       ___vcrt_LoadLibraryExW     10008ba7 f   vcruntimed:VCRUNTIME140D.dll
 0001:00007bad       _strcmp                    10008bad f   ucrtd:ucrtbased.dll
 0001:00007bb3       _strcpy                    10008bb3 f   ucrtd:ucrtbased.dll
 0001:00007bb9       _strlen                    10008bb9 f   ucrtd:ucrtbased.dll
 0001:00007bbf       __wassert                  10008bbf f   ucrtd:ucrtbased.dll
 0001:00007bc5       __CrtDbgReport             10008bc5 f   ucrtd:ucrtbased.dll
 0001:00007bcb       __CrtDbgReportW            10008bcb f   ucrtd:ucrtbased.dll
 0001:00007bd1       __initterm                 10008bd1 f   ucrtd:ucrtbased.dll
 0001:00007bd7       __initterm_e               10008bd7 f   ucrtd:ucrtbased.dll
 0001:00007bdd       _strcpy_s                  10008bdd f   ucrtd:ucrtbased.dll
 0001:00007be3       _strcat_s                  10008be3 f   ucrtd:ucrtbased.dll
 0001:00007be9       ___stdio_common_vsprintf_s 10008be9 f   ucrtd:ucrtbased.dll
 0001:00007bef       __seh_filter_dll           10008bef f   ucrtd:ucrtbased.dll
 0001:00007bf5       __configure_narrow_argv    10008bf5 f   ucrtd:ucrtbased.dll
 0001:00007bfb       __initialize_narrow_environment 10008bfb f   ucrtd:ucrtbased.dll
 0001:00007c01       __initialize_onexit_table  10008c01 f   ucrtd:ucrtbased.dll
 0001:00007c07       __register_onexit_function 10008c07 f   ucrtd:ucrtbased.dll
 0001:00007c0d       __execute_onexit_table     10008c0d f   ucrtd:ucrtbased.dll
 0001:00007c13       __crt_atexit               10008c13 f   ucrtd:ucrtbased.dll
 0001:00007c19       __crt_at_quick_exit        10008c19 f   ucrtd:ucrtbased.dll
 0001:00007c1f       __cexit                    10008c1f f   ucrtd:ucrtbased.dll
 0001:00007c25       _terminate                 10008c25 f   ucrtd:ucrtbased.dll
 0001:00007c2b       __wmakepath_s              10008c2b f   ucrtd:ucrtbased.dll
 0001:00007c31       __wsplitpath_s             10008c31 f   ucrtd:ucrtbased.dll
 0001:00007c37       _wcscpy_s                  10008c37 f   ucrtd:ucrtbased.dll
 0001:00007c3d       __strlwr                   10008c3d f   ucrtd:ucrtbased.dll
 0001:00007c43       _IsDebuggerPresent@0       10008c43 f   kernel32:KERNEL32.dll
 0001:00007c49       _RaiseException@16         10008c49 f   kernel32:KERNEL32.dll
 0001:00007c4f       _MultiByteToWideChar@24    10008c4f f   kernel32:KERNEL32.dll
 0001:00007c55       _WideCharToMultiByte@32    10008c55 f   kernel32:KERNEL32.dll
 0001:00007c5b       _UnhandledExceptionFilter@4 10008c5b f   kernel32:KERNEL32.dll
 0001:00007c61       _SetUnhandledExceptionFilter@4 10008c61 f   kernel32:KERNEL32.dll
 0001:00007c67       _GetCurrentProcess@0       10008c67 f   kernel32:KERNEL32.dll
 0001:00007c6d       _TerminateProcess@8        10008c6d f   kernel32:KERNEL32.dll
 0001:00007c73       _IsProcessorFeaturePresent@4 10008c73 f   kernel32:KERNEL32.dll
 0001:00007c79       _QueryPerformanceCounter@4 10008c79 f   kernel32:KERNEL32.dll
 0001:00007c7f       _GetCurrentProcessId@0     10008c7f f   kernel32:KERNEL32.dll
 0001:00007c85       _GetCurrentThreadId@0      10008c85 f   kernel32:KERNEL32.dll
 0001:00007c8b       _GetSystemTimeAsFileTime@4 10008c8b f   kernel32:KERNEL32.dll
 0001:00007c91       _InitializeSListHead@4     10008c91 f   kernel32:KERNEL32.dll
 0001:00007c97       _GetStartupInfoW@4         10008c97 f   kernel32:KERNEL32.dll
 0001:00007c9d       _GetModuleHandleW@4        10008c9d f   kernel32:KERNEL32.dll
 0001:00007ca3       _GetLastError@0            10008ca3 f   kernel32:KERNEL32.dll
 0001:00007ca9       _HeapAlloc@12              10008ca9 f   kernel32:KERNEL32.dll
 0001:00007caf       _HeapFree@12               10008caf f   kernel32:KERNEL32.dll
 0001:00007cb5       _GetProcessHeap@0          10008cb5 f   kernel32:KERNEL32.dll
 0001:00007cbb       _VirtualQuery@12           10008cbb f   kernel32:KERNEL32.dll
 0001:00007cc1       _FreeLibrary@4             10008cc1 f   kernel32:KERNEL32.dll
 0001:00007cc7       _GetProcAddress@8          10008cc7 f   kernel32:KERNEL32.dll
 0001:00007cd0       ___acrt_initialize         10008cd0 f   MSVCRTD:ucrt_stubs.obj
 0001:00007cd0       ___scrt_stub_for_acrt_initialize 10008cd0 f   MSVCRTD:ucrt_stubs.obj
 0001:00007cd0       ___vcrt_initialize         10008cd0 f   MSVCRTD:ucrt_stubs.obj
 0001:00007ce0       ___acrt_thread_attach      10008ce0 f   MSVCRTD:ucrt_stubs.obj
 0001:00007ce0       ___scrt_stub_for_acrt_thread_attach 10008ce0 f   MSVCRTD:ucrt_stubs.obj
 0001:00007ce0       ___vcrt_thread_attach      10008ce0 f   MSVCRTD:ucrt_stubs.obj
 0001:00007cf0       ___acrt_thread_detach      10008cf0 f   MSVCRTD:ucrt_stubs.obj
 0001:00007cf0       ___scrt_stub_for_acrt_thread_detach 10008cf0 f   MSVCRTD:ucrt_stubs.obj
 0001:00007cf0       ___vcrt_thread_detach      10008cf0 f   MSVCRTD:ucrt_stubs.obj
 0001:00007d00       ___acrt_uninitialize       10008d00 f   MSVCRTD:ucrt_stubs.obj
 0001:00007d00       ___scrt_stub_for_acrt_uninitialize 10008d00 f   MSVCRTD:ucrt_stubs.obj
 0001:00007d00       ___vcrt_uninitialize       10008d00 f   MSVCRTD:ucrt_stubs.obj
 0001:00007d10       ___acrt_uninitialize_critical 10008d10 f   MSVCRTD:ucrt_stubs.obj
 0001:00007d10       ___scrt_stub_for_acrt_uninitialize_critical 10008d10 f   MSVCRTD:ucrt_stubs.obj
 0001:00007d10       ___vcrt_uninitialize_critical 10008d10 f   MSVCRTD:ucrt_stubs.obj
 0001:00007d20       ___scrt_stub_for_is_c_termination_complete 10008d20 f   MSVCRTD:ucrt_stubs.obj
 0001:00007d20       __is_c_termination_complete 10008d20 f   MSVCRTD:ucrt_stubs.obj
 0001:00007d30       __filter_x86_sse2_floating_point_exception 10008d30 f   MSVCRTD:x86_exception_filter.obj
 0001:00007d30       __filter_x86_sse2_floating_point_exception_default 10008d30 f   MSVCRTD:x86_exception_filter.obj
 0002:00000000       ___xc_a                    1000b000     MSVCRTD:initializers.obj
 0002:00000104       ___xc_z                    1000b104     MSVCRTD:initializers.obj
 0002:00000208       ___xi_a                    1000b208     MSVCRTD:initializers.obj
 0002:0000030c       ___xi_z                    1000b30c     MSVCRTD:initializers.obj
 0002:00000410       ___xp_a                    1000b410     MSVCRTD:initializers.obj
 0002:00000514       ___xp_z                    1000b514     MSVCRTD:initializers.obj
 0002:00000618       ___xt_a                    1000b618     MSVCRTD:initializers.obj
 0002:0000071c       ___xt_z                    1000b71c     MSVCRTD:initializers.obj
 0002:00000820       ??_C@_08FJNMKDHG@?$DM?5none?5?$DO@ 1000b820     AmbObject.obj
 0002:00000830       ??_C@_1KC@EKBPBCCM@?$AAD?$AA?3?$AA?2?$AAG?$AAe?$AAn?$AAe?$AAs?$AAi?$AAs?$AA?5?$AAa?$AAn?$AAd?$AA?5@ 1000b830     AmbObject.obj
 0002:000008f4       ??_C@_19DFJJNFPI@?$AAd?$AAe?$AAs?$AAt@ 1000b8f4     AmbObject.obj
 0002:00000900       ??_C@_17NHHLECMC@?$AAs?$AAr?$AAc@ 1000b900     AmbObject.obj
 0002:00000910       ??_C@_0FB@MAKNAEDF@D?3?2Genesis?5and?5Jet3d?2JSTUDIO_CL@ 1000b910     AmbObject.obj
 0002:00000971       ??_C@_00CNPNBAHC@@         1000b971     AmbObject.obj
 0002:00000974       ??_C@_0BH@KIBLNGDK@JE_ERR_MEMORY_RESOURCE@ 1000b974     AmbObject.obj
 0002:00000990       ??_C@_0P@PBGFBBME@AmbientObj?4ddl@ 1000b990     AmbObject.obj
 0002:000009a4       ??_C@_08BHOLMFEG@jeBitmap@ 1000b9a4     AmbObject.obj
 0002:000009b0       ??_C@_1CA@JKCKKNCD@?$AAp?$AAA?$AAm?$AAb?$AAO?$AAb?$AAj?$AA?5?$AA?$CB?$AA?$DN?$AA?5?$AAN?$AAU?$AAL?$AAL@ 1000b9b0     AmbObject.obj
 0002:000009d8       ??_C@_1BA@MFNFIOJN@?$AAp?$AAB?$AAi?$AAt?$AAm?$AAa?$AAp@ 1000b9d8     AmbObject.obj
 0002:000009ec       ??_C@_1DA@HKHFIBLI@?$AAp?$AAA?$AAm?$AAb?$AAO?$AAb?$AAj?$AA?9?$AA?$DO?$AAR?$AAe?$AAs?$AAo?$AAu?$AAr@ 1000b9ec     AmbObject.obj
 0002:00000a28       ??_C@_0DF@FEFBDIMG@AmbObject_LoadSound?3?5jeWorld_Ge@ 1000ba28     AmbObject.obj
 0002:00000a68       ??_C@_0BJ@EGNAMMON@JE_ERR_SUBSYSTEM_FAILURE@ 1000ba68     AmbObject.obj
 0002:00000a88       ??_C@_06CIALMIGC@Sounds@   1000ba88     AmbObject.obj
 0002:00000a90       ??_C@_0CL@JHBLPFBP@AmbObject_LoadSound?3?5jeVFile_Op@ 1000ba90     AmbObject.obj
 0002:00000ac4       ??_C@_0BD@EPDLJDNO@JE_ERR_FILEIO_OPEN@ 1000bac4     AmbObject.obj
 0002:00000adc       ??_C@_0DD@FCHPNFHA@AmbObject_LoadSound?3?5jeSound_Lo@ 1000badc     AmbObject.obj
 0002:00000b1c       ??_C@_0BD@ENGKCHBG@JE_ERR_FILEIO_READ@ 1000bb1c     AmbObject.obj
 0002:00000b34       ??_C@_1BC@NJLGHFPE@?$AAF?$AAi?$AAl?$AAe?$AAB?$AAa?$AAs?$AAe@ 1000bb34     AmbObject.obj
 0002:00000b4c       ??_C@_05FAGDAOCL@?$CK?4wav@ 1000bb4c     AmbObject.obj
 0002:00000b54       ??_C@_1BC@LDHKIAE@?$AAI?$AAn?$AAs?$AAt?$AAa?$AAn?$AAc?$AAe@ 1000bb54     AmbObject.obj
 0002:00000b6c       ??_C@_1O@IJCDOAJL@?$AAp?$AAW?$AAo?$AAr?$AAl?$AAd@ 1000bb6c     AmbObject.obj
 0002:00000b7c       ??_C@_1BE@KMDLKHPM@?$AAp?$AAI?$AAn?$AAs?$AAt?$AAa?$AAn?$AAc?$AAe@ 1000bb7c     AmbObject.obj
 0002:00000b94       ??_C@_1CI@BPAHMHH@?$AAp?$AAA?$AAm?$AAb?$AAO?$AAb?$AAj?$AA?9?$AA?$DO?$AAR?$AAe?$AAf?$AAC?$AAn?$AAt@ 1000bb94     AmbObject.obj
 0002:00000bc4       ??_C@_1O@OIKEGNDA@?$AAE?$AAn?$AAg?$AAi?$AAn?$AAe@ 1000bbc4     AmbObject.obj
 0002:00000bd4       ??_C@_1O@NJAJGJMG@?$AAC?$AAa?$AAm?$AAe?$AAr?$AAa@ 1000bbd4     AmbObject.obj
 0002:00000be4       ??_C@_09BCCCMMKK@FileName?3@ 1000bbe4     AmbObject.obj
 0002:00000bf0       ??_C@_19LKKLLAHI@?$AAB?$AAB?$AAo?$AAx@ 1000bbf0     AmbObject.obj
 0002:00000bfc       ??_C@_0BN@DILBKPLI@AmbObject_CreateFromFile?3Tag@ 1000bbfc     AmbObject.obj
 0002:00000c20       ??_C@_0CB@HKOGADKL@AmbObject_CreateFromFile?3Versio@ 1000bc20     AmbObject.obj
 0002:00000c48       ??_C@_0BO@PKMPBPAG@AmbObject_CreateFromFile?3Name@ 1000bc48     AmbObject.obj
 0002:00000c6c       ??_C@_0CF@EOLFBJEO@AmbObject_CreateFromFile?3SndDat@ 1000bc6c     AmbObject.obj
 0002:00000c98       ??_C@_0CF@BHCHIGKC@AmbObject_CreateFromFile?3SndDat@ 1000bc98     AmbObject.obj
 0002:00000cc4       ??_C@_0CG@ODJIAOP@AmbObject_CreateFromFile?3SndDat@ 1000bcc4     AmbObject.obj
 0002:00000cf4       ??_C@_0BK@BFBMHEJB@AmbObject_WriteToFile?3Tag@ 1000bcf4     AmbObject.obj
 0002:00000d14       ??_C@_0BE@CCAIDFII@JE_ERR_FILEIO_WRITE@ 1000bd14     AmbObject.obj
 0002:00000d2c       ??_C@_0BO@HIHGKHBP@AmbObject_WriteToFile?3Version@ 1000bd2c     AmbObject.obj
 0002:00000d50       ??_C@_0BL@LIFACKLB@AmbObject_WriteToFile?3Name@ 1000bd50     AmbObject.obj
 0002:00000d70       ??_C@_0CC@JNJLNOAJ@AmbObject_WriteToFile?3SndData?4P@ 1000bd70     AmbObject.obj
 0002:00000d98       ??_C@_0CC@MEAJEBOF@AmbObject_WriteToFile?3SndData?4M@ 1000bd98     AmbObject.obj
 0002:00000dc0       ??_C@_0CD@OGFCHKBL@AmbObject_WriteToFile?3SndData?4L@ 1000bdc0     AmbObject.obj
 0002:00000dec       ??_C@_07IIKHJDNC@Radius?3@ 1000bdec     AmbObject.obj
 0002:00000df8       ??_C@_07JLFIFBAE@Display@  1000bdf8     AmbObject.obj
 0002:00000e04       ??_C@_04IOCNJLNK@Mute@     1000be04     AmbObject.obj
 0002:00000e0c       ??_C@_04KLCPKPBE@Loop@     1000be0c     AmbObject.obj
 0002:00000e14       ??_C@_1M@DIFJGACK@?$AAp?$AAD?$AAa?$AAt?$AAa@ 1000be14     AmbObject.obj
 0002:00000e24       ??_C@_0DB@MONHIDNJ@Unable?5to?5add?5the?5Ambient?5UserP@ 1000be24     AmbObject.obj
 0002:00000e60       ??_C@_0DG@FEBCDFOD@Unable?5to?5remove?5the?5Ambient?5Us@ 1000be60     AmbObject.obj
 0002:00000ea0       ??_C@_15BAJPNDCH@?$AAX?$AAF@ 1000bea0     AmbObject.obj
 0002:00000ea8       ??_C@_1CC@CAMJEFBK@?$AAI?$AAn?$AAs?$AAt?$AAa?$AAn?$AAc?$AAe?$AA?5?$AA?$CB?$AA?$DN?$AA?5?$AAN?$AAU?$AAL@ 1000bea8     AmbObject.obj
 0002:00000ed0       ??_C@_0DH@PNPJMBGI@Unable?5to?5allocate?5enough?5RAM?5t@ 1000bed0     AmbObject.obj
 0002:00000f14       ??_C@_06LEBJIAPJ@Memory@   1000bf14     AmbObject.obj
 0002:00000f1c       ??_C@_0CK@JADIPFJF@Unable?5to?5create?5a?5VFile?5Memory@ 1000bf1c     AmbObject.obj
 0002:00000f50       ??_C@_0L@MFPGFNKC@tempObject@ 1000bf50     AmbObject.obj
 0002:00000f60       ??_C@_0CF@CKCDKBOB@Unable?5to?5create?5a?5VFile?5Memory@ 1000bf60     AmbObject.obj
 0002:00000f8c       ??_C@_0CD@EPHHKCKF@Unable?5to?5create?5a?5Pointer?5Mana@ 1000bf8c     AmbObject.obj
 0002:00000fb8       ??_C@_0DH@BKNJBHHF@Unable?5to?5write?5the?5object?5to?5a@ 1000bfb8     AmbObject.obj
 0002:00000ffc       ??_C@_0CM@GHPDDNHJ@Unable?5to?5rewind?5the?5temp?5VFile@ 1000bffc     AmbObject.obj
 0002:00001030       ??_C@_0DO@EDLKNMAJ@Unable?5to?5reade?5the?5object?5back@ 1000c030     AmbObject.obj
 0002:0000107c       __real@00000000            1000c07c     AmbObject.obj
 0002:00001080       __real@3f800000            1000c080     AmbObject.obj
 0002:00001084       __real@40a00000            1000c084     AmbObject.obj
 0002:00001088       __real@41200000            1000c088     AmbObject.obj
 0002:0000108c       __real@437f0000            1000c08c     AmbObject.obj
 0002:00001090       __real@447a0000            1000c090     AmbObject.obj
 0002:00001094       __real@7f7fffff            1000c094     AmbObject.obj
 0002:00001098       ??_C@_09HLCIDALF@AmbObject@ 1000c098     ObjectDef.obj
 0002:000010a8       ??_C@_1JG@LFBNKOCH@?$AAD?$AA?3?$AA?2?$AAG?$AAe?$AAn?$AAe?$AAs?$AAi?$AAs?$AA?5?$AAa?$AAn?$AAd?$AA?5@ 1000c0a8     Snd.obj
 0002:0000115c       ??_C@_1DC@ELHFMFGH@?$AAE?$AAx?$AAt?$AAe?$AAr?$AAn?$AAa?$AAl?$AAR?$AAe?$AAs?$AAo?$AAu?$AAr?$AAc@ 1000c15c     Snd.obj
 0002:00001198       ??_C@_1BK@MOHHCICO@?$AAD?$AAa?$AAt?$AAa?$AA?5?$AA?$CB?$AA?$DN?$AA?5?$AAN?$AAU?$AAL?$AAL@ 1000c198     Snd.obj
 0002:000011b8       ??_C@_1BO@FHHGEIDO@?$AAV?$AAo?$AAl?$AAu?$AAm?$AAe?$AA?5?$AA?$CB?$AA?$DN?$AA?5?$AAN?$AAU?$AAL?$AAL@ 1000c1b8     Snd.obj
 0002:000011dc       ??_C@_1BI@LCGNIEAB@?$AAP?$AAa?$AAn?$AA?5?$AA?$CB?$AA?$DN?$AA?5?$AAN?$AAU?$AAL?$AAL@ 1000c1dc     Snd.obj
 0002:000011f8       ??_C@_1CE@EHANLIFD@?$AAF?$AAr?$AAe?$AAq?$AAu?$AAe?$AAn?$AAc?$AAy?$AA?5?$AA?$CB?$AA?$DN?$AA?5?$AAN?$AAU@ 1000c1f8     Snd.obj
 0002:00001228       ??_C@_1EC@HCFJEJMJ@?$AAE?$AAx?$AAt?$AAe?$AAr?$AAn?$AAa?$AAl?$AAR?$AAe?$AAs?$AAo?$AAu?$AAr?$AAc@ 1000c228     Snd.obj
 0002:00001278       ??_C@_1CC@ONBJDCJM@?$AAR?$AAe?$AAs?$AAo?$AAu?$AAr?$AAc?$AAe?$AA?5?$AA?$CB?$AA?$DN?$AA?5?$AAN?$AAU?$AAL@ 1000c278     Snd.obj
 0002:000012a0       ??_C@_0CE@MDOMCCHD@Snd_Process?3?5sound?5def?5play?5fai@ 1000c2a0     Snd.obj
 0002:000012d0       ??_C@_0EL@BJBDDFJJ@D?3?2Genesis?5and?5Jet3d?2JSTUDIO_CL@ 1000c2d0     Snd.obj
 0002:0000132c       ??_C@_0BG@DEHHKNCO@JE_ERR_SOUND_RESOURCE@ 1000c32c     Snd.obj
 0002:00001348       ??_C@_0CC@NHDLDDL@Snd_Process?3?5sound?5modify?5faile@ 1000c348     Snd.obj
 0002:00001370       __real@3ca3d70a            1000c370     Snd.obj
 0002:00001374       __real@3cf5c28f            1000c374     Snd.obj
 0002:00001378       __real@3dcccccd            1000c378     Snd.obj
 0002:00001380       __xmm@80000000800000008000000080000000 1000c380     Snd.obj
 0002:00001394       __pDefaultRawDllMain       1000c394     MSVCRTD:dll_dllmain.obj
 0002:00001394       __pRawDllMain              1000c394     MSVCRTD:dll_dllmain.obj
 0002:00001458       ??_C@_0NN@JMPELKLB@The?5value?5of?5ESP?5was?5not?5proper@ 1000c458     MSVCRTD:error.obj
 0002:00001568       ??_C@_0BBN@ELNNILBE@A?5cast?5to?5a?5smaller?5data?5type?5h@ 1000c568     MSVCRTD:error.obj
 0002:000016c0       ??_C@_0BN@BPOGFMJL@Stack?5memory?5was?5corrupted?$AN?6@ 1000c6c0     MSVCRTD:error.obj
 0002:000016e4       ??_C@_0DG@DAJCDLPN@A?5local?5variable?5was?5used?5befor@ 1000c6e4     MSVCRTD:error.obj
 0002:00001724       ??_C@_0CM@JMIDGKLA@Stack?5memory?5around?5_alloca?5was@ 1000c724     MSVCRTD:error.obj
 0002:00001758       ??_C@_0BO@CHIONIOI@Unknown?5Runtime?5Check?5Error?$AN?6@ 1000c758     MSVCRTD:error.obj
 0002:00001780       ??_C@_1GM@CNOOJIHC@?$AAR?$AAu?$AAn?$AAt?$AAi?$AAm?$AAe?$AA?5?$AAC?$AAh?$AAe?$AAc?$AAk?$AA?5?$AAE@ 1000c780     MSVCRTD:error.obj
 0002:00001808       ??_C@_1EA@NFKNIFJP@?$AAR?$AAu?$AAn?$AA?9?$AAT?$AAi?$AAm?$AAe?$AA?5?$AAC?$AAh?$AAe?$AAc?$AAk?$AA?5@ 1000c808     MSVCRTD:error.obj
 0002:00001854       ??_C@_0BB@PFFGGCJP@Unknown?5Filename@ 1000c854     MSVCRTD:error.obj
 0002:00001868       ??_C@_0BE@GNBOBNCK@Unknown?5Module?5Name@ 1000c868     MSVCRTD:error.obj
 0002:00001880       ??_C@_0CA@IODNCDPG@Run?9Time?5Check?5Failure?5?$CD?$CFd?5?9?5?$CFs@ 1000c880     MSVCRTD:error.obj
 0002:000018a8       ??_C@_0CG@IAFNJNEE@Stack?5corrupted?5near?5unknown?5va@ 1000c8a8     MSVCRTD:error.obj
 0002:000018d8       ??_C@_05MKKEDADM@?$CF?42X?5@ 1000c8d8     MSVCRTD:error.obj
 0002:000018e0       ??_C@_0EJ@LJKNEOLN@Stack?5area?5around?5_alloca?5memor@ 1000c8e0     MSVCRTD:error.obj
 0002:00001938       ??_C@_01EEMJAFIK@?6@       1000c938     MSVCRTD:error.obj
 0002:0000193c       ??_C@_02LLMPMKNF@?$DO?5@   1000c93c     MSVCRTD:error.obj
 0002:00001940       ??_C@_08OMAHNMHJ@?6Data?3?5?$DM@ 1000c940     MSVCRTD:error.obj
 0002:0000194c       ??_C@_0CK@DKGBICFE@?6Allocation?5number?5within?5this?5@ 1000c94c     MSVCRTD:error.obj
 0002:00001980       ??_C@_07DFDJCKFN@?6Size?3?5@ 1000c980     MSVCRTD:error.obj
 0002:0000198c       ??_C@_0N@MHFFIMFG@?6Address?3?50x@ 1000c98c     MSVCRTD:error.obj
 0002:000019a0       ??_C@_0EI@CLEPFNGI@Stack?5area?5around?5_alloca?5memor@ 1000c9a0     MSVCRTD:error.obj
 0002:000019f8       ??_C@_0BK@ODNDAGKB@?$CFs?$CFs?$CFp?$CFs?$CFzd?$CFs?$CFd?$CFs?$CFs?$CFs?$CFs?$CFs@ 1000c9f8     MSVCRTD:error.obj
 0002:00001a18       ??_C@_0DE@OHJBPMBP@A?5variable?5is?5being?5used?5withou@ 1000ca18     MSVCRTD:error.obj
 0002:00001a7c       ??_C@_0BJ@HEGAHDFO@Stack?5pointer?5corruption@ 1000ca7c     MSVCRTD:userapi.obj
 0002:00001a9c       ??_C@_0CK@FEGOIOPB@Cast?5to?5smaller?5type?5causing?5lo@ 1000ca9c     MSVCRTD:userapi.obj
 0002:00001ad0       ??_C@_0BI@CIGMDCBH@Stack?5memory?5corruption@ 1000cad0     MSVCRTD:userapi.obj
 0002:00001aec       ??_C@_0CK@CNLNOEPB@Local?5variable?5used?5before?5init@ 1000caec     MSVCRTD:userapi.obj
 0002:00001b20       ??_C@_0BP@OGBCLIBO@Stack?5around?5_alloca?5corrupted@ 1000cb20     MSVCRTD:userapi.obj
 0002:00001ba0       ??_C@_1EI@MLPKHBGE@?$AAa?$AAp?$AAi?$AA?9?$AAm?$AAs?$AA?9?$AAw?$AAi?$AAn?$AA?9?$AAc?$AAo?$AAr?$AAe@ 1000cba0     MSVCRTD:pdblkup.obj
 0002:00001bf8       ??_C@_1BK@JHLNAEJL@?$AAa?$AAd?$AAv?$AAa?$AAp?$AAi?$AA3?$AA2?$AA?4?$AAd?$AAl?$AAl@ 1000cbf8     MSVCRTD:pdblkup.obj
 0002:00001c18       ??_C@_0O@COHOBMLB@RegOpenKeyExW@ 1000cc18     MSVCRTD:pdblkup.obj
 0002:00001c28       ??_C@_0BB@GLNAEDBD@RegQueryValueExW@ 1000cc28     MSVCRTD:pdblkup.obj
 0002:00001c3c       ??_C@_0M@HLOHPNFA@RegCloseKey@ 1000cc3c     MSVCRTD:pdblkup.obj
 0002:00001c50       ??_C@_1HE@EBEAGLFB@?$AAS?$AAO?$AAF?$AAT?$AAW?$AAA?$AAR?$AAE?$AA?2?$AAW?$AAo?$AAw?$AA6?$AA4?$AA3@ 1000cc50     MSVCRTD:pdblkup.obj
 0002:00001cdc       ??_C@_1BG@EABPBLLF@?$AAP?$AAr?$AAo?$AAd?$AAu?$AAc?$AAt?$AAD?$AAi?$AAr@ 1000ccdc     MSVCRTD:pdblkup.obj
 0002:00001d1c       ??_C@_1BC@JINFINNJ@?$AAM?$AAS?$AAP?$AAD?$AAB?$AA1?$AA4?$AA0@ 1000cd1c     MSVCRTD:pdblkup.obj
 0002:00001d34       ??_C@_0BB@KCIACLNC@PDBOpenValidate5@ 1000cd34     MSVCRTD:pdblkup.obj
 0002:00001d48       ??_C@_01KDCPPGHE@r@        1000cd48     MSVCRTD:pdblkup.obj
 0002:00001d50       __load_config_used         1000cd50     MSVCRTD:loadcfg.obj
 0002:00002000       ___CastGuardVftablesStart  1000d000     MSVCRTD:guard_support.obj
 0002:00002180       ___CastGuardVftablesEnd    1000d180     MSVCRTD:guard_support.obj
 0002:000022cc       ___safe_se_handler_table   1000d2cc     <linker-defined>
 0002:0000257c       ___rtc_iaa                 1000d57c     MSVCRTD:initsect.obj
 0002:00002790       ___rtc_izz                 1000d790     MSVCRTD:initsect.obj
 0002:00002894       ___rtc_taa                 1000d894     MSVCRTD:initsect.obj
 0002:00002aa8       ___rtc_tzz                 1000daa8     MSVCRTD:initsect.obj
 0003:00000000       _AmbPropertyList           1000e000     AmbObject.obj
 0003:00000014       ?__LINE__Var@?0??Util_StrDupManagePtr@@9@9 1000e014     AmbObject.obj
 0003:00000018       ?__LINE__Var@?0??AmbObject_InitIcon@@9@9 1000e018     AmbObject.obj
 0003:0000001c       ?__LINE__Var@?0??AmbObject_UpdateIcon@@9@9 1000e01c     AmbObject.obj
 0003:00000020       ?__LINE__Var@?0??AmbObject_LoadSound@@9@9 1000e020     AmbObject.obj
 0003:00000024       ?__LINE__Var@?0??AmbObj_ReadSoundNames@@9@9 1000e024     AmbObject.obj
 0003:00000028       ?__LINE__Var@?0??AmbObj_GetSoundNames@@9@9 1000e028     AmbObject.obj
 0003:0000002c       ?__LINE__Var@?0??CreateInstance@@9@9 1000e02c     AmbObject.obj
 0003:00000030       ?__LINE__Var@?0??CreateRef@@9@9 1000e030     AmbObject.obj
 0003:00000034       ?__LINE__Var@?0??Destroy@@9@9 1000e034     AmbObject.obj
 0003:00000038       ?__LINE__Var@?0??Render@@9@9 1000e038     AmbObject.obj
 0003:0000003c       ?__LINE__Var@?0??AttachWorld@@9@9 1000e03c     AmbObject.obj
 0003:00000040       ?__LINE__Var@?0??DettachWorld@@9@9 1000e040     AmbObject.obj
 0003:00000044       ?__LINE__Var@?0??AttachEngine@@9@9 1000e044     AmbObject.obj
 0003:00000048       ?__LINE__Var@?0??DettachEngine@@9@9 1000e048     AmbObject.obj
 0003:0000004c       ?__LINE__Var@?0??AttachSoundSystem@@9@9 1000e04c     AmbObject.obj
 0003:00000050       ?__LINE__Var@?0??DettachSoundSystem@@9@9 1000e050     AmbObject.obj
 0003:00000054       ?__LINE__Var@?0??GetExtBox@@9@9 1000e054     AmbObject.obj
 0003:00000058       ?__LINE__Var@?0??CreateFromFile@@9@9 1000e058     AmbObject.obj
 0003:0000005c       ?__LINE__Var@?0??WriteToFile@@9@9 1000e05c     AmbObject.obj
 0003:00000060       ?__LINE__Var@?0??GetPropertyList@@9@9 1000e060     AmbObject.obj
 0003:00000064       ?__LINE__Var@?0??SetProperty@@9@9 1000e064     AmbObject.obj
 0003:00000068       ?__LINE__Var@?0??SetXForm@@9@9 1000e068     AmbObject.obj
 0003:0000006c       ?__LINE__Var@?0??GetXForm@@9@9 1000e06c     AmbObject.obj
 0003:00000070       ?__LINE__Var@?0??MessageFunction@@9@9 1000e070     AmbObject.obj
 0003:00000074       ?__LINE__Var@?0??UpdateTimeDelta@@9@9 1000e074     AmbObject.obj
 0003:00000078       ?__LINE__Var@?0??DuplicateInstance@@9@9 1000e078     AmbObject.obj
 0003:00000080       _ObjectDef                 1000e080     ObjectDef.obj
 0003:00000124       ?__LINE__Var@?0??Snd_Get3dSoundValues@@9@9 1000e124     Snd.obj
 0003:00000128       ?__LINE__Var@?0??Snd_Remove@@9@9 1000e128     Snd.obj
 0003:0000012c       ?__LINE__Var@?0??Snd_Process@@9@9 1000e12c     Snd.obj
 0003:00000130       ___security_cookie         1000e130     MSVCRTD:gs_cookie.obj
 0003:00000134       ___security_cookie_complement 1000e134     MSVCRTD:gs_cookie.obj
 0003:0000013c       __fltused                  1000e13c     MSVCRTD:fltused.obj
 0003:00000140       ?_RTC_ErrorLevels@@3PAHA   1000e140     MSVCRTD:error.obj
 0003:00000158       ___scrt_native_dllmain_reason 1000e158     MSVCRTD:utility.obj
 0003:0000015c       ___isa_enabled             1000e15c     MSVCRTD:cpu_disp.obj
 0003:00000160       ___scrt_ucrt_dll_is_in_use 1000e160     MSVCRTD:ucrt_stubs.obj
 0003:000002a0       _NameListCount             1000e2a0     AmbObject.obj
 0003:000002b8       ?_OptionsStorage@?1??__local_stdio_printf_options@@9@4_KA 1000e2b8     MSVCRTD:error.obj
 0003:00000690       ?__type_info_root_node@@3U__type_info_node@@A 1000e690     MSVCRTD:tncleanup.obj
 0003:000006a0       ?_OptionsStorage@?1??__local_stdio_scanf_options@@9@4_KA 1000e6a0     MSVCRTD:default_local_stdio_options.obj
 0003:000006ac       ___scrt_current_native_startup_state 1000e6ac     MSVCRTD:utility.obj
 0003:000006b0       ___scrt_native_startup_lock 1000e6b0     MSVCRTD:utility.obj
 0003:000006d8       ___scrt_debugger_hook_flag 1000e6d8     MSVCRTD:utility_desktop.obj
 0003:000006e4       ___isa_available           1000e6e4     MSVCRTD:cpu_disp.obj
 0003:000006e8       ___favor                   1000e6e8     MSVCRTD:cpu_disp.obj
 0003:00000700       _NameList                  1000e700     <common>
 0003:00001a80       _AmbProperties             1000fa80     <common>
 0003:00001b70       ___dyn_tls_init_callback   1000fb70     <common>
 0004:00000000       __imp__jeVFile_CreateFinder@8 10010000     jet3DClassic11d:Jet3DClassic11d.dll
 0004:00000004       __imp__jeVFile_DestroyFinder@4 10010004     jet3DClassic11d:Jet3DClassic11d.dll
 0004:00000008       __imp__jeVFile_FinderGetNextFile@4 10010008     jet3DClassic11d:Jet3DClassic11d.dll
 0004:0000000c       __imp__jeVFile_FinderGetProperties@8 1001000c     jet3DClassic11d:Jet3DClassic11d.dll
 0004:00000010       __imp__jeVFile_OpenNewSystem@20 10010010     jet3DClassic11d:Jet3DClassic11d.dll
 0004:00000014       __imp__jeVFile_Open@12     10010014     jet3DClassic11d:Jet3DClassic11d.dll
 0004:00000018       __imp__jeVFile_Close@4     10010018     jet3DClassic11d:Jet3DClassic11d.dll
 0004:0000001c       __imp__jeVFile_Read@12     1001001c     jet3DClassic11d:Jet3DClassic11d.dll
 0004:00000020       __imp__jeVFile_Write@12    10010020     jet3DClassic11d:Jet3DClassic11d.dll
 0004:00000024       __imp__jeVFile_Seek@12     10010024     jet3DClassic11d:Jet3DClassic11d.dll
 0004:00000028       __imp__jeVFile_Rewind@4    10010028     jet3DClassic11d:Jet3DClassic11d.dll
 0004:0000002c       __imp__jePtrMgr_Create@0   1001002c     jet3DClassic11d:Jet3DClassic11d.dll
 0004:00000030       __imp__jeBitmap_CreateFromFile@4 10010030     jet3DClassic11d:Jet3DClassic11d.dll
 0004:00000034       __imp__jeBitmap_Destroy@4  10010034     jet3DClassic11d:Jet3DClassic11d.dll
 0004:00000038       __imp__jeBitmap_SetColorKey@16 10010038     jet3DClassic11d:Jet3DClassic11d.dll
 0004:0000003c       __imp__jeXForm3d_SetIdentity@4 1001003c     jet3DClassic11d:Jet3DClassic11d.dll
 0004:00000040       __imp__jeEngine_AddBitmap@12 10010040     jet3DClassic11d:Jet3DClassic11d.dll
 0004:00000044       __imp__jeEngine_RemoveBitmap@8 10010044     jet3DClassic11d:Jet3DClassic11d.dll
 0004:00000048       __imp__jeExtBox_Set@28     10010048     jet3DClassic11d:Jet3DClassic11d.dll
 0004:0000004c       __imp__jeProperty_ListCopy@4 1001004c     jet3DClassic11d:Jet3DClassic11d.dll
 0004:00000050       __imp__jeProperty_FillCheck@16 10010050     jet3DClassic11d:Jet3DClassic11d.dll
 0004:00000054       __imp__jeProperty_FillFloat@28 10010054     jet3DClassic11d:Jet3DClassic11d.dll
 0004:00000058       __imp__jeProperty_FillCombo@24 10010058     jet3DClassic11d:Jet3DClassic11d.dll
 0004:0000005c       __imp__jeSound_LoadSoundDef@8 1001005c     jet3DClassic11d:Jet3DClassic11d.dll
 0004:00000060       __imp__jeSound_FreeSoundDef@8 10010060     jet3DClassic11d:Jet3DClassic11d.dll
 0004:00000064       __imp__jeSound_StopSound@8 10010064     jet3DClassic11d:Jet3DClassic11d.dll
 0004:00000068       __imp__jeSound_GetStatus@8 10010068     jet3DClassic11d:Jet3DClassic11d.dll
 0004:0000006c       __imp__jeMaterialSpec_Create@8 1001006c     jet3DClassic11d:Jet3DClassic11d.dll
 0004:00000070       __imp__jeMaterialSpec_AddLayerFromBitmap@16 10010070     jet3DClassic11d:Jet3DClassic11d.dll
 0004:00000074       __imp__jeUserPoly_CreateSprite@16 10010074     jet3DClassic11d:Jet3DClassic11d.dll
 0004:00000078       __imp__jeUserPoly_Destroy@4 10010078     jet3DClassic11d:Jet3DClassic11d.dll
 0004:0000007c       __imp__jeUserPoly_UpdateSprite@16 1001007c     jet3DClassic11d:Jet3DClassic11d.dll
 0004:00000080       __imp__jeResource_MgrDestroy@4 10010080     jet3DClassic11d:Jet3DClassic11d.dll
 0004:00000084       __imp__jeResourceMgr_GetEngine@4 10010084     jet3DClassic11d:Jet3DClassic11d.dll
 0004:00000088       __imp__jeResourceMgr_GetSingleton@0 10010088     jet3DClassic11d:Jet3DClassic11d.dll
 0004:0000008c       __imp__jeResource_GetVFile@8 1001008c     jet3DClassic11d:Jet3DClassic11d.dll
 0004:00000090       __imp__jeWorld_GetRenderRecursion@4 10010090     jet3DClassic11d:Jet3DClassic11d.dll
 0004:00000094       __imp__jeWorld_AddUserPoly@12 10010094     jet3DClassic11d:Jet3DClassic11d.dll
 0004:00000098       __imp__jeWorld_RemoveUserPoly@8 10010098     jet3DClassic11d:Jet3DClassic11d.dll
 0004:0000009c       __imp__jeWorld_GetResourceMgr@4 1001009c     jet3DClassic11d:Jet3DClassic11d.dll
 0004:000000a0       __imp__jeErrorLog_AddExplicit@24 100100a0     jet3DClassic11d:Jet3DClassic11d.dll
 0004:000000a4       __imp___jeRam_DebugAllocate@12 100100a4     jet3DClassic11d:Jet3DClassic11d.dll
 0004:000000a8       __imp__jeRam_Free_@4       100100a8     jet3DClassic11d:Jet3DClassic11d.dll
 0004:000000ac       __imp__jeObject_RegisterGlobalObjectDef@4 100100ac     jet3DClassic11d:Jet3DClassic11d.dll
 0004:000000b0       __imp__jeCamera_GetXForm@8 100100b0     jet3DClassic11d:Jet3DClassic11d.dll
 0004:000000b4       __imp__jeSound_PlaySoundDef@24 100100b4     jet3DClassic11d:Jet3DClassic11d.dll
 0004:000000b8       __imp__jeSound_ModifySound@20 100100b8     jet3DClassic11d:Jet3DClassic11d.dll
 0004:000000bc       __imp__jeSound3D_GetConfig@32 100100bc     jet3DClassic11d:Jet3DClassic11d.dll
 0004:000000c0       \177Jet3DClassic11d_NULL_THUNK_DATA 100100c0     jet3DClassic11d:Jet3DClassic11d.dll
 0004:00000110       __imp__LoadResource@8      10010110     kernel32:KERNEL32.dll
 0004:00000114       __imp__LockResource@4      10010114     kernel32:KERNEL32.dll
 0004:00000118       __imp__SizeofResource@8    10010118     kernel32:KERNEL32.dll
 0004:0000011c       __imp__LoadLibraryA@4      1001011c     kernel32:KERNEL32.dll
 0004:00000120       __imp__FindResourceA@12    10010120     kernel32:KERNEL32.dll
 0004:00000124       __imp__FreeLibrary@4       10010124     kernel32:KERNEL32.dll
 0004:00000128       __imp__VirtualQuery@12     10010128     kernel32:KERNEL32.dll
 0004:0000012c       __imp__GetProcAddress@8    1001012c     kernel32:KERNEL32.dll
 0004:00000130       __imp__GetProcessHeap@0    10010130     kernel32:KERNEL32.dll
 0004:00000134       __imp__HeapFree@12         10010134     kernel32:KERNEL32.dll
 0004:00000138       __imp__HeapAlloc@12        10010138     kernel32:KERNEL32.dll
 0004:0000013c       __imp__GetLastError@0      1001013c     kernel32:KERNEL32.dll
 0004:00000140       __imp__GetModuleHandleW@4  10010140     kernel32:KERNEL32.dll
 0004:00000144       __imp__GetStartupInfoW@4   10010144     kernel32:KERNEL32.dll
 0004:00000148       __imp__InitializeSListHead@4 10010148     kernel32:KERNEL32.dll
 0004:0000014c       __imp__GetSystemTimeAsFileTime@4 1001014c     kernel32:KERNEL32.dll
 0004:00000150       __imp__GetCurrentThreadId@0 10010150     kernel32:KERNEL32.dll
 0004:00000154       __imp__GetCurrentProcessId@0 10010154     kernel32:KERNEL32.dll
 0004:00000158       __imp__QueryPerformanceCounter@4 10010158     kernel32:KERNEL32.dll
 0004:0000015c       __imp__IsProcessorFeaturePresent@4 1001015c     kernel32:KERNEL32.dll
 0004:00000160       __imp__TerminateProcess@8  10010160     kernel32:KERNEL32.dll
 0004:00000164       __imp__GetCurrentProcess@0 10010164     kernel32:KERNEL32.dll
 0004:00000168       __imp__SetUnhandledExceptionFilter@4 10010168     kernel32:KERNEL32.dll
 0004:0000016c       __imp__UnhandledExceptionFilter@4 1001016c     kernel32:KERNEL32.dll
 0004:00000170       __imp__WideCharToMultiByte@32 10010170     kernel32:KERNEL32.dll
 0004:00000174       __imp__MultiByteToWideChar@24 10010174     kernel32:KERNEL32.dll
 0004:00000178       __imp__RaiseException@16   10010178     kernel32:KERNEL32.dll
 0004:0000017c       __imp__IsDebuggerPresent@0 1001017c     kernel32:KERNEL32.dll
 0004:00000180       \177KERNEL32_NULL_THUNK_DATA 10010180     kernel32:KERNEL32.dll
 0004:000001c0       __imp____current_exception 100101c0     vcruntimed:VCRUNTIME140D.dll
 0004:000001c4       __imp____current_exception_context 100101c4     vcruntimed:VCRUNTIME140D.dll
 0004:000001c8       __imp___except_handler4_common 100101c8     vcruntimed:VCRUNTIME140D.dll
 0004:000001cc       __imp____vcrt_GetModuleFileNameW 100101cc     vcruntimed:VCRUNTIME140D.dll
 0004:000001d0       __imp____vcrt_GetModuleHandleW 100101d0     vcruntimed:VCRUNTIME140D.dll
 0004:000001d4       __imp____vcrt_LoadLibraryExW 100101d4     vcruntimed:VCRUNTIME140D.dll
 0004:000001d8       __imp__memset              100101d8     vcruntimed:VCRUNTIME140D.dll
 0004:000001dc       __imp____std_type_info_destroy_list 100101dc     vcruntimed:VCRUNTIME140D.dll
 0004:000001e0       \177VCRUNTIME140D_NULL_THUNK_DATA 100101e0     vcruntimed:VCRUNTIME140D.dll
 0004:00000210       __imp__wcscpy_s            10010210     ucrtd:ucrtbased.dll
 0004:00000214       __imp___strlwr             10010214     ucrtd:ucrtbased.dll
 0004:00000214       __imp__strlwr              10010214     ucrtd:ucrtbased.dll
 0004:00000218       __imp___wmakepath_s        10010218     ucrtd:ucrtbased.dll
 0004:0000021c       __imp___configure_narrow_argv 1001021c     ucrtd:ucrtbased.dll
 0004:00000220       __imp___seh_filter_dll     10010220     ucrtd:ucrtbased.dll
 0004:00000224       __imp____stdio_common_vsprintf_s 10010224     ucrtd:ucrtbased.dll
 0004:00000228       __imp__strcat_s            10010228     ucrtd:ucrtbased.dll
 0004:0000022c       __imp__terminate           1001022c     ucrtd:ucrtbased.dll
 0004:00000230       __imp___initterm_e         10010230     ucrtd:ucrtbased.dll
 0004:00000234       __imp___initterm           10010234     ucrtd:ucrtbased.dll
 0004:00000238       __imp___CrtDbgReportW      10010238     ucrtd:ucrtbased.dll
 0004:0000023c       __imp___CrtDbgReport       1001023c     ucrtd:ucrtbased.dll
 0004:00000240       __imp___wassert            10010240     ucrtd:ucrtbased.dll
 0004:00000244       __imp__strlen              10010244     ucrtd:ucrtbased.dll
 0004:00000248       __imp__strcpy              10010248     ucrtd:ucrtbased.dll
 0004:0000024c       __imp__strcmp              1001024c     ucrtd:ucrtbased.dll
 0004:00000250       __imp___wsplitpath_s       10010250     ucrtd:ucrtbased.dll
 0004:00000254       __imp___cexit              10010254     ucrtd:ucrtbased.dll
 0004:00000258       __imp___crt_at_quick_exit  10010258     ucrtd:ucrtbased.dll
 0004:0000025c       __imp___crt_atexit         1001025c     ucrtd:ucrtbased.dll
 0004:00000260       __imp___execute_onexit_table 10010260     ucrtd:ucrtbased.dll
 0004:00000264       __imp___register_onexit_function 10010264     ucrtd:ucrtbased.dll
 0004:00000268       __imp___initialize_onexit_table 10010268     ucrtd:ucrtbased.dll
 0004:0000026c       __imp__strcpy_s            1001026c     ucrtd:ucrtbased.dll
 0004:00000270       __imp___initialize_narrow_environment 10010270     ucrtd:ucrtbased.dll
 0004:00000274       \177ucrtbased_NULL_THUNK_DATA 10010274     ucrtd:ucrtbased.dll
 0004:000002b4       __IMPORT_DESCRIPTOR_Jet3DClassic11d 100102b4     jet3DClassic11d:Jet3DClassic11d.dll
 0004:000002c8       __IMPORT_DESCRIPTOR_KERNEL32 100102c8     kernel32:KERNEL32.dll
 0004:000002dc       __IMPORT_DESCRIPTOR_VCRUNTIME140D 100102dc     vcruntimed:VCRUNTIME140D.dll
 0004:000002f0       __IMPORT_DESCRIPTOR_ucrtbased 100102f0     ucrtd:ucrtbased.dll
 0004:00000304       __NULL_IMPORT_DESCRIPTOR   10010304     jet3DClassic11d:Jet3DClassic11d.dll
 0005:00000000       ___guard_check_icall_fptr  10012000     MSVCRTD:guard_support.obj
 0005:00000004       ___guard_xfg_check_icall_fptr 10012004     MSVCRTD:guard_support.obj
 0005:00000008       ___castguard_check_failure_os_handled_fptr 10012008     MSVCRTD:guard_support.obj

 entry point at        0001:0000027b

 Static symbols

 0000:00000000       _volmd                     10000000     AmbObject.obj
 0000:00000000       _volmd                     10000000     AmbObject.obj
 0000:fffeb000       .debug$S                   10000000     AmbientObj.exp
 0000:00000000       _volmd                     10000000     Snd.obj
 0000:fffeb000       .debug$S                   10000000     jet3DClassic11d:Jet3DClassic11d.dll
 0000:fffeb000       .debug$S                   10000000     jet3DClassic11d:Jet3DClassic11d.dll
 0000:fffeb000       .debug$S                   10000000     jet3DClassic11d:Jet3DClassic11d.dll
 0000:fffeb000       .debug$S                   10000000     jet3DClassic11d:Jet3DClassic11d.dll
 0000:fffeb000       .debug$S                   10000000     jet3DClassic11d:Jet3DClassic11d.dll
 0000:fffeb000       .debug$S                   10000000     jet3DClassic11d:Jet3DClassic11d.dll
 0000:fffeb000       .debug$S                   10000000     jet3DClassic11d:Jet3DClassic11d.dll
 0000:fffeb000       .debug$S                   10000000     jet3DClassic11d:Jet3DClassic11d.dll
 0000:fffeb000       .debug$S                   10000000     jet3DClassic11d:Jet3DClassic11d.dll
 0000:fffeb000       .debug$S                   10000000     jet3DClassic11d:Jet3DClassic11d.dll
 0000:fffeb000       .debug$S                   10000000     jet3DClassic11d:Jet3DClassic11d.dll
 0000:fffeb000       .debug$S                   10000000     jet3DClassic11d:Jet3DClassic11d.dll
 0000:fffeb000       .debug$S                   10000000     jet3DClassic11d:Jet3DClassic11d.dll
 0000:fffeb000       .debug$S                   10000000     jet3DClassic11d:Jet3DClassic11d.dll
 0000:fffeb000       .debug$S                   10000000     jet3DClassic11d:Jet3DClassic11d.dll
 0000:fffeb000       .debug$S                   10000000     jet3DClassic11d:Jet3DClassic11d.dll
 0000:fffeb000       .debug$S                   10000000     jet3DClassic11d:Jet3DClassic11d.dll
 0000:fffeb000       .debug$S                   10000000     jet3DClassic11d:Jet3DClassic11d.dll
 0000:fffeb000       .debug$S                   10000000     jet3DClassic11d:Jet3DClassic11d.dll
 0000:fffeb000       .debug$S                   10000000     jet3DClassic11d:Jet3DClassic11d.dll
 0000:fffeb000       .debug$S                   10000000     jet3DClassic11d:Jet3DClassic11d.dll
 0000:fffeb000       .debug$S                   10000000     jet3DClassic11d:Jet3DClassic11d.dll
 0000:fffeb000       .debug$S                   10000000     jet3DClassic11d:Jet3DClassic11d.dll
 0000:fffeb000       .debug$S                   10000000     jet3DClassic11d:Jet3DClassic11d.dll
 0000:fffeb000       .debug$S                   10000000     jet3DClassic11d:Jet3DClassic11d.dll
 0000:fffeb000       .debug$S                   10000000     jet3DClassic11d:Jet3DClassic11d.dll
 0000:fffeb000       .debug$S                   10000000     jet3DClassic11d:Jet3DClassic11d.dll
 0000:fffeb000       .debug$S                   10000000     jet3DClassic11d:Jet3DClassic11d.dll
 0000:fffeb000       .debug$S                   10000000     jet3DClassic11d:Jet3DClassic11d.dll
 0000:fffeb000       .debug$S                   10000000     jet3DClassic11d:Jet3DClassic11d.dll
 0000:fffeb000       .debug$S                   10000000     jet3DClassic11d:Jet3DClassic11d.dll
 0000:fffeb000       .debug$S                   10000000     jet3DClassic11d:Jet3DClassic11d.dll
 0000:fffeb000       .debug$S                   10000000     jet3DClassic11d:Jet3DClassic11d.dll
 0000:fffeb000       .debug$S                   10000000     jet3DClassic11d:Jet3DClassic11d.dll
 0000:fffeb000       .debug$S                   10000000     jet3DClassic11d:Jet3DClassic11d.dll
 0000:fffeb000       .debug$S                   10000000     jet3DClassic11d:Jet3DClassic11d.dll
 0000:fffeb000       .debug$S                   10000000     jet3DClassic11d:Jet3DClassic11d.dll
 0000:fffeb000       .debug$S                   10000000     jet3DClassic11d:Jet3DClassic11d.dll
 0000:fffeb000       .debug$S                   10000000     jet3DClassic11d:Jet3DClassic11d.dll
 0000:fffeb000       .debug$S                   10000000     jet3DClassic11d:Jet3DClassic11d.dll
 0000:fffeb000       .debug$S                   10000000     jet3DClassic11d:Jet3DClassic11d.dll
 0000:fffeb000       .debug$S                   10000000     jet3DClassic11d:Jet3DClassic11d.dll
 0000:fffeb000       .debug$S                   10000000     jet3DClassic11d:Jet3DClassic11d.dll
 0000:fffeb000       .debug$S                   10000000     jet3DClassic11d:Jet3DClassic11d.dll
 0000:fffeb000       .debug$S                   10000000     jet3DClassic11d:Jet3DClassic11d.dll
 0000:fffeb000       .debug$S                   10000000     jet3DClassic11d:Jet3DClassic11d.dll
 0000:fffeb000       .debug$S                   10000000     jet3DClassic11d:Jet3DClassic11d.dll
 0000:fffeb000       .debug$S                   10000000     jet3DClassic11d:Jet3DClassic11d.dll
 0000:fffeb000       .debug$S                   10000000     ucrtd:ucrtbased.dll
 0000:fffeb000       .debug$S                   10000000     ucrtd:ucrtbased.dll
 0000:fffeb000       .debug$S                   10000000     ucrtd:ucrtbased.dll
 0000:fffeb000       .debug$S                   10000000     ucrtd:ucrtbased.dll
 0000:fffeb000       .debug$S                   10000000     ucrtd:ucrtbased.dll
 0000:fffeb000       .debug$S                   10000000     ucrtd:ucrtbased.dll
 0000:fffeb000       .debug$S                   10000000     ucrtd:ucrtbased.dll
 0000:fffeb000       .debug$S                   10000000     ucrtd:ucrtbased.dll
 0000:fffeb000       .debug$S                   10000000     ucrtd:ucrtbased.dll
 0000:fffeb000       .debug$S                   10000000     ucrtd:ucrtbased.dll
 0000:fffeb000       .debug$S                   10000000     ucrtd:ucrtbased.dll
 0000:fffeb000       .debug$S                   10000000     ucrtd:ucrtbased.dll
 0000:fffeb000       .debug$S                   10000000     ucrtd:ucrtbased.dll
 0000:fffeb000       .debug$S                   10000000     ucrtd:ucrtbased.dll
 0000:fffeb000       .debug$S                   10000000     ucrtd:ucrtbased.dll
 0000:fffeb000       .debug$S                   10000000     ucrtd:ucrtbased.dll
 0000:fffeb000       .debug$S                   10000000     ucrtd:ucrtbased.dll
 0000:fffeb000       .debug$S                   10000000     ucrtd:ucrtbased.dll
 0000:fffeb000       .debug$S                   10000000     ucrtd:ucrtbased.dll
 0000:fffeb000       .debug$S                   10000000     ucrtd:ucrtbased.dll
 0000:fffeb000       .debug$S                   10000000     ucrtd:ucrtbased.dll
 0000:fffeb000       .debug$S                   10000000     ucrtd:ucrtbased.dll
 0000:fffeb000       .debug$S                   10000000     ucrtd:ucrtbased.dll
 0000:fffeb000       .debug$S                   10000000     ucrtd:ucrtbased.dll
 0000:fffeb000       .debug$S                   10000000     ucrtd:ucrtbased.dll
 0000:fffeb000       .debug$S                   10000000     kernel32:KERNEL32.dll
 0000:fffeb000       .debug$S                   10000000     kernel32:KERNEL32.dll
 0000:fffeb000       .debug$S                   10000000     kernel32:KERNEL32.dll
 0000:fffeb000       .debug$S                   10000000     kernel32:KERNEL32.dll
 0000:fffeb000       .debug$S                   10000000     kernel32:KERNEL32.dll
 0000:fffeb000       .debug$S                   10000000     kernel32:KERNEL32.dll
 0000:fffeb000       .debug$S                   10000000     kernel32:KERNEL32.dll
 0000:fffeb000       .debug$S                   10000000     kernel32:KERNEL32.dll
 0000:fffeb000       .debug$S                   10000000     kernel32:KERNEL32.dll
 0000:fffeb000       .debug$S                   10000000     kernel32:KERNEL32.dll
 0000:fffeb000       .debug$S                   10000000     kernel32:KERNEL32.dll
 0000:fffeb000       .debug$S                   10000000     kernel32:KERNEL32.dll
 0000:fffeb000       .debug$S                   10000000     kernel32:KERNEL32.dll
 0000:fffeb000       .debug$S                   10000000     kernel32:KERNEL32.dll
 0000:fffeb000       .debug$S                   10000000     kernel32:KERNEL32.dll
 0000:fffeb000       .debug$S                   10000000     kernel32:KERNEL32.dll
 0000:fffeb000       .debug$S                   10000000     kernel32:KERNEL32.dll
 0000:fffeb000       .debug$S                   10000000     kernel32:KERNEL32.dll
 0000:fffeb000       .debug$S                   10000000     kernel32:KERNEL32.dll
 0000:fffeb000       .debug$S                   10000000     kernel32:KERNEL32.dll
 0000:fffeb000       .debug$S                   10000000     kernel32:KERNEL32.dll
 0000:fffeb000       .debug$S                   10000000     kernel32:KERNEL32.dll
 0000:fffeb000       .debug$S                   10000000     kernel32:KERNEL32.dll
 0000:fffeb000       .debug$S                   10000000     kernel32:KERNEL32.dll
 0000:fffeb000       .debug$S                   10000000     kernel32:KERNEL32.dll
 0000:fffeb000       .debug$S                   10000000     kernel32:KERNEL32.dll
 0000:fffeb000       .debug$S                   10000000     kernel32:KERNEL32.dll
 0000:fffeb000       .debug$S                   10000000     kernel32:KERNEL32.dll
 0000:fffee000       __guard_fids___except_handler4 10000000     MSVCRTD:chandler4gs.obj
 0000:00000000       _volmd                     10000000     MSVCRTD:cpu_disp.obj
 0000:fffee000       __guard_fids_?dllmain_dispatch@@YAHQAUHINSTANCE__@@KQAX@Z 10000000     MSVCRTD:dll_dllmain.obj
 0000:00000000       _volmd                     10000000     MSVCRTD:gs_report.obj
 0000:fffee000       __guard_fids__             10000000     MSVCRTD:guard_support.obj
 0000:fffee000       __guard_fids__             10000000     MSVCRTD:guard_support.obj
 0000:fffee000       __guard_fids___guard_icall_checks_enforced 10000000     MSVCRTD:guard_support.obj
 0000:00000000       _volmd                     10000000     MSVCRTD:guard_support.obj
 0000:00000000       _volmd                     10000000     MSVCRTD:guard_support.obj
 0000:fffee000       __guard_fids___CRT_RTC_INIT 10000000     MSVCRTD:init.obj
 0000:fffee000       __guard_fids___CRT_RTC_INITW 10000000     MSVCRTD:init.obj
 0000:fffee000       __guard_fids____scrt_set_unhandled_exception_filter 10000000     MSVCRTD:utility_desktop.obj
 0000:fffeb000       .debug$S                   10000000     vcruntimed:VCRUNTIME140D.dll
 0000:fffeb000       .debug$S                   10000000     vcruntimed:VCRUNTIME140D.dll
 0000:fffeb000       .debug$S                   10000000     vcruntimed:VCRUNTIME140D.dll
 0000:fffeb000       .debug$S                   10000000     vcruntimed:VCRUNTIME140D.dll
 0000:fffeb000       .debug$S                   10000000     vcruntimed:VCRUNTIME140D.dll
 0000:fffeb000       .debug$S                   10000000     vcruntimed:VCRUNTIME140D.dll
 0000:fffeb000       .debug$S                   10000000     vcruntimed:VCRUNTIME140D.dll
 0000:fffeb000       .debug$S                   10000000     vcruntimed:VCRUNTIME140D.dll
 0001:00000580       _AmbObj_GetSoundNames@8    10001580 f   AmbObject.obj
 0001:000006c0       $LN10                      100016c0     AmbObject.obj
 0001:000006c8       $LN9                       100016c8     AmbObject.obj
 0001:000006d4       $LN8                       100016d4     AmbObject.obj
 0001:00000740       _AmbObj_ReadSoundNames     10001740 f   AmbObject.obj
 0001:000008bc       $LN10                      100018bc     AmbObject.obj
 0001:000008c4       $LN9                       100018c4     AmbObject.obj
 0001:000008d0       $LN8                       100018d0     AmbObject.obj
 0001:00000950       _AmbObject_InitIcon        10001950 f   AmbObject.obj
 0001:00000bf0       _AmbObject_LoadBmp         10001bf0 f   AmbObject.obj
 0001:00000d34       $LN7                       10001d34     AmbObject.obj
 0001:00000d3c       $LN6                       10001d3c     AmbObject.obj
 0001:00000d48       $LN5                       10001d48     AmbObject.obj
 0001:00000db0       _AmbObject_LoadSound       10001db0 f   AmbObject.obj
 0001:00001050       $LN15                      10002050     AmbObject.obj
 0001:00001058       $LN14                      10002058     AmbObject.obj
 0001:00001064       $LN13                      10002064     AmbObject.obj
 0001:00001120       _AmbObject_UpdateIcon      10002120 f   AmbObject.obj
 0001:000019d4       $LN18                      100029d4     AmbObject.obj
 0001:000019dc       $LN17                      100029dc     AmbObject.obj
 0001:000019f4       $LN16                      100029f4     AmbObject.obj
 0001:000019f8       $LN15                      100029f8     AmbObject.obj
 0001:00002628       $LN12                      10003628     AmbObject.obj
 0001:00002630       $LN11                      10003630     AmbObject.obj
 0001:0000263c       $LN10                      1000363c     AmbObject.obj
 0001:000028fc       $LN7                       100038fc     AmbObject.obj
 0001:00002904       $LN6                       10003904     AmbObject.obj
 0001:00002910       $LN5                       10003910     AmbObject.obj
 0001:000032bc       $LN22                      100042bc     AmbObject.obj
 0001:00003510       _Util_StrDupManagePtr      10004510 f   AmbObject.obj
 0001:00003968       $LN13                      10004968     AmbObject.obj
 0001:00003970       $LN12                      10004970     AmbObject.obj
 0001:00003988       $LN11                      10004988     AmbObject.obj
 0001:0000398c       $LN10                      1000498c     AmbObject.obj
 0001:00003b20       _Snd_Get3dSoundValues      10004b20 f   Snd.obj
 0001:00003d58       $LN15                      10004d58     Snd.obj
 0001:00003d60       $LN14                      10004d60     Snd.obj
 0001:00003d6c       $LN13                      10004d6c     Snd.obj
 0001:000041fc       $LN23                      100051fc     Snd.obj
 0001:00004204       $LN22                      10005204     Snd.obj
 0001:00004228       $LN21                      10005228     Snd.obj
 0001:00004232       $LN20                      10005232     Snd.obj
 0001:00004236       $LN19                      10005236     Snd.obj
 0001:00004800       ?dllmain_crt_dispatch@@YGHQAUHINSTANCE__@@KQAX@Z 10005800 f   MSVCRTD:dll_dllmain.obj
 0001:0000486c       $LN11                      1000586c     MSVCRTD:dll_dllmain.obj
 0001:000048a0       ?dllmain_crt_process_attach@@YAHQAUHINSTANCE__@@QAX@Z 100058a0 f   MSVCRTD:dll_dllmain.obj
 0001:00004a70       ?dllmain_crt_process_detach@@YAH_N@Z 10005a70 f   MSVCRTD:dll_dllmain.obj
 0001:00004bb0       ?dllmain_dispatch@@YAHQAUHINSTANCE__@@KQAX@Z 10005bb0 f   MSVCRTD:dll_dllmain.obj
 0001:00004da0       ?dllmain_raw@@YGHQAUHINSTANCE__@@KQAX@Z 10005da0 f   MSVCRTD:dll_dllmain.obj
 0001:00004e50       ?DebuggerProbe@@YA_NK@Z    10005e50 f   MSVCRTD:error.obj
 0001:00004ea0       ?DebuggerRuntime@@YA_NKHPAXPB_W@Z 10005ea0 f   MSVCRTD:error.obj
 0001:00005170       ?_getMemBlockDataString@@YAXPAD0PBDI@Z 10006170 f   MSVCRTD:error.obj
 0001:00005200       ?_strlen_priv@@YAIPBD@Z    10006200 f   MSVCRTD:error.obj
 0001:00005220       ?failwithmessage@@YAXPAXHHPBD@Z 10006220 f   MSVCRTD:error.obj
 0001:000054a0       ?notify_debugger@@YAXABUtagEXCEPTION_VISUALCPP_DEBUG_INFO@@@Z 100064a0 f   MSVCRTD:error.obj
 0001:00005ba0       ___get_entropy             10006ba0 f   MSVCRTD:gs_support.obj
 0001:00005d90       ?find_pe_section@@YAPAU_IMAGE_SECTION_HEADER@@QAEI@Z 10006d90 f   MSVCRTD:utility.obj
 0001:00005e50       ?is_potentially_valid_image_base@@YA_NQAX@Z 10006e50 f   MSVCRTD:utility.obj
 0001:00006ac0       ___castguard_check_failure_os_handled_wrapper 10007ac0 f   MSVCRTD:guard_support.obj
 0001:00006af0       ___castguard_compat_check  10007af0 f   MSVCRTD:guard_support.obj
 0001:00006c30       ___castguard_slow_path_compat_check 10007c30 f   MSVCRTD:guard_support.obj
 0001:00006cc0       ?GetPdbDll@@YAPAUHINSTANCE__@@XZ 10007cc0 f   MSVCRTD:pdblkup.obj
 0001:00006e60       ?GetPdbDllFromInstallPath@@YAPAUHINSTANCE__@@XZ 10007e60 f   MSVCRTD:pdblkup.obj
 0001:00007150       ?GetPdbDllPathFromFilePath@@YAHPB_WPA_WI@Z 10008150 f   MSVCRTD:pdblkup.obj
 0002:00001398       ?_RTC_ErrorMessages@@3QBQBDB 1000c398     MSVCRTD:error.obj
 0002:000013b0       ?_RTC_NoFalsePositives@@3QBHB 1000c3b0     MSVCRTD:error.obj
 0002:000013c8       ?stack_premsg@@3QBDB       1000c3c8     MSVCRTD:error.obj
 0002:000013e4       ?stack_postmsg@@3QBDB      1000c3e4     MSVCRTD:error.obj
 0002:000013f8       ?uninit_premsg@@3QBDB      1000c3f8     MSVCRTD:error.obj
 0002:00001408       ?uninit_postmsg@@3QBDB     1000c408     MSVCRTD:error.obj
 0002:00001a58       _GS_ExceptionPointers      1000ca58     MSVCRTD:gs_report.obj
 0002:00001a64       ?_RTC_errlist@@3QBQBDB     1000ca64     MSVCRTD:userapi.obj
 0002:00001b48       ?mspdbName@@3QB_WB         1000cb48     MSVCRTD:pdblkup.obj
 0002:00001b6c       ?debugCrtFileName@@3QB_WB  1000cb6c     MSVCRTD:pdblkup.obj
 0002:00001cf8       ?dllExt@?1??GetPdbDllPathFromFilePath@@YAHPB_WPA_WI@Z@4QB_WB 1000ccf8     MSVCRTD:pdblkup.obj
 0002:00001d04       ?mspdbFilename@?1??GetPdbDllPathFromFilePath@@YAHPB_WPA_WI@Z@4QB_WB 1000cd04     MSVCRTD:pdblkup.obj
 0002:00002680       __RTC_InitBase.rtc$IMZ     1000d680     AmbObject.obj
 0002:00002684       __RTC_InitBase.rtc$IMZ     1000d684     ObjectDef.obj
 0002:00002688       __RTC_InitBase.rtc$IMZ     1000d688     Snd.obj
 0002:00002998       __RTC_Shutdown.rtc$TMZ     1000d998     AmbObject.obj
 0002:0000299c       __RTC_Shutdown.rtc$TMZ     1000d99c     ObjectDef.obj
 0002:000029a0       __RTC_Shutdown.rtc$TMZ     1000d9a0     Snd.obj
 0002:00002bb0       __sehtable$?dllmain_crt_process_attach@@YAHQAUHINSTANCE__@@QAX@Z 1000dbb0     MSVCRTD:dll_dllmain.obj
 0002:00002bd0       __sehtable$?dllmain_crt_process_detach@@YAH_N@Z 1000dbd0     MSVCRTD:dll_dllmain.obj
 0002:00002c00       __sehtable$?dllmain_dispatch@@YAHQAUHINSTANCE__@@KQAX@Z 1000dc00     MSVCRTD:dll_dllmain.obj
 0002:00002c20       __sehtable$?notify_debugger@@YAXABUtagEXCEPTION_VISUALCPP_DEBUG_INFO@@@Z 1000dc20     MSVCRTD:error.obj
 0002:00002c40       __sehtable$___scrt_is_nonwritable_in_current_image 1000dc40     MSVCRTD:utility.obj
 0002:00002d80       .edata                     1000dd80     AmbientObj.exp
 0002:00002da8       rgpv                       1000dda8     AmbientObj.exp
 0002:00002dac       rgszName                   1000ddac     AmbientObj.exp
 0002:00002db0       rgwOrd                     1000ddb0     AmbientObj.exp
 0002:00002db2       szName                     1000ddb2     AmbientObj.exp
 0002:00002dc1       $N00001                    1000ddc1     AmbientObj.exp
 0003:0000000c       _NoSelection               1000e00c     AmbObject.obj
 0003:000002a4       _pBitmap                   1000e2a4     AmbObject.obj
 0003:000002a8       _MatSpec                   1000e2a8     AmbObject.obj
 0003:000002ae       ?init@?1??_RTC_InitBase@@9@4_NA 1000e2ae     MSVCRTD:init.obj
 0003:000002b0       ?__proc_attached@@3HA      1000e2b0     MSVCRTD:dll_dllmain.obj
 0003:000002c8       _GS_ExceptionRecord        1000e2c8     MSVCRTD:gs_report.obj
 0003:00000318       _GS_ContextRecord          1000e318     MSVCRTD:gs_report.obj
 0003:00000684       ?_RTC_ErrorReportFunc@@3P6AHHPBDH00ZZA 1000e684     MSVCRTD:userapi.obj
 0003:00000688       ?_RTC_ErrorReportFuncW@@3P6AHHPB_WH00ZZA 1000e688     MSVCRTD:userapi.obj
 0003:000006b4       ?is_initialized_as_dll@@3_NA 1000e6b4     MSVCRTD:utility.obj
 0003:000006b5       ?module_local_atexit_table_initialized@@3_NA 1000e6b5     MSVCRTD:utility.obj
 0003:000006b8       ?module_local_atexit_table@@3U_onexit_table_t@@A 1000e6b8     MSVCRTD:utility.obj
 0003:000006c4       ?module_local_at_quick_exit_table@@3U_onexit_table_t@@A 1000e6c4     MSVCRTD:utility.obj
 0003:000006dc       ?mspdb@@3PAUHINSTANCE__@@A 1000e6dc     MSVCRTD:pdblkup.obj
 0003:000006e0       ?alreadyTried@?1??GetPdbDll@@YAPAUHINSTANCE__@@XZ@4_NA 1000e6e0     MSVCRTD:pdblkup.obj
 0003:000006e1       ?PDBOK@?1??_RTC_GetSrcLine@@YAHPAEPA_WKPAH1K@Z@4_NA 1000e6e1     MSVCRTD:pdblkup.obj
 0004:00000ace       .idata$6                   10010ace     jet3DClassic11d:Jet3DClassic11d.dll
 0004:00000b34       .idata$6                   10010b34     kernel32:KERNEL32.dll
 0004:00000c08       .idata$6                   10010c08     vcruntimed:VCRUNTIME140D.dll
 0004:00000dc2       .idata$6                   10010dc2     ucrtd:ucrtbased.dll
 0006:00000230       $R000000                   10013230     AmbObject.res
 0006:00000768       $R000538                   10013768     AmbObject.res
 0006:000007d0       $R0005A0                   100137d0     AmbObject.res
