 DynLightObj

 Timestamp is 643d5384 (Mon Apr 17 07:11:16 2023)

 Preferred load address is 10000000

 Start         Length     Name                   Class
 0001:00000000 00005344H .text$mn                CODE
 0002:00000000 0000015cH .idata$5                DATA
 0002:0000015c 0000000cH .00cfg                  DATA
 0002:00000168 00000004H .CRT$XCA                DATA
 0002:0000016c 00000004H .CRT$XCZ                DATA
 0002:00000170 00000004H .CRT$XIA                DATA
 0002:00000174 00000004H .CRT$XIZ                DATA
 0002:00000178 00000004H .CRT$XPA                DATA
 0002:0000017c 00000004H .CRT$XPZ                DATA
 0002:00000180 00000004H .CRT$XTA                DATA
 0002:00000184 00000004H .CRT$XTZ                DATA
 0002:00000188 00000000H .gfids$y                DATA
 0002:00000188 000010f8H .rdata                  DATA
 0002:00001280 00000040H .rdata$CastGuardVftablesA DATA
 0002:000012c0 00000040H .rdata$CastGuardVftablesC DATA
 0002:00001300 00000008H .rdata$sxdata           DATA
 0002:00001308 00000074H .rdata$voltmd           DATA
 0002:0000137c 0000033cH .rdata$zzzdbg           DATA
 0002:000016b8 00000004H .rtc$IAA                DATA
 0002:000016bc 00000008H .rtc$IMZ                DATA
 0002:000016c4 00000004H .rtc$IZZ                DATA
 0002:000016c8 00000004H .rtc$TAA                DATA
 0002:000016cc 00000008H .rtc$TMZ                DATA
 0002:000016d4 00000004H .rtc$TZZ                DATA
 0002:000016d8 000000a8H .xdata$x                DATA
 0002:00001780 00000058H .edata                  DATA
 0002:000017d8 00000064H .idata$2                DATA
 0002:0000183c 00000014H .idata$3                DATA
 0002:00001850 0000015cH .idata$4                DATA
 0002:000019ac 00000746H .idata$6                DATA
 0003:00000000 00000120H .data                   DATA
 0003:00000120 0000063cH .bss                    DATA
 0004:00000000 000000a0H .rsrc$01                DATA
 0004:000000a0 00000220H .rsrc$02                DATA

  Address         Publics by Value              Rva+Base       Lib:Object

 0000:00000000       ___AbsoluteZero            00000000     <absolute>
 0000:00000000       ___arm64x_extra_rfe_table  00000000     <absolute>
 0000:00000000       ___arm64x_extra_rfe_table_size 00000000     <absolute>
 0000:00000000       ___arm64x_native_entrypoint 00000000     <absolute>
 0000:00000000       ___arm64x_redirection_metadata 00000000     <absolute>
 0000:00000000       ___arm64x_redirection_metadata_count 00000000     <absolute>
 0000:00000000       ___dynamic_value_reloc_table 00000000     <absolute>
 0000:00000000       ___enclave_config          00000000     <absolute>
 0000:00000000       ___guard_check_icall_a64n_fptr 00000000     <absolute>
 0000:00000000       ___guard_eh_cont_count     00000000     <absolute>
 0000:00000000       ___guard_eh_cont_table     00000000     <absolute>
 0000:00000000       ___guard_fids_count        00000000     <absolute>
 0000:00000000       ___guard_fids_table        00000000     <absolute>
 0000:00000000       ___guard_iat_count         00000000     <absolute>
 0000:00000000       ___guard_iat_table         00000000     <absolute>
 0000:00000000       ___guard_longjmp_count     00000000     <absolute>
 0000:00000000       ___guard_longjmp_table     00000000     <absolute>
 0000:00000000       ___hybrid_auxiliary_iat    00000000     <absolute>
 0000:00000000       ___hybrid_auxiliary_iat_copy 00000000     <absolute>
 0000:00000000       ___hybrid_code_map         00000000     <absolute>
 0000:00000000       ___hybrid_code_map_count   00000000     <absolute>
 0000:00000000       ___x64_code_ranges_to_entry_points 00000000     <absolute>
 0000:00000000       ___x64_code_ranges_to_entry_points_count 00000000     <absolute>
 0000:00000002       ___safe_se_handler_count   00000002     <absolute>
 0000:00000100       ___guard_flags             00000100     <absolute>
 0000:00000000       ___ImageBase               10000000     <linker-defined>
 0001:00000000       _AddChild@8                10001000 f   DynamicLight.obj
 0001:00000020       _AttachEngine@8            10001020 f   DynamicLight.obj
 0001:000000c0       _AttachSoundSystem@8       100010c0 f   DynamicLight.obj
 0001:00000150       _AttachWorld@8             10001150 f   DynamicLight.obj
 0001:00000290       _ChangeBoxCollision@24     10001290 f   DynamicLight.obj
 0001:000002b0       _Collision@24              100012b0 f   DynamicLight.obj
 0001:00000360       _CreateFromFile@8          10001360 f   DynamicLight.obj
 0001:00000610       _CreateInstance@0          10001610 f   DynamicLight.obj
 0001:00000710       _CreateRef@4               10001710 f   DynamicLight.obj
 0001:00000790       _DeInit_Class              10001790 f   DynamicLight.obj
 0001:000007b0       _Destroy@4                 100017b0 f   DynamicLight.obj
 0001:00000970       _DettachEngine@8           10001970 f   DynamicLight.obj
 0001:00000a40       _DettachSoundSystem@8      10001a40 f   DynamicLight.obj
 0001:00000ad0       _DettachWorld@8            10001ad0 f   DynamicLight.obj
 0001:00000bc0       _DuplicateInstance@4       10001bc0 f   DynamicLight.obj
 0001:000012d0       _EditDialog@8              100022d0 f   DynamicLight.obj
 0001:000012f0       _Frame@8                   100022f0 f   DynamicLight.obj
 0001:00001350       _GetChildren@12            10002350 f   DynamicLight.obj
 0001:00001370       _GetExtBox@8               10002370 f   DynamicLight.obj
 0001:000014f0       _GetPropertyList@8         100024f0 f   DynamicLight.obj
 0001:00001690       _GetXForm@8                10002690 f   DynamicLight.obj
 0001:00001740       _GetXFormModFlags@4        10002740 f   DynamicLight.obj
 0001:00001760       _Init_Class                10002760 f   DynamicLight.obj
 0001:00001b10       _RemoveChild@8             10002b10 f   DynamicLight.obj
 0001:00001b30       _Render@24                 10002b30 f   DynamicLight.obj
 0001:00001b50       _SendAMessage@12           10002b50 f   DynamicLight.obj
 0001:00001b70       _SetProperty@16            10002b70 f   DynamicLight.obj
 0001:00001ed0       _SetXForm@8                10002ed0 f   DynamicLight.obj
 0001:00002130       _WriteToFile@12            10003130 f   DynamicLight.obj
 0001:00002310       _DllMain@12                10003310 f   ObjectDef.obj
 0001:00002380       _Object_RegisterDef        10003380 f   ObjectDef.obj
 0001:000023e7       _jeVFile_OpenNewSystem@20  100033e7 f   jet3DClassic11d:Jet3DClassic11d.dll
 0001:000023ed       _jeVFile_Open@12           100033ed f   jet3DClassic11d:Jet3DClassic11d.dll
 0001:000023f3       _jeVFile_Close@4           100033f3 f   jet3DClassic11d:Jet3DClassic11d.dll
 0001:000023f9       _jeVFile_Read@12           100033f9 f   jet3DClassic11d:Jet3DClassic11d.dll
 0001:000023ff       _jeVFile_Write@12          100033ff f   jet3DClassic11d:Jet3DClassic11d.dll
 0001:00002405       _jeVFile_Seek@12           10003405 f   jet3DClassic11d:Jet3DClassic11d.dll
 0001:0000240b       _jeVFile_Rewind@4          1000340b f   jet3DClassic11d:Jet3DClassic11d.dll
 0001:00002411       _jeProperty_ListCopy@4     10003411 f   jet3DClassic11d:Jet3DClassic11d.dll
 0001:00002417       _jeProperty_FillGroup@12   10003417 f   jet3DClassic11d:Jet3DClassic11d.dll
 0001:0000241d       _jeProperty_FillCheck@16   1000341d f   jet3DClassic11d:Jet3DClassic11d.dll
 0001:00002423       _jeProperty_FillFloat@28   10003423 f   jet3DClassic11d:Jet3DClassic11d.dll
 0001:00002429       _jeProperty_FillGroupEnd@8 10003429 f   jet3DClassic11d:Jet3DClassic11d.dll
 0001:0000242f       _jeProperty_FillColorPicker@16 1000342f f   jet3DClassic11d:Jet3DClassic11d.dll
 0001:00002435       __jeRam_DebugAllocate@12   10003435 f   jet3DClassic11d:Jet3DClassic11d.dll
 0001:0000243b       _jeRam_AllocateClear@4     1000343b f   jet3DClassic11d:Jet3DClassic11d.dll
 0001:00002441       _jeRam_Free_@4             10003441 f   jet3DClassic11d:Jet3DClassic11d.dll
 0001:00002447       _jeResource_MgrDestroy@4   10003447 f   jet3DClassic11d:Jet3DClassic11d.dll
 0001:0000244d       _jePtrMgr_Create@0         1000344d f   jet3DClassic11d:Jet3DClassic11d.dll
 0001:00002453       _jeXForm3d_SetIdentity@4   10003453 f   jet3DClassic11d:Jet3DClassic11d.dll
 0001:00002459       _jeExtBox_Set@28           10003459 f   jet3DClassic11d:Jet3DClassic11d.dll
 0001:0000245f       _jeLight_Create@0          1000345f f   jet3DClassic11d:Jet3DClassic11d.dll
 0001:00002465       _jeLight_Destroy@4         10003465 f   jet3DClassic11d:Jet3DClassic11d.dll
 0001:0000246b       _jeLight_SetAttributes@24  1000346b f   jet3DClassic11d:Jet3DClassic11d.dll
 0001:00002471       _jeWorld_AddDLight@8       10003471 f   jet3DClassic11d:Jet3DClassic11d.dll
 0001:00002477       _jeWorld_RemoveDLight@8    10003477 f   jet3DClassic11d:Jet3DClassic11d.dll
 0001:0000247d       _jeWorld_GetResourceMgr@4  1000347d f   jet3DClassic11d:Jet3DClassic11d.dll
 0001:00002483       _jeErrorLog_AddExplicit@24 10003483 f   jet3DClassic11d:Jet3DClassic11d.dll
 0001:00002489       _jeObject_RegisterGlobalObjectDef@4 10003489 f   jet3DClassic11d:Jet3DClassic11d.dll
 0001:0000248f       _LoadStringA@16            1000348f f   user32:USER32.dll
 0001:000024a0       @_RTC_AllocaHelper@12      100034a0 f   MSVCRTD:stack.obj
 0001:000024e0       @_RTC_CheckStackVars2@12   100034e0 f   MSVCRTD:stack.obj
 0001:000025c0       @_RTC_CheckStackVars@8     100035c0 f   MSVCRTD:stack.obj
 0001:00002620       __RTC_CheckEsp             10003620 f   MSVCRTD:stack.obj
 0001:00002650       @__security_check_cookie@4 10003650 f   MSVCRTD:secchk.obj
 0001:00002660       __CRT_RTC_INIT             10003660 f   MSVCRTD:init.obj
 0001:00002670       __CRT_RTC_INITW            10003670 f   MSVCRTD:init.obj
 0001:00002680       __RTC_InitBase             10003680 f   MSVCRTD:init.obj
 0001:000026b0       __RTC_Shutdown             100036b0 f   MSVCRTD:init.obj
 0001:00002ba0       __CRT_INIT@12              10003ba0 f   MSVCRTD:dll_dllmain.obj
 0001:00002bc0       __DllMainCRTStartup@12     10003bc0 f   MSVCRTD:dll_dllmain.obj
 0001:00002c80       ?_RTC_AllocaFailure@@YAXPAXPAU_RTC_ALLOCA_NODE@@H@Z 10003c80 f   MSVCRTD:error.obj
 0001:00002d70       ?_RTC_Failure@@YAXPAXH@Z   10003d70 f   MSVCRTD:error.obj
 0001:00002dc0       ?_RTC_StackFailure@@YAXPAXPBD@Z 10003dc0 f   MSVCRTD:error.obj
 0001:00003180       __RTC_UninitUse            10004180 f   MSVCRTD:error.obj
 0001:00003230       ___local_stdio_printf_options 10004230 f i MSVCRTD:error.obj
 0001:00003240       __vsprintf_s_l             10004240 f i MSVCRTD:error.obj
 0001:00003270       _sprintf_s                 10004270 f i MSVCRTD:error.obj
 0001:00003290       ___raise_securityfailure   10004290 f   MSVCRTD:gs_report.obj
 0001:000032c0       ___report_gsfailure        100042c0 f   MSVCRTD:gs_report.obj
 0001:000033d0       ___report_rangecheckfailure 100043d0 f   MSVCRTD:gs_report.obj
 0001:000033e0       ___report_securityfailure  100043e0 f   MSVCRTD:gs_report.obj
 0001:000034c0       ___report_securityfailureEx 100044c0 f   MSVCRTD:gs_report.obj
 0001:000035f0       ?_RTC_GetErrorFunc@@YAP6AHHPBDH00ZZPBX@Z 100045f0 f   MSVCRTD:userapi.obj
 0001:00003600       ?_RTC_GetErrorFuncW@@YAP6AHHPB_WH00ZZPBX@Z 10004600 f   MSVCRTD:userapi.obj
 0001:00003610       __RTC_GetErrDesc           10004610 f   MSVCRTD:userapi.obj
 0001:00003630       __RTC_NumErrors            10004630 f   MSVCRTD:userapi.obj
 0001:00003640       __RTC_SetErrorFunc         10004640 f   MSVCRTD:userapi.obj
 0001:00003660       __RTC_SetErrorFuncW        10004660 f   MSVCRTD:userapi.obj
 0001:00003680       __RTC_SetErrorType         10004680 f   MSVCRTD:userapi.obj
 0001:00003720       ___security_init_cookie    10004720 f   MSVCRTD:gs_support.obj
 0001:000037a0       ?__scrt_initialize_type_info@@YAXXZ 100047a0 f   MSVCRTD:tncleanup.obj
 0001:000037b0       ?__scrt_uninitialize_type_info@@YAXXZ 100047b0 f   MSVCRTD:tncleanup.obj
 0001:000037d0       ___local_stdio_scanf_options 100047d0 f i MSVCRTD:default_local_stdio_options.obj
 0001:000037e0       ___scrt_initialize_default_local_stdio_options 100047e0 f   MSVCRTD:default_local_stdio_options.obj
 0001:00003820       ?configure_argv@__scrt_narrow_argv_policy@@SAHXZ 10004820 f i MSVCRTD:utility.obj
 0001:000038d0       ?initialize_environment@__scrt_narrow_environment_policy@@SAHXZ 100048d0 f i MSVCRTD:utility.obj
 0001:00003950       _NtCurrentTeb              10004950 f i MSVCRTD:utility.obj
 0001:00003960       ___scrt_acquire_startup_lock 10004960 f   MSVCRTD:utility.obj
 0001:000039b0       ___scrt_dllmain_after_initialize_c 100049b0 f   MSVCRTD:utility.obj
 0001:000039e0       ___scrt_dllmain_before_initialize_c 100049e0 f   MSVCRTD:utility.obj
 0001:00003a00       ___scrt_dllmain_crt_thread_attach 10004a00 f   MSVCRTD:utility.obj
 0001:00003a30       ___scrt_dllmain_crt_thread_detach 10004a30 f   MSVCRTD:utility.obj
 0001:00003a50       ___scrt_dllmain_exception_filter 10004a50 f   MSVCRTD:utility.obj
 0001:00003aa0       ___scrt_dllmain_uninitialize_c 10004aa0 f   MSVCRTD:utility.obj
 0001:00003ad0       ___scrt_dllmain_uninitialize_critical 10004ad0 f   MSVCRTD:utility.obj
 0001:00003af0       ___scrt_initialize_crt     10004af0 f   MSVCRTD:utility.obj
 0001:00003b40       ___scrt_initialize_onexit_tables 10004b40 f   MSVCRTD:utility.obj
 0001:00003c20       ___scrt_is_nonwritable_in_current_image 10004c20 f   MSVCRTD:utility.obj
 0001:00003d50       ___scrt_release_startup_lock 10004d50 f   MSVCRTD:utility.obj
 0001:00003d80       ___scrt_uninitialize_crt   10004d80 f   MSVCRTD:utility.obj
 0001:00003dc0       __onexit                   10004dc0 f   MSVCRTD:utility.obj
 0001:00003e30       _at_quick_exit             10004e30 f   MSVCRTD:utility.obj
 0001:00003e70       _atexit                    10004e70 f   MSVCRTD:utility.obj
 0001:00003ea0       ___scrt_get_dyn_tls_init_callback 10004ea0 f   MSVCRTD:dyn_tls_init.obj
 0001:00003eb0       ___scrt_fastfail           10004eb0 f   MSVCRTD:utility_desktop.obj
 0001:00003ff0       ___scrt_get_show_window_mode 10004ff0 f   MSVCRTD:utility_desktop.obj
 0001:00004030       ___scrt_initialize_mta     10005030 f   MSVCRTD:utility_desktop.obj
 0001:00004040       ___scrt_initialize_winrt   10005040 f   MSVCRTD:utility_desktop.obj
 0001:00004050       ___scrt_is_managed_app     10005050 f   MSVCRTD:utility_desktop.obj
 0001:000040e0       ___scrt_set_unhandled_exception_filter 100050e0 f   MSVCRTD:utility_desktop.obj
 0001:000040f0       ___scrt_exe_initialize_mta 100050f0 f   MSVCRTD:utility_desktop.obj
 0001:000040f0       ___scrt_stub_for_initialize_mta 100050f0 f   MSVCRTD:utility_desktop.obj
 0001:00004100       ___scrt_unhandled_exception_filter@4 10005100 f   MSVCRTD:utility_desktop.obj
 0001:00004180       __crt_debugger_hook        10005180 f   MSVCRTD:utility_desktop.obj
 0001:00004190       __RTC_Initialize           10005190 f   MSVCRTD:initsect.obj
 0001:000041c0       __RTC_Terminate            100051c0 f   MSVCRTD:initsect.obj
 0001:000041f0       __except_handler4          100051f0 f   MSVCRTD:chandler4gs.obj
 0001:00004230       @_guard_check_icall_nop@4  10005230 f i MSVCRTD:guard_support.obj
 0001:00004240       _ReadNoFence               10005240 f i MSVCRTD:guard_support.obj
 0001:00004260       _ReadPointerNoFence        10005260 f i MSVCRTD:guard_support.obj
 0001:00004280       ___castguard_check_failure_debugbreak 10005280 f i MSVCRTD:guard_support.obj
 0001:000042a0       ___castguard_check_failure_fastfail 100052a0 f i MSVCRTD:guard_support.obj
 0001:000042c0       ___castguard_check_failure_nop 100052c0 f i MSVCRTD:guard_support.obj
 0001:000042d0       ___castguard_check_failure_os_handled 100052d0 f i MSVCRTD:guard_support.obj
 0001:00004360       ___castguard_slow_path_check_debugbreak 10005360 f i MSVCRTD:guard_support.obj
 0001:00004390       ___castguard_slow_path_check_fastfail 10005390 f i MSVCRTD:guard_support.obj
 0001:000043d0       ___castguard_slow_path_check_nop 100053d0 f i MSVCRTD:guard_support.obj
 0001:000043e0       ___castguard_slow_path_check_os_handled 100053e0 f i MSVCRTD:guard_support.obj
 0001:00004460       __guard_icall_checks_enforced 10005460 f i MSVCRTD:guard_support.obj
 0001:00004910       ?_RTC_GetSrcLine@@YAHPAEPA_WKPAH1K@Z 10005910 f   MSVCRTD:pdblkup.obj
 0001:00004c90       __except_handler4_noexcept 10005c90 f   MSVCRTD:chandler4_noexcept.obj
 0001:00004cf0       ___isa_available_init      10005cf0 f   MSVCRTD:cpu_disp.obj
 0001:00005030       __get_startup_argv_mode    10006030 f   MSVCRTD:argv_mode.obj
 0001:00005040       ___scrt_is_ucrt_dll_in_use 10006040 f   MSVCRTD:ucrt_detection.obj
 0001:00005064       ___std_type_info_destroy_list 10006064 f   vcruntimed:VCRUNTIME140D.dll
 0001:0000506a       ___current_exception       1000606a f   vcruntimed:VCRUNTIME140D.dll
 0001:00005070       ___current_exception_context 10006070 f   vcruntimed:VCRUNTIME140D.dll
 0001:00005076       _memset                    10006076 f   vcruntimed:VCRUNTIME140D.dll
 0001:0000507c       __except_handler4_common   1000607c f   vcruntimed:VCRUNTIME140D.dll
 0001:00005082       ___vcrt_GetModuleFileNameW 10006082 f   vcruntimed:VCRUNTIME140D.dll
 0001:00005088       ___vcrt_GetModuleHandleW   10006088 f   vcruntimed:VCRUNTIME140D.dll
 0001:0000508e       ___vcrt_LoadLibraryExW     1000608e f   vcruntimed:VCRUNTIME140D.dll
 0001:00005094       _strcpy                    10006094 f   ucrtd:ucrtbased.dll
 0001:0000509a       __wassert                  1000609a f   ucrtd:ucrtbased.dll
 0001:000050a0       __CrtDbgReport             100060a0 f   ucrtd:ucrtbased.dll
 0001:000050a6       __CrtDbgReportW            100060a6 f   ucrtd:ucrtbased.dll
 0001:000050ac       __initterm                 100060ac f   ucrtd:ucrtbased.dll
 0001:000050b2       __initterm_e               100060b2 f   ucrtd:ucrtbased.dll
 0001:000050b8       _strcpy_s                  100060b8 f   ucrtd:ucrtbased.dll
 0001:000050be       _strcat_s                  100060be f   ucrtd:ucrtbased.dll
 0001:000050c4       ___stdio_common_vsprintf_s 100060c4 f   ucrtd:ucrtbased.dll
 0001:000050ca       __seh_filter_dll           100060ca f   ucrtd:ucrtbased.dll
 0001:000050d0       __configure_narrow_argv    100060d0 f   ucrtd:ucrtbased.dll
 0001:000050d6       __initialize_narrow_environment 100060d6 f   ucrtd:ucrtbased.dll
 0001:000050dc       __initialize_onexit_table  100060dc f   ucrtd:ucrtbased.dll
 0001:000050e2       __register_onexit_function 100060e2 f   ucrtd:ucrtbased.dll
 0001:000050e8       __execute_onexit_table     100060e8 f   ucrtd:ucrtbased.dll
 0001:000050ee       __crt_atexit               100060ee f   ucrtd:ucrtbased.dll
 0001:000050f4       __crt_at_quick_exit        100060f4 f   ucrtd:ucrtbased.dll
 0001:000050fa       __cexit                    100060fa f   ucrtd:ucrtbased.dll
 0001:00005100       _terminate                 10006100 f   ucrtd:ucrtbased.dll
 0001:00005106       __wmakepath_s              10006106 f   ucrtd:ucrtbased.dll
 0001:0000510c       __wsplitpath_s             1000610c f   ucrtd:ucrtbased.dll
 0001:00005112       _wcscpy_s                  10006112 f   ucrtd:ucrtbased.dll
 0001:00005118       _IsDebuggerPresent@0       10006118 f   kernel32:KERNEL32.dll
 0001:0000511e       _RaiseException@16         1000611e f   kernel32:KERNEL32.dll
 0001:00005124       _MultiByteToWideChar@24    10006124 f   kernel32:KERNEL32.dll
 0001:0000512a       _WideCharToMultiByte@32    1000612a f   kernel32:KERNEL32.dll
 0001:00005130       _UnhandledExceptionFilter@4 10006130 f   kernel32:KERNEL32.dll
 0001:00005136       _SetUnhandledExceptionFilter@4 10006136 f   kernel32:KERNEL32.dll
 0001:0000513c       _GetCurrentProcess@0       1000613c f   kernel32:KERNEL32.dll
 0001:00005142       _TerminateProcess@8        10006142 f   kernel32:KERNEL32.dll
 0001:00005148       _IsProcessorFeaturePresent@4 10006148 f   kernel32:KERNEL32.dll
 0001:0000514e       _QueryPerformanceCounter@4 1000614e f   kernel32:KERNEL32.dll
 0001:00005154       _GetCurrentProcessId@0     10006154 f   kernel32:KERNEL32.dll
 0001:0000515a       _GetCurrentThreadId@0      1000615a f   kernel32:KERNEL32.dll
 0001:00005160       _GetSystemTimeAsFileTime@4 10006160 f   kernel32:KERNEL32.dll
 0001:00005166       _InitializeSListHead@4     10006166 f   kernel32:KERNEL32.dll
 0001:0000516c       _GetStartupInfoW@4         1000616c f   kernel32:KERNEL32.dll
 0001:00005172       _GetModuleHandleW@4        10006172 f   kernel32:KERNEL32.dll
 0001:00005178       _GetLastError@0            10006178 f   kernel32:KERNEL32.dll
 0001:0000517e       _HeapAlloc@12              1000617e f   kernel32:KERNEL32.dll
 0001:00005184       _HeapFree@12               10006184 f   kernel32:KERNEL32.dll
 0001:0000518a       _GetProcessHeap@0          1000618a f   kernel32:KERNEL32.dll
 0001:00005190       _VirtualQuery@12           10006190 f   kernel32:KERNEL32.dll
 0001:00005196       _FreeLibrary@4             10006196 f   kernel32:KERNEL32.dll
 0001:0000519c       _GetProcAddress@8          1000619c f   kernel32:KERNEL32.dll
 0001:000051b0       ___acrt_initialize         100061b0 f   MSVCRTD:ucrt_stubs.obj
 0001:000051b0       ___scrt_stub_for_acrt_initialize 100061b0 f   MSVCRTD:ucrt_stubs.obj
 0001:000051b0       ___vcrt_initialize         100061b0 f   MSVCRTD:ucrt_stubs.obj
 0001:000051c0       ___acrt_thread_attach      100061c0 f   MSVCRTD:ucrt_stubs.obj
 0001:000051c0       ___scrt_stub_for_acrt_thread_attach 100061c0 f   MSVCRTD:ucrt_stubs.obj
 0001:000051c0       ___vcrt_thread_attach      100061c0 f   MSVCRTD:ucrt_stubs.obj
 0001:000051d0       ___acrt_thread_detach      100061d0 f   MSVCRTD:ucrt_stubs.obj
 0001:000051d0       ___scrt_stub_for_acrt_thread_detach 100061d0 f   MSVCRTD:ucrt_stubs.obj
 0001:000051d0       ___vcrt_thread_detach      100061d0 f   MSVCRTD:ucrt_stubs.obj
 0001:000051e0       ___acrt_uninitialize       100061e0 f   MSVCRTD:ucrt_stubs.obj
 0001:000051e0       ___scrt_stub_for_acrt_uninitialize 100061e0 f   MSVCRTD:ucrt_stubs.obj
 0001:000051e0       ___vcrt_uninitialize       100061e0 f   MSVCRTD:ucrt_stubs.obj
 0001:000051f0       ___acrt_uninitialize_critical 100061f0 f   MSVCRTD:ucrt_stubs.obj
 0001:000051f0       ___scrt_stub_for_acrt_uninitialize_critical 100061f0 f   MSVCRTD:ucrt_stubs.obj
 0001:000051f0       ___vcrt_uninitialize_critical 100061f0 f   MSVCRTD:ucrt_stubs.obj
 0001:00005200       ___scrt_stub_for_is_c_termination_complete 10006200 f   MSVCRTD:ucrt_stubs.obj
 0001:00005200       __is_c_termination_complete 10006200 f   MSVCRTD:ucrt_stubs.obj
 0001:00005210       __filter_x86_sse2_floating_point_exception 10006210 f   MSVCRTD:x86_exception_filter.obj
 0001:00005210       __filter_x86_sse2_floating_point_exception_default 10006210 f   MSVCRTD:x86_exception_filter.obj
 0002:00000000       __imp__jeVFile_OpenNewSystem@20 10007000     jet3DClassic11d:Jet3DClassic11d.dll
 0002:00000004       __imp__jeVFile_Open@12     10007004     jet3DClassic11d:Jet3DClassic11d.dll
 0002:00000008       __imp__jeVFile_Close@4     10007008     jet3DClassic11d:Jet3DClassic11d.dll
 0002:0000000c       __imp__jeVFile_Read@12     1000700c     jet3DClassic11d:Jet3DClassic11d.dll
 0002:00000010       __imp__jeVFile_Write@12    10007010     jet3DClassic11d:Jet3DClassic11d.dll
 0002:00000014       __imp__jeVFile_Seek@12     10007014     jet3DClassic11d:Jet3DClassic11d.dll
 0002:00000018       __imp__jeVFile_Rewind@4    10007018     jet3DClassic11d:Jet3DClassic11d.dll
 0002:0000001c       __imp__jeProperty_ListCopy@4 1000701c     jet3DClassic11d:Jet3DClassic11d.dll
 0002:00000020       __imp__jeProperty_FillGroup@12 10007020     jet3DClassic11d:Jet3DClassic11d.dll
 0002:00000024       __imp__jeProperty_FillCheck@16 10007024     jet3DClassic11d:Jet3DClassic11d.dll
 0002:00000028       __imp__jeProperty_FillFloat@28 10007028     jet3DClassic11d:Jet3DClassic11d.dll
 0002:0000002c       __imp__jeProperty_FillGroupEnd@8 1000702c     jet3DClassic11d:Jet3DClassic11d.dll
 0002:00000030       __imp__jeProperty_FillColorPicker@16 10007030     jet3DClassic11d:Jet3DClassic11d.dll
 0002:00000034       __imp___jeRam_DebugAllocate@12 10007034     jet3DClassic11d:Jet3DClassic11d.dll
 0002:00000038       __imp__jeRam_AllocateClear@4 10007038     jet3DClassic11d:Jet3DClassic11d.dll
 0002:0000003c       __imp__jeRam_Free_@4       1000703c     jet3DClassic11d:Jet3DClassic11d.dll
 0002:00000040       __imp__jeResource_MgrDestroy@4 10007040     jet3DClassic11d:Jet3DClassic11d.dll
 0002:00000044       __imp__jePtrMgr_Create@0   10007044     jet3DClassic11d:Jet3DClassic11d.dll
 0002:00000048       __imp__jeXForm3d_SetIdentity@4 10007048     jet3DClassic11d:Jet3DClassic11d.dll
 0002:0000004c       __imp__jeExtBox_Set@28     1000704c     jet3DClassic11d:Jet3DClassic11d.dll
 0002:00000050       __imp__jeLight_Create@0    10007050     jet3DClassic11d:Jet3DClassic11d.dll
 0002:00000054       __imp__jeLight_Destroy@4   10007054     jet3DClassic11d:Jet3DClassic11d.dll
 0002:00000058       __imp__jeLight_SetAttributes@24 10007058     jet3DClassic11d:Jet3DClassic11d.dll
 0002:0000005c       __imp__jeWorld_AddDLight@8 1000705c     jet3DClassic11d:Jet3DClassic11d.dll
 0002:00000060       __imp__jeWorld_RemoveDLight@8 10007060     jet3DClassic11d:Jet3DClassic11d.dll
 0002:00000064       __imp__jeWorld_GetResourceMgr@4 10007064     jet3DClassic11d:Jet3DClassic11d.dll
 0002:00000068       __imp__jeErrorLog_AddExplicit@24 10007068     jet3DClassic11d:Jet3DClassic11d.dll
 0002:0000006c       __imp__jeObject_RegisterGlobalObjectDef@4 1000706c     jet3DClassic11d:Jet3DClassic11d.dll
 0002:00000070       \177Jet3DClassic11d_NULL_THUNK_DATA 10007070     jet3DClassic11d:Jet3DClassic11d.dll
 0002:00000074       __imp__GetProcAddress@8    10007074     kernel32:KERNEL32.dll
 0002:00000078       __imp__FreeLibrary@4       10007078     kernel32:KERNEL32.dll
 0002:0000007c       __imp__VirtualQuery@12     1000707c     kernel32:KERNEL32.dll
 0002:00000080       __imp__GetProcessHeap@0    10007080     kernel32:KERNEL32.dll
 0002:00000084       __imp__HeapFree@12         10007084     kernel32:KERNEL32.dll
 0002:00000088       __imp__HeapAlloc@12        10007088     kernel32:KERNEL32.dll
 0002:0000008c       __imp__GetLastError@0      1000708c     kernel32:KERNEL32.dll
 0002:00000090       __imp__GetModuleHandleW@4  10007090     kernel32:KERNEL32.dll
 0002:00000094       __imp__GetStartupInfoW@4   10007094     kernel32:KERNEL32.dll
 0002:00000098       __imp__InitializeSListHead@4 10007098     kernel32:KERNEL32.dll
 0002:0000009c       __imp__GetSystemTimeAsFileTime@4 1000709c     kernel32:KERNEL32.dll
 0002:000000a0       __imp__GetCurrentThreadId@0 100070a0     kernel32:KERNEL32.dll
 0002:000000a4       __imp__GetCurrentProcessId@0 100070a4     kernel32:KERNEL32.dll
 0002:000000a8       __imp__QueryPerformanceCounter@4 100070a8     kernel32:KERNEL32.dll
 0002:000000ac       __imp__RaiseException@16   100070ac     kernel32:KERNEL32.dll
 0002:000000b0       __imp__IsProcessorFeaturePresent@4 100070b0     kernel32:KERNEL32.dll
 0002:000000b4       __imp__TerminateProcess@8  100070b4     kernel32:KERNEL32.dll
 0002:000000b8       __imp__GetCurrentProcess@0 100070b8     kernel32:KERNEL32.dll
 0002:000000bc       __imp__SetUnhandledExceptionFilter@4 100070bc     kernel32:KERNEL32.dll
 0002:000000c0       __imp__UnhandledExceptionFilter@4 100070c0     kernel32:KERNEL32.dll
 0002:000000c4       __imp__WideCharToMultiByte@32 100070c4     kernel32:KERNEL32.dll
 0002:000000c8       __imp__MultiByteToWideChar@24 100070c8     kernel32:KERNEL32.dll
 0002:000000cc       __imp__IsDebuggerPresent@0 100070cc     kernel32:KERNEL32.dll
 0002:000000d0       \177KERNEL32_NULL_THUNK_DATA 100070d0     kernel32:KERNEL32.dll
 0002:000000d4       __imp__LoadStringA@16      100070d4     user32:USER32.dll
 0002:000000d8       \177USER32_NULL_THUNK_DATA 100070d8     user32:USER32.dll
 0002:000000dc       __imp__memset              100070dc     vcruntimed:VCRUNTIME140D.dll
 0002:000000e0       __imp___except_handler4_common 100070e0     vcruntimed:VCRUNTIME140D.dll
 0002:000000e4       __imp____current_exception 100070e4     vcruntimed:VCRUNTIME140D.dll
 0002:000000e8       __imp____vcrt_GetModuleHandleW 100070e8     vcruntimed:VCRUNTIME140D.dll
 0002:000000ec       __imp____vcrt_LoadLibraryExW 100070ec     vcruntimed:VCRUNTIME140D.dll
 0002:000000f0       __imp____std_type_info_destroy_list 100070f0     vcruntimed:VCRUNTIME140D.dll
 0002:000000f4       __imp____vcrt_GetModuleFileNameW 100070f4     vcruntimed:VCRUNTIME140D.dll
 0002:000000f8       __imp____current_exception_context 100070f8     vcruntimed:VCRUNTIME140D.dll
 0002:000000fc       \177VCRUNTIME140D_NULL_THUNK_DATA 100070fc     vcruntimed:VCRUNTIME140D.dll
 0002:00000100       __imp___initialize_narrow_environment 10007100     ucrtd:ucrtbased.dll
 0002:00000104       __imp___configure_narrow_argv 10007104     ucrtd:ucrtbased.dll
 0002:00000108       __imp___seh_filter_dll     10007108     ucrtd:ucrtbased.dll
 0002:0000010c       __imp____stdio_common_vsprintf_s 1000710c     ucrtd:ucrtbased.dll
 0002:00000110       __imp__wcscpy_s            10007110     ucrtd:ucrtbased.dll
 0002:00000114       __imp__strcpy_s            10007114     ucrtd:ucrtbased.dll
 0002:00000118       __imp___initterm_e         10007118     ucrtd:ucrtbased.dll
 0002:0000011c       __imp___initterm           1000711c     ucrtd:ucrtbased.dll
 0002:00000120       __imp___CrtDbgReport       10007120     ucrtd:ucrtbased.dll
 0002:00000124       __imp___wassert            10007124     ucrtd:ucrtbased.dll
 0002:00000128       __imp__strcpy              10007128     ucrtd:ucrtbased.dll
 0002:0000012c       __imp___initialize_onexit_table 1000712c     ucrtd:ucrtbased.dll
 0002:00000130       __imp___wsplitpath_s       10007130     ucrtd:ucrtbased.dll
 0002:00000134       __imp___wmakepath_s        10007134     ucrtd:ucrtbased.dll
 0002:00000138       __imp__terminate           10007138     ucrtd:ucrtbased.dll
 0002:0000013c       __imp___cexit              1000713c     ucrtd:ucrtbased.dll
 0002:00000140       __imp___crt_at_quick_exit  10007140     ucrtd:ucrtbased.dll
 0002:00000144       __imp___crt_atexit         10007144     ucrtd:ucrtbased.dll
 0002:00000148       __imp___execute_onexit_table 10007148     ucrtd:ucrtbased.dll
 0002:0000014c       __imp__strcat_s            1000714c     ucrtd:ucrtbased.dll
 0002:00000150       __imp___register_onexit_function 10007150     ucrtd:ucrtbased.dll
 0002:00000154       __imp___CrtDbgReportW      10007154     ucrtd:ucrtbased.dll
 0002:00000158       \177ucrtbased_NULL_THUNK_DATA 10007158     ucrtd:ucrtbased.dll
 0002:0000015c       ___guard_check_icall_fptr  1000715c     MSVCRTD:guard_support.obj
 0002:00000160       ___guard_xfg_check_icall_fptr 10007160     MSVCRTD:guard_support.obj
 0002:00000164       ___castguard_check_failure_os_handled_fptr 10007164     MSVCRTD:guard_support.obj
 0002:00000168       ___xc_a                    10007168     MSVCRTD:initializers.obj
 0002:0000016c       ___xc_z                    1000716c     MSVCRTD:initializers.obj
 0002:00000170       ___xi_a                    10007170     MSVCRTD:initializers.obj
 0002:00000174       ___xi_z                    10007174     MSVCRTD:initializers.obj
 0002:00000178       ___xp_a                    10007178     MSVCRTD:initializers.obj
 0002:0000017c       ___xp_z                    1000717c     MSVCRTD:initializers.obj
 0002:00000180       ___xt_a                    10007180     MSVCRTD:initializers.obj
 0002:00000184       ___xt_z                    10007184     MSVCRTD:initializers.obj
 0002:00000188       ??_C@_1LM@NDOCOAEN@?$AAD?$AA?3?$AA?2?$AAG?$AAe?$AAn?$AAe?$AAs?$AAi?$AAs?$AA?5?$AAa?$AAn?$AAd?$AA?5@ 10007188     DynamicLight.obj
 0002:00000244       ??_C@_1BO@CHOHCGNL@?$AAO?$AAb?$AAj?$AAe?$AAc?$AAt?$AA?5?$AA?$CB?$AA?$DN?$AA?5?$AAN?$AAU?$AAL?$AAL@ 10007244     DynamicLight.obj
 0002:00000264       ??_C@_1CM@KJGBKPPM@?$AAO?$AAb?$AAj?$AAe?$AAc?$AAt?$AA?9?$AA?$DO?$AAL?$AAi?$AAg?$AAh?$AAt?$AA?5?$AA?$CB@ 10007264     DynamicLight.obj
 0002:00000290       ??_C@_1CM@KJLOPADC@?$AAO?$AAb?$AAj?$AAe?$AAc?$AAt?$AA?9?$AA?$DO?$AAW?$AAo?$AAr?$AAl?$AAd?$AA?5?$AA?$CB@ 10007290     DynamicLight.obj
 0002:000002bc       ??_C@_00CNPNBAHC@@         100072bc     DynamicLight.obj
 0002:000002c0       ??_C@_0FO@LNIDHLGK@D?3?2Genesis?5and?5Jet3d?2JSTUDIO_CL@ 100072c0     DynamicLight.obj
 0002:00000320       ??_C@_0BJ@MPKGEGGM@JE_ERR_INTERNAL_RESOURCE@ 10007320     DynamicLight.obj
 0002:0000033c       ??_C@_1CE@FBLKGNMA@?$AAh?$AAI?$AAn?$AAs?$AAt?$AAa?$AAn?$AAc?$AAe?$AA?5?$AA?$CB?$AA?$DN?$AA?5?$AAN?$AAU@ 1000733c     DynamicLight.obj
 0002:00000360       ??_C@_1BA@DPBAOGCM@?$AAI?$AAD?$AA?5?$AA?$DO?$AA?$DN?$AA?5?$AA0@ 10007360     DynamicLight.obj
 0002:00000370       ??_C@_0BH@KIBLNGDK@JE_ERR_MEMORY_RESOURCE@ 10007370     DynamicLight.obj
 0002:00000388       ??_C@_1CC@CAMJEFBK@?$AAI?$AAn?$AAs?$AAt?$AAa?$AAn?$AAc?$AAe?$AA?5?$AA?$CB?$AA?$DN?$AA?5?$AAN?$AAU?$AAL@ 10007388     DynamicLight.obj
 0002:000003ac       ??_C@_1CK@BJNCGFOF@?$AAO?$AAb?$AAj?$AAe?$AAc?$AAt?$AA?9?$AA?$DO?$AAR?$AAe?$AAf?$AAC?$AAo?$AAu?$AAn@ 100073ac     DynamicLight.obj
 0002:000003d8       ??_C@_1CM@OILLBNGE@?$AAO?$AAb?$AAj?$AAe?$AAc?$AAt?$AA?9?$AA?$DO?$AAW?$AAo?$AAr?$AAl?$AAd?$AA?5?$AA?$DN@ 100073d8     DynamicLight.obj
 0002:00000404       ??_C@_1CO@MNMNPFEG@?$AAO?$AAb?$AAj?$AAe?$AAc?$AAt?$AA?9?$AA?$DO?$AAE?$AAn?$AAg?$AAi?$AAn?$AAe?$AA?5@ 10007404     DynamicLight.obj
 0002:00000434       ??_C@_1DI@HFKFAEHP@?$AAO?$AAb?$AAj?$AAe?$AAc?$AAt?$AA?9?$AA?$DO?$AAR?$AAe?$AAs?$AAo?$AAu?$AAr?$AAc@ 10007434     DynamicLight.obj
 0002:0000046c       ??_C@_1CM@OIGEECKK@?$AAO?$AAb?$AAj?$AAe?$AAc?$AAt?$AA?9?$AA?$DO?$AAL?$AAi?$AAg?$AAh?$AAt?$AA?5?$AA?$DN@ 1000746c     DynamicLight.obj
 0002:00000498       ??_C@_1BM@KHCCJOII@?$AAW?$AAo?$AAr?$AAl?$AAd?$AA?5?$AA?$CB?$AA?$DN?$AA?5?$AAN?$AAU?$AAL?$AAL@ 10007498     DynamicLight.obj
 0002:000004b4       ??_C@_1DI@DEKAOJCJ@?$AAO?$AAb?$AAj?$AAe?$AAc?$AAt?$AA?9?$AA?$DO?$AAR?$AAe?$AAs?$AAo?$AAu?$AAr?$AAc@ 100074b4     DynamicLight.obj
 0002:000004ec       ??_C@_1CO@KPFIMLHA@?$AAO?$AAb?$AAj?$AAe?$AAc?$AAt?$AA?9?$AA?$DO?$AAW?$AAo?$AAr?$AAl?$AAd?$AA?5?$AA?$DN@ 100074ec     DynamicLight.obj
 0002:0000051c       ??_C@_1BO@DIOIBMOB@?$AAE?$AAn?$AAg?$AAi?$AAn?$AAe?$AA?5?$AA?$CB?$AA?$DN?$AA?5?$AAN?$AAU?$AAL?$AAL@ 1000751c     DynamicLight.obj
 0002:0000053c       ??_C@_1DC@IEFPPFDN@?$AAO?$AAb?$AAj?$AAe?$AAc?$AAt?$AA?9?$AA?$DO?$AAE?$AAn?$AAg?$AAi?$AAn?$AAe?$AA?5@ 1000753c     DynamicLight.obj
 0002:00000570       ??_C@_1CI@FPDJBKCH@?$AAS?$AAo?$AAu?$AAn?$AAd?$AAS?$AAy?$AAs?$AAt?$AAe?$AAm?$AA?5?$AA?$CB?$AA?$DN?$AA?5@ 10007570     DynamicLight.obj
 0002:00000598       ??_C@_1BM@EOJCOJG@?$AAF?$AAr?$AAo?$AAn?$AAt?$AA?5?$AA?$CB?$AA?$DN?$AA?5?$AAN?$AAU?$AAL?$AAL@ 10007598     DynamicLight.obj
 0002:000005b4       ??_C@_1BK@GKJCCBKA@?$AAB?$AAa?$AAc?$AAk?$AA?5?$AA?$CB?$AA?$DN?$AA?5?$AAN?$AAU?$AAL?$AAL@ 100075b4     DynamicLight.obj
 0002:000005d0       ??_C@_1BK@GGNHCFBN@?$AAB?$AAB?$AAo?$AAx?$AA?5?$AA?$CB?$AA?$DN?$AA?5?$AAN?$AAU?$AAL?$AAL@ 100075d0     DynamicLight.obj
 0002:000005ec       ??_C@_1BK@FHGJNIOH@?$AAF?$AAi?$AAl?$AAe?$AA?5?$AA?$CB?$AA?$DN?$AA?5?$AAN?$AAU?$AAL?$AAL@ 100075ec     DynamicLight.obj
 0002:00000608       ??_C@_0BH@PHGBOLAL@JE_ERR_SYSTEM_RESOURCE@ 10007608     DynamicLight.obj
 0002:00000620       ??_C@_1BK@OHMGHMFG@?$AAL?$AAi?$AAs?$AAt?$AA?5?$AA?$CB?$AA?$DN?$AA?5?$AAN?$AAU?$AAL?$AAL@ 10007620     DynamicLight.obj
 0002:0000063c       ??_C@_1BM@KBHENEMF@?$AAp?$AAD?$AAa?$AAt?$AAa?$AA?5?$AA?$CB?$AA?$DN?$AA?5?$AAN?$AAU?$AAL?$AAL@ 1000763c     DynamicLight.obj
 0002:00000658       ??_C@_1EA@GNMOCPKM@?$AAD?$AAa?$AAt?$AAa?$AAT?$AAy?$AAp?$AAe?$AA?5?$AA?$DN?$AA?$DN?$AA?5?$AAP?$AAR?$AAO@ 10007658     DynamicLight.obj
 0002:00000698       ??_C@_1EO@HPMEMKIA@?$AAD?$AAa?$AAt?$AAa?$AAT?$AAy?$AAp?$AAe?$AA?5?$AA?$DN?$AA?$DN?$AA?5?$AAP?$AAR?$AAO@ 10007698     DynamicLight.obj
 0002:000006e8       ??_C@_1EA@MNKJFLED@?$AAD?$AAa?$AAt?$AAa?$AAT?$AAy?$AAp?$AAe?$AA?5?$AA?$DN?$AA?$DN?$AA?5?$AAP?$AAR?$AAO@ 100076e8     DynamicLight.obj
 0002:00000728       ??_C@_13COJANIEC@?$AA0@    10007728     DynamicLight.obj
 0002:0000072c       ??_C@_1BG@PCOKDGLJ@?$AAX?$AAf?$AA?5?$AA?$CB?$AA?$DN?$AA?5?$AAN?$AAU?$AAL?$AAL@ 1000772c     DynamicLight.obj
 0002:00000744       ??_C@_0DH@PNPJMBGI@Unable?5to?5allocate?5enough?5RAM?5t@ 10007744     DynamicLight.obj
 0002:0000077c       ??_C@_0BJ@EGNAMMON@JE_ERR_SUBSYSTEM_FAILURE@ 1000777c     DynamicLight.obj
 0002:00000798       ??_C@_06LEBJIAPJ@Memory@   10007798     DynamicLight.obj
 0002:000007a0       ??_C@_0CK@JADIPFJF@Unable?5to?5create?5a?5VFile?5Memory@ 100077a0     DynamicLight.obj
 0002:000007cc       ??_C@_0L@MFPGFNKC@tempObject@ 100077cc     DynamicLight.obj
 0002:000007d8       ??_C@_0CF@CKCDKBOB@Unable?5to?5create?5a?5VFile?5Memory@ 100077d8     DynamicLight.obj
 0002:00000800       ??_C@_0CD@EPHHKCKF@Unable?5to?5create?5a?5Pointer?5Mana@ 10007800     DynamicLight.obj
 0002:00000824       ??_C@_0DH@BKNJBHHF@Unable?5to?5write?5the?5object?5to?5a@ 10007824     DynamicLight.obj
 0002:0000085c       ??_C@_0CM@GHPDDNHJ@Unable?5to?5rewind?5the?5temp?5VFile@ 1000785c     DynamicLight.obj
 0002:00000888       ??_C@_0DO@EDLKNMAJ@Unable?5to?5reade?5the?5object?5back@ 10007888     DynamicLight.obj
 0002:000008c8       __real@3dcccccd            100078c8     DynamicLight.obj
 0002:000008cc       __real@3f800000            100078cc     DynamicLight.obj
 0002:000008d0       __real@40a00000            100078d0     DynamicLight.obj
 0002:000008d4       __real@41a00000            100078d4     DynamicLight.obj
 0002:000008d8       __real@42480000            100078d8     DynamicLight.obj
 0002:000008dc       __real@43000000            100078dc     DynamicLight.obj
 0002:000008e0       __real@437f0000            100078e0     DynamicLight.obj
 0002:000008e4       __real@7f7fffff            100078e4     DynamicLight.obj
 0002:000008e8       ??_C@_0O@BJNHGOFA@Dynamic?5Light@ 100078e8     ObjectDef.obj
 0002:000008f8       __real@3f051eb8            100078f8     ObjectDef.obj
 0002:000008fc       __pDefaultRawDllMain       100078fc     MSVCRTD:dll_dllmain.obj
 0002:000008fc       __pRawDllMain              100078fc     MSVCRTD:dll_dllmain.obj
 0002:000009a0       ??_C@_0NN@JMPELKLB@The?5value?5of?5ESP?5was?5not?5proper@ 100079a0     MSVCRTD:error.obj
 0002:00000a80       ??_C@_0BBN@ELNNILBE@A?5cast?5to?5a?5smaller?5data?5type?5h@ 10007a80     MSVCRTD:error.obj
 0002:00000ba0       ??_C@_0BN@BPOGFMJL@Stack?5memory?5was?5corrupted?$AN?6@ 10007ba0     MSVCRTD:error.obj
 0002:00000bc0       ??_C@_0DG@DAJCDLPN@A?5local?5variable?5was?5used?5befor@ 10007bc0     MSVCRTD:error.obj
 0002:00000bf8       ??_C@_0CM@JMIDGKLA@Stack?5memory?5around?5_alloca?5was@ 10007bf8     MSVCRTD:error.obj
 0002:00000c24       ??_C@_0BO@CHIONIOI@Unknown?5Runtime?5Check?5Error?$AN?6@ 10007c24     MSVCRTD:error.obj
 0002:00000c48       ??_C@_1GM@CNOOJIHC@?$AAR?$AAu?$AAn?$AAt?$AAi?$AAm?$AAe?$AA?5?$AAC?$AAh?$AAe?$AAc?$AAk?$AA?5?$AAE@ 10007c48     MSVCRTD:error.obj
 0002:00000cb8       ??_C@_1EA@NFKNIFJP@?$AAR?$AAu?$AAn?$AA?9?$AAT?$AAi?$AAm?$AAe?$AA?5?$AAC?$AAh?$AAe?$AAc?$AAk?$AA?5@ 10007cb8     MSVCRTD:error.obj
 0002:00000cf8       ??_C@_0BB@PFFGGCJP@Unknown?5Filename@ 10007cf8     MSVCRTD:error.obj
 0002:00000d0c       ??_C@_0BE@GNBOBNCK@Unknown?5Module?5Name@ 10007d0c     MSVCRTD:error.obj
 0002:00000d20       ??_C@_0CA@IODNCDPG@Run?9Time?5Check?5Failure?5?$CD?$CFd?5?9?5?$CFs@ 10007d20     MSVCRTD:error.obj
 0002:00000d40       ??_C@_0CG@IAFNJNEE@Stack?5corrupted?5near?5unknown?5va@ 10007d40     MSVCRTD:error.obj
 0002:00000d68       ??_C@_05MKKEDADM@?$CF?42X?5@ 10007d68     MSVCRTD:error.obj
 0002:00000d70       ??_C@_0EJ@LJKNEOLN@Stack?5area?5around?5_alloca?5memor@ 10007d70     MSVCRTD:error.obj
 0002:00000dbc       ??_C@_01EEMJAFIK@?6@       10007dbc     MSVCRTD:error.obj
 0002:00000dc0       ??_C@_02LLMPMKNF@?$DO?5@   10007dc0     MSVCRTD:error.obj
 0002:00000dc4       ??_C@_08OMAHNMHJ@?6Data?3?5?$DM@ 10007dc4     MSVCRTD:error.obj
 0002:00000dd0       ??_C@_0CK@DKGBICFE@?6Allocation?5number?5within?5this?5@ 10007dd0     MSVCRTD:error.obj
 0002:00000dfc       ??_C@_07DFDJCKFN@?6Size?3?5@ 10007dfc     MSVCRTD:error.obj
 0002:00000e04       ??_C@_0N@MHFFIMFG@?6Address?3?50x@ 10007e04     MSVCRTD:error.obj
 0002:00000e18       ??_C@_0EI@CLEPFNGI@Stack?5area?5around?5_alloca?5memor@ 10007e18     MSVCRTD:error.obj
 0002:00000e60       ??_C@_0BK@ODNDAGKB@?$CFs?$CFs?$CFp?$CFs?$CFzd?$CFs?$CFd?$CFs?$CFs?$CFs?$CFs?$CFs@ 10007e60     MSVCRTD:error.obj
 0002:00000e7c       ??_C@_0DE@OHJBPMBP@A?5variable?5is?5being?5used?5withou@ 10007e7c     MSVCRTD:error.obj
 0002:00000ecc       ??_C@_0BJ@HEGAHDFO@Stack?5pointer?5corruption@ 10007ecc     MSVCRTD:userapi.obj
 0002:00000ee8       ??_C@_0CK@FEGOIOPB@Cast?5to?5smaller?5type?5causing?5lo@ 10007ee8     MSVCRTD:userapi.obj
 0002:00000f14       ??_C@_0BI@CIGMDCBH@Stack?5memory?5corruption@ 10007f14     MSVCRTD:userapi.obj
 0002:00000f2c       ??_C@_0CK@CNLNOEPB@Local?5variable?5used?5before?5init@ 10007f2c     MSVCRTD:userapi.obj
 0002:00000f58       ??_C@_0BP@OGBCLIBO@Stack?5around?5_alloca?5corrupted@ 10007f58     MSVCRTD:userapi.obj
 0002:00000fc0       ??_C@_1EI@MLPKHBGE@?$AAa?$AAp?$AAi?$AA?9?$AAm?$AAs?$AA?9?$AAw?$AAi?$AAn?$AA?9?$AAc?$AAo?$AAr?$AAe@ 10007fc0     MSVCRTD:pdblkup.obj
 0002:00001008       ??_C@_1BK@JHLNAEJL@?$AAa?$AAd?$AAv?$AAa?$AAp?$AAi?$AA3?$AA2?$AA?4?$AAd?$AAl?$AAl@ 10008008     MSVCRTD:pdblkup.obj
 0002:00001024       ??_C@_0O@COHOBMLB@RegOpenKeyExW@ 10008024     MSVCRTD:pdblkup.obj
 0002:00001034       ??_C@_0BB@GLNAEDBD@RegQueryValueExW@ 10008034     MSVCRTD:pdblkup.obj
 0002:00001048       ??_C@_0M@HLOHPNFA@RegCloseKey@ 10008048     MSVCRTD:pdblkup.obj
 0002:00001058       ??_C@_1HE@EBEAGLFB@?$AAS?$AAO?$AAF?$AAT?$AAW?$AAA?$AAR?$AAE?$AA?2?$AAW?$AAo?$AAw?$AA6?$AA4?$AA3@ 10008058     MSVCRTD:pdblkup.obj
 0002:000010cc       ??_C@_1BG@EABPBLLF@?$AAP?$AAr?$AAo?$AAd?$AAu?$AAc?$AAt?$AAD?$AAi?$AAr@ 100080cc     MSVCRTD:pdblkup.obj
 0002:00001100       ??_C@_1BC@JINFINNJ@?$AAM?$AAS?$AAP?$AAD?$AAB?$AA1?$AA4?$AA0@ 10008100     MSVCRTD:pdblkup.obj
 0002:00001114       ??_C@_0BB@KCIACLNC@PDBOpenValidate5@ 10008114     MSVCRTD:pdblkup.obj
 0002:00001128       ??_C@_01KDCPPGHE@r@        10008128     MSVCRTD:pdblkup.obj
 0002:00001130       __load_config_used         10008130     MSVCRTD:loadcfg.obj
 0002:00001280       ___CastGuardVftablesStart  10008280     MSVCRTD:guard_support.obj
 0002:000012c0       ___CastGuardVftablesEnd    100082c0     MSVCRTD:guard_support.obj
 0002:00001300       ___safe_se_handler_table   10008300     <linker-defined>
 0002:00001308       ___volatile_metadata       10008308     <linker-defined>
 0002:000016b8       ___rtc_iaa                 100086b8     MSVCRTD:initsect.obj
 0002:000016c4       ___rtc_izz                 100086c4     MSVCRTD:initsect.obj
 0002:000016c8       ___rtc_taa                 100086c8     MSVCRTD:initsect.obj
 0002:000016d4       ___rtc_tzz                 100086d4     MSVCRTD:initsect.obj
 0002:000017d8       __IMPORT_DESCRIPTOR_Jet3DClassic11d 100087d8     jet3DClassic11d:Jet3DClassic11d.dll
 0002:000017ec       __IMPORT_DESCRIPTOR_USER32 100087ec     user32:USER32.dll
 0002:00001800       __IMPORT_DESCRIPTOR_VCRUNTIME140D 10008800     vcruntimed:VCRUNTIME140D.dll
 0002:00001814       __IMPORT_DESCRIPTOR_ucrtbased 10008814     ucrtd:ucrtbased.dll
 0002:00001828       __IMPORT_DESCRIPTOR_KERNEL32 10008828     kernel32:KERNEL32.dll
 0002:0000183c       __NULL_IMPORT_DESCRIPTOR   1000883c     jet3DClassic11d:Jet3DClassic11d.dll
 0003:0000000c       ?__LINE__Var@?0??DynamicLight_Destroy@@9@9 1000a00c     DynamicLight.obj
 0003:00000010       ?__LINE__Var@?0??DynamicLight_Create@@9@9 1000a010     DynamicLight.obj
 0003:00000014       ?__LINE__Var@?0??Util_LoadLibraryString@@9@9 1000a014     DynamicLight.obj
 0003:00000018       ?__LINE__Var@?0??Init_Class@@9@9 1000a018     DynamicLight.obj
 0003:0000001c       ?__LINE__Var@?0??CreateInstance@@9@9 1000a01c     DynamicLight.obj
 0003:00000020       ?__LINE__Var@?0??CreateRef@@9@9 1000a020     DynamicLight.obj
 0003:00000024       ?__LINE__Var@?0??Destroy@@9@9 1000a024     DynamicLight.obj
 0003:00000028       ?__LINE__Var@?0??AttachWorld@@9@9 1000a028     DynamicLight.obj
 0003:0000002c       ?__LINE__Var@?0??DettachWorld@@9@9 1000a02c     DynamicLight.obj
 0003:00000030       ?__LINE__Var@?0??AttachEngine@@9@9 1000a030     DynamicLight.obj
 0003:00000034       ?__LINE__Var@?0??DettachEngine@@9@9 1000a034     DynamicLight.obj
 0003:00000038       ?__LINE__Var@?0??AttachSoundSystem@@9@9 1000a038     DynamicLight.obj
 0003:0000003c       ?__LINE__Var@?0??DettachSoundSystem@@9@9 1000a03c     DynamicLight.obj
 0003:00000040       ?__LINE__Var@?0??Collision@@9@9 1000a040     DynamicLight.obj
 0003:00000044       ?__LINE__Var@?0??GetExtBox@@9@9 1000a044     DynamicLight.obj
 0003:00000048       ?__LINE__Var@?0??CreateFromFile@@9@9 1000a048     DynamicLight.obj
 0003:0000004c       ?__LINE__Var@?0??WriteToFile@@9@9 1000a04c     DynamicLight.obj
 0003:00000050       ?__LINE__Var@?0??GetPropertyList@@9@9 1000a050     DynamicLight.obj
 0003:00000054       ?__LINE__Var@?0??SetProperty@@9@9 1000a054     DynamicLight.obj
 0003:00000058       ?__LINE__Var@?0??SetXForm@@9@9 1000a058     DynamicLight.obj
 0003:0000005c       ?__LINE__Var@?0??GetXForm@@9@9 1000a05c     DynamicLight.obj
 0003:00000060       ?__LINE__Var@?0??Frame@@9@9 1000a060     DynamicLight.obj
 0003:00000064       ?__LINE__Var@?0??DuplicateInstance@@9@9 1000a064     DynamicLight.obj
 0003:00000068       _ObjectDef                 1000a068     ObjectDef.obj
 0003:000000f0       ___security_cookie         1000a0f0     MSVCRTD:gs_cookie.obj
 0003:000000f4       ___security_cookie_complement 1000a0f4     MSVCRTD:gs_cookie.obj
 0003:000000f8       __fltused                  1000a0f8     MSVCRTD:fltused.obj
 0003:000000fc       ?_RTC_ErrorLevels@@3PAHA   1000a0fc     MSVCRTD:error.obj
 0003:00000110       ___scrt_native_dllmain_reason 1000a110     MSVCRTD:utility.obj
 0003:00000114       ___isa_enabled             1000a114     MSVCRTD:cpu_disp.obj
 0003:00000118       ___scrt_ucrt_dll_is_in_use 1000a118     MSVCRTD:ucrt_stubs.obj
 0003:000003e0       ?_OptionsStorage@?1??__local_stdio_printf_options@@9@4_KA 1000a3e0     MSVCRTD:error.obj
 0003:00000710       ?__type_info_root_node@@3U__type_info_node@@A 1000a710     MSVCRTD:tncleanup.obj
 0003:00000718       ?_OptionsStorage@?1??__local_stdio_scanf_options@@9@4_KA 1000a718     MSVCRTD:default_local_stdio_options.obj
 0003:00000720       ___scrt_current_native_startup_state 1000a720     MSVCRTD:utility.obj
 0003:00000724       ___scrt_native_startup_lock 1000a724     MSVCRTD:utility.obj
 0003:00000744       ___scrt_debugger_hook_flag 1000a744     MSVCRTD:utility_desktop.obj
 0003:00000750       ___isa_available           1000a750     MSVCRTD:cpu_disp.obj
 0003:00000754       ___favor                   1000a754     MSVCRTD:cpu_disp.obj
 0003:00000758       ___dyn_tls_init_callback   1000a758     <common>

 entry point at        0001:00002bc0

 Static symbols

 0000:ffff3000       .debug$S                   10000000     DynLightObj.exp
 0000:00000000       _volmd                     10000000     DynamicLight.obj
 0000:00000000       _volmd                     10000000     DynamicLight.obj
 0000:ffff3000       .debug$S                   10000000     jet3DClassic11d:Jet3DClassic11d.dll
 0000:ffff3000       .debug$S                   10000000     jet3DClassic11d:Jet3DClassic11d.dll
 0000:ffff3000       .debug$S                   10000000     jet3DClassic11d:Jet3DClassic11d.dll
 0000:ffff3000       .debug$S                   10000000     jet3DClassic11d:Jet3DClassic11d.dll
 0000:ffff3000       .debug$S                   10000000     jet3DClassic11d:Jet3DClassic11d.dll
 0000:ffff3000       .debug$S                   10000000     jet3DClassic11d:Jet3DClassic11d.dll
 0000:ffff3000       .debug$S                   10000000     jet3DClassic11d:Jet3DClassic11d.dll
 0000:ffff3000       .debug$S                   10000000     jet3DClassic11d:Jet3DClassic11d.dll
 0000:ffff3000       .debug$S                   10000000     jet3DClassic11d:Jet3DClassic11d.dll
 0000:ffff3000       .debug$S                   10000000     jet3DClassic11d:Jet3DClassic11d.dll
 0000:ffff3000       .debug$S                   10000000     jet3DClassic11d:Jet3DClassic11d.dll
 0000:ffff3000       .debug$S                   10000000     jet3DClassic11d:Jet3DClassic11d.dll
 0000:ffff3000       .debug$S                   10000000     jet3DClassic11d:Jet3DClassic11d.dll
 0000:ffff3000       .debug$S                   10000000     jet3DClassic11d:Jet3DClassic11d.dll
 0000:ffff3000       .debug$S                   10000000     jet3DClassic11d:Jet3DClassic11d.dll
 0000:ffff3000       .debug$S                   10000000     jet3DClassic11d:Jet3DClassic11d.dll
 0000:ffff3000       .debug$S                   10000000     jet3DClassic11d:Jet3DClassic11d.dll
 0000:ffff3000       .debug$S                   10000000     jet3DClassic11d:Jet3DClassic11d.dll
 0000:ffff3000       .debug$S                   10000000     jet3DClassic11d:Jet3DClassic11d.dll
 0000:ffff3000       .debug$S                   10000000     jet3DClassic11d:Jet3DClassic11d.dll
 0000:ffff3000       .debug$S                   10000000     jet3DClassic11d:Jet3DClassic11d.dll
 0000:ffff3000       .debug$S                   10000000     jet3DClassic11d:Jet3DClassic11d.dll
 0000:ffff3000       .debug$S                   10000000     jet3DClassic11d:Jet3DClassic11d.dll
 0000:ffff3000       .debug$S                   10000000     jet3DClassic11d:Jet3DClassic11d.dll
 0000:ffff3000       .debug$S                   10000000     jet3DClassic11d:Jet3DClassic11d.dll
 0000:ffff3000       .debug$S                   10000000     jet3DClassic11d:Jet3DClassic11d.dll
 0000:ffff3000       .debug$S                   10000000     jet3DClassic11d:Jet3DClassic11d.dll
 0000:ffff3000       .debug$S                   10000000     jet3DClassic11d:Jet3DClassic11d.dll
 0000:ffff3000       .debug$S                   10000000     ucrtd:ucrtbased.dll
 0000:ffff3000       .debug$S                   10000000     ucrtd:ucrtbased.dll
 0000:ffff3000       .debug$S                   10000000     ucrtd:ucrtbased.dll
 0000:ffff3000       .debug$S                   10000000     ucrtd:ucrtbased.dll
 0000:ffff3000       .debug$S                   10000000     ucrtd:ucrtbased.dll
 0000:ffff3000       .debug$S                   10000000     ucrtd:ucrtbased.dll
 0000:ffff3000       .debug$S                   10000000     ucrtd:ucrtbased.dll
 0000:ffff3000       .debug$S                   10000000     ucrtd:ucrtbased.dll
 0000:ffff3000       .debug$S                   10000000     ucrtd:ucrtbased.dll
 0000:ffff3000       .debug$S                   10000000     ucrtd:ucrtbased.dll
 0000:ffff3000       .debug$S                   10000000     ucrtd:ucrtbased.dll
 0000:ffff3000       .debug$S                   10000000     ucrtd:ucrtbased.dll
 0000:ffff3000       .debug$S                   10000000     ucrtd:ucrtbased.dll
 0000:ffff3000       .debug$S                   10000000     ucrtd:ucrtbased.dll
 0000:ffff3000       .debug$S                   10000000     ucrtd:ucrtbased.dll
 0000:ffff3000       .debug$S                   10000000     ucrtd:ucrtbased.dll
 0000:ffff3000       .debug$S                   10000000     ucrtd:ucrtbased.dll
 0000:ffff3000       .debug$S                   10000000     ucrtd:ucrtbased.dll
 0000:ffff3000       .debug$S                   10000000     ucrtd:ucrtbased.dll
 0000:ffff3000       .debug$S                   10000000     ucrtd:ucrtbased.dll
 0000:ffff3000       .debug$S                   10000000     ucrtd:ucrtbased.dll
 0000:ffff3000       .debug$S                   10000000     ucrtd:ucrtbased.dll
 0000:ffff3000       .debug$S                   10000000     kernel32:KERNEL32.dll
 0000:ffff3000       .debug$S                   10000000     kernel32:KERNEL32.dll
 0000:ffff3000       .debug$S                   10000000     kernel32:KERNEL32.dll
 0000:ffff3000       .debug$S                   10000000     kernel32:KERNEL32.dll
 0000:ffff3000       .debug$S                   10000000     kernel32:KERNEL32.dll
 0000:ffff3000       .debug$S                   10000000     kernel32:KERNEL32.dll
 0000:ffff3000       .debug$S                   10000000     kernel32:KERNEL32.dll
 0000:ffff3000       .debug$S                   10000000     kernel32:KERNEL32.dll
 0000:ffff3000       .debug$S                   10000000     kernel32:KERNEL32.dll
 0000:ffff3000       .debug$S                   10000000     kernel32:KERNEL32.dll
 0000:ffff3000       .debug$S                   10000000     kernel32:KERNEL32.dll
 0000:ffff3000       .debug$S                   10000000     kernel32:KERNEL32.dll
 0000:ffff3000       .debug$S                   10000000     kernel32:KERNEL32.dll
 0000:ffff3000       .debug$S                   10000000     kernel32:KERNEL32.dll
 0000:ffff3000       .debug$S                   10000000     kernel32:KERNEL32.dll
 0000:ffff3000       .debug$S                   10000000     kernel32:KERNEL32.dll
 0000:ffff3000       .debug$S                   10000000     kernel32:KERNEL32.dll
 0000:ffff3000       .debug$S                   10000000     kernel32:KERNEL32.dll
 0000:ffff3000       .debug$S                   10000000     kernel32:KERNEL32.dll
 0000:ffff3000       .debug$S                   10000000     kernel32:KERNEL32.dll
 0000:ffff3000       .debug$S                   10000000     kernel32:KERNEL32.dll
 0000:ffff3000       .debug$S                   10000000     kernel32:KERNEL32.dll
 0000:ffff3000       .debug$S                   10000000     kernel32:KERNEL32.dll
 0000:ffff3000       .debug$S                   10000000     user32:USER32.dll
 0002:ffff9000       __guard_fids___except_handler4 10000000     MSVCRTD:chandler4gs.obj
 0000:00000000       _volmd                     10000000     MSVCRTD:cpu_disp.obj
 0002:ffff9000       __guard_fids_?dllmain_dispatch@@YAHQAUHINSTANCE__@@KQAX@Z 10000000     MSVCRTD:dll_dllmain.obj
 0000:00000000       _volmd                     10000000     MSVCRTD:gs_report.obj
 0002:ffff9000       __guard_fids__             10000000     MSVCRTD:guard_support.obj
 0002:ffff9000       __guard_fids__             10000000     MSVCRTD:guard_support.obj
 0002:ffff9000       __guard_fids___guard_icall_checks_enforced 10000000     MSVCRTD:guard_support.obj
 0000:00000000       _volmd                     10000000     MSVCRTD:guard_support.obj
 0000:00000000       _volmd                     10000000     MSVCRTD:guard_support.obj
 0002:ffff9000       __guard_fids___CRT_RTC_INIT 10000000     MSVCRTD:init.obj
 0002:ffff9000       __guard_fids___CRT_RTC_INITW 10000000     MSVCRTD:init.obj
 0002:ffff9000       __guard_fids____scrt_set_unhandled_exception_filter 10000000     MSVCRTD:utility_desktop.obj
 0000:ffff3000       .debug$S                   10000000     vcruntimed:VCRUNTIME140D.dll
 0000:ffff3000       .debug$S                   10000000     vcruntimed:VCRUNTIME140D.dll
 0000:ffff3000       .debug$S                   10000000     vcruntimed:VCRUNTIME140D.dll
 0000:ffff3000       .debug$S                   10000000     vcruntimed:VCRUNTIME140D.dll
 0000:ffff3000       .debug$S                   10000000     vcruntimed:VCRUNTIME140D.dll
 0000:ffff3000       .debug$S                   10000000     vcruntimed:VCRUNTIME140D.dll
 0000:ffff3000       .debug$S                   10000000     vcruntimed:VCRUNTIME140D.dll
 0000:ffff3000       .debug$S                   10000000     vcruntimed:VCRUNTIME140D.dll
 0001:000005dc       $LN14                      100015dc     DynamicLight.obj
 0001:000005e4       $LN13                      100015e4     DynamicLight.obj
 0001:000005fc       $LN12                      100015fc     DynamicLight.obj
 0001:00000600       $LN11                      10001600     DynamicLight.obj
 0001:00000fd8       $LN12                      10001fd8     DynamicLight.obj
 0001:00000fe0       $LN11                      10001fe0     DynamicLight.obj
 0001:00000fec       $LN10                      10001fec     DynamicLight.obj
 0001:00001000       _DynamicLight_Create       10002000 f   DynamicLight.obj
 0001:000011b0       _DynamicLight_Destroy      100021b0 f   DynamicLight.obj
 0001:000014cc       $LN7                       100024cc     DynamicLight.obj
 0001:000014d4       $LN6                       100024d4     DynamicLight.obj
 0001:000014e0       $LN5                       100024e0     DynamicLight.obj
 0001:00001aec       $LN6                       10002aec     DynamicLight.obj
 0001:00001af4       $LN5                       10002af4     DynamicLight.obj
 0001:00001b00       $LN4                       10002b00     DynamicLight.obj
 0001:00001ea8       $LN25                      10002ea8     DynamicLight.obj
 0001:00001fe0       _Util_LoadLibraryString    10002fe0 f   DynamicLight.obj
 0001:000022dc       $LN9                       100032dc     DynamicLight.obj
 0001:000022e4       $LN8                       100032e4     DynamicLight.obj
 0001:000022fc       $LN7                       100032fc     DynamicLight.obj
 0001:00002300       $LN6                       10003300     DynamicLight.obj
 0001:000026d0       ?dllmain_crt_dispatch@@YGHQAUHINSTANCE__@@KQAX@Z 100036d0 f   MSVCRTD:dll_dllmain.obj
 0001:0000273c       $LN11                      1000373c     MSVCRTD:dll_dllmain.obj
 0001:00002750       ?dllmain_crt_process_attach@@YAHQAUHINSTANCE__@@QAX@Z 10003750 f   MSVCRTD:dll_dllmain.obj
 0001:000028c0       ?dllmain_crt_process_detach@@YAH_N@Z 100038c0 f   MSVCRTD:dll_dllmain.obj
 0001:000029c0       ?dllmain_dispatch@@YAHQAUHINSTANCE__@@KQAX@Z 100039c0 f   MSVCRTD:dll_dllmain.obj
 0001:00002b50       ?dllmain_raw@@YGHQAUHINSTANCE__@@KQAX@Z 10003b50 f   MSVCRTD:dll_dllmain.obj
 0001:00002bf0       ?DebuggerProbe@@YA_NK@Z    10003bf0 f   MSVCRTD:error.obj
 0001:00002c30       ?DebuggerRuntime@@YA_NKHPAXPB_W@Z 10003c30 f   MSVCRTD:error.obj
 0001:00002e70       ?_getMemBlockDataString@@YAXPAD0PBDI@Z 10003e70 f   MSVCRTD:error.obj
 0001:00002ee0       ?_strlen_priv@@YAIPBD@Z    10003ee0 f   MSVCRTD:error.obj
 0001:00002f00       ?failwithmessage@@YAXPAXHHPBD@Z 10003f00 f   MSVCRTD:error.obj
 0001:00003100       ?notify_debugger@@YAXABUtagEXCEPTION_VISUALCPP_DEBUG_INFO@@@Z 10004100 f   MSVCRTD:error.obj
 0001:000036b0       ___get_entropy             100046b0 f   MSVCRTD:gs_support.obj
 0001:00003840       ?find_pe_section@@YAPAU_IMAGE_SECTION_HEADER@@QAEI@Z 10004840 f   MSVCRTD:utility.obj
 0001:000038e0       ?is_potentially_valid_image_base@@YA_NQAX@Z 100048e0 f   MSVCRTD:utility.obj
 0001:00004300       ___castguard_check_failure_os_handled_wrapper 10005300 f   MSVCRTD:guard_support.obj
 0001:00004320       ___castguard_compat_check  10005320 f   MSVCRTD:guard_support.obj
 0001:00004420       ___castguard_slow_path_compat_check 10005420 f   MSVCRTD:guard_support.obj
 0001:00004490       ?GetPdbDll@@YAPAUHINSTANCE__@@XZ 10005490 f   MSVCRTD:pdblkup.obj
 0001:000045e0       ?GetPdbDllFromInstallPath@@YAPAUHINSTANCE__@@XZ 100055e0 f   MSVCRTD:pdblkup.obj
 0001:00004840       ?GetPdbDllPathFromFilePath@@YAHPB_WPA_WI@Z 10005840 f   MSVCRTD:pdblkup.obj
 0002:00000900       ?_RTC_ErrorMessages@@3QBQBDB 10007900     MSVCRTD:error.obj
 0002:00000918       ?_RTC_NoFalsePositives@@3QBHB 10007918     MSVCRTD:error.obj
 0002:00000930       ?stack_premsg@@3QBDB       10007930     MSVCRTD:error.obj
 0002:0000094c       ?stack_postmsg@@3QBDB      1000794c     MSVCRTD:error.obj
 0002:00000960       ?uninit_premsg@@3QBDB      10007960     MSVCRTD:error.obj
 0002:00000970       ?uninit_postmsg@@3QBDB     10007970     MSVCRTD:error.obj
 0002:00000eb0       _GS_ExceptionPointers      10007eb0     MSVCRTD:gs_report.obj
 0002:00000eb8       ?_RTC_errlist@@3QBQBDB     10007eb8     MSVCRTD:userapi.obj
 0002:00000f78       ?mspdbName@@3QB_WB         10007f78     MSVCRTD:pdblkup.obj
 0002:00000f9c       ?debugCrtFileName@@3QB_WB  10007f9c     MSVCRTD:pdblkup.obj
 0002:000010e4       ?dllExt@?1??GetPdbDllPathFromFilePath@@YAHPB_WPA_WI@Z@4QB_WB 100080e4     MSVCRTD:pdblkup.obj
 0002:000010ec       ?mspdbFilename@?1??GetPdbDllPathFromFilePath@@YAHPB_WPA_WI@Z@4QB_WB 100080ec     MSVCRTD:pdblkup.obj
 0002:000016bc       __RTC_InitBase.rtc$IMZ     100086bc     DynamicLight.obj
 0002:000016c0       __RTC_InitBase.rtc$IMZ     100086c0     ObjectDef.obj
 0002:000016cc       __RTC_Shutdown.rtc$TMZ     100086cc     DynamicLight.obj
 0002:000016d0       __RTC_Shutdown.rtc$TMZ     100086d0     ObjectDef.obj
 0002:000016d8       __sehtable$?dllmain_crt_process_attach@@YAHQAUHINSTANCE__@@QAX@Z 100086d8     MSVCRTD:dll_dllmain.obj
 0002:000016f8       __sehtable$?dllmain_crt_process_detach@@YAH_N@Z 100086f8     MSVCRTD:dll_dllmain.obj
 0002:00001720       __sehtable$?dllmain_dispatch@@YAHQAUHINSTANCE__@@KQAX@Z 10008720     MSVCRTD:dll_dllmain.obj
 0002:00001740       __sehtable$?notify_debugger@@YAXABUtagEXCEPTION_VISUALCPP_DEBUG_INFO@@@Z 10008740     MSVCRTD:error.obj
 0002:00001760       __sehtable$___scrt_is_nonwritable_in_current_image 10008760     MSVCRTD:utility.obj
 0002:00001780       .edata                     10008780     DynLightObj.exp
 0002:000017a8       rgpv                       100087a8     DynLightObj.exp
 0002:000017ac       rgszName                   100087ac     DynLightObj.exp
 0002:000017b0       rgwOrd                     100087b0     DynLightObj.exp
 0002:000017b2       szName                     100087b2     DynLightObj.exp
 0002:000017c2       $N00001                    100087c2     DynLightObj.exp
 0002:00001c70       .idata$6                   10008c70     jet3DClassic11d:Jet3DClassic11d.dll
 0002:00001c92       .idata$6                   10008c92     user32:USER32.dll
 0002:00001d64       .idata$6                   10008d64     vcruntimed:VCRUNTIME140D.dll
 0002:00001f00       .idata$6                   10008f00     ucrtd:ucrtbased.dll
 0002:000020e4       .idata$6                   100090e4     kernel32:KERNEL32.dll
 0003:00000000       _DynamicLightPropertyList  1000a000     DynamicLight.obj
 0003:00000120       _DynamicLightProperties    1000a120     DynamicLight.obj
 0003:000002d0       _hClassInstance            1000a2d0     DynamicLight.obj
 0003:000002d8       ?StringBuf@?1??Util_LoadLibraryString@@9@9 1000a2d8     DynamicLight.obj
 0003:000003d7       ?init@?1??_RTC_InitBase@@9@4_NA 1000a3d7     MSVCRTD:init.obj
 0003:000003d8       ?__proc_attached@@3HA      1000a3d8     MSVCRTD:dll_dllmain.obj
 0003:000003e8       _GS_ExceptionRecord        1000a3e8     MSVCRTD:gs_report.obj
 0003:00000438       _GS_ContextRecord          1000a438     MSVCRTD:gs_report.obj
 0003:00000704       ?_RTC_ErrorReportFunc@@3P6AHHPBDH00ZZA 1000a704     MSVCRTD:userapi.obj
 0003:00000708       ?_RTC_ErrorReportFuncW@@3P6AHHPB_WH00ZZA 1000a708     MSVCRTD:userapi.obj
 0003:00000728       ?is_initialized_as_dll@@3_NA 1000a728     MSVCRTD:utility.obj
 0003:00000729       ?module_local_atexit_table_initialized@@3_NA 1000a729     MSVCRTD:utility.obj
 0003:0000072c       ?module_local_atexit_table@@3U_onexit_table_t@@A 1000a72c     MSVCRTD:utility.obj
 0003:00000738       ?module_local_at_quick_exit_table@@3U_onexit_table_t@@A 1000a738     MSVCRTD:utility.obj
 0003:00000748       ?mspdb@@3PAUHINSTANCE__@@A 1000a748     MSVCRTD:pdblkup.obj
 0003:0000074c       ?alreadyTried@?1??GetPdbDll@@YAPAUHINSTANCE__@@XZ@4_NA 1000a74c     MSVCRTD:pdblkup.obj
 0003:0000074d       ?PDBOK@?1??_RTC_GetSrcLine@@YAHPAEPA_WKPAH1K@Z@4_NA 1000a74d     MSVCRTD:pdblkup.obj
 0004:000000a0       $R000000                   1000b0a0     DynamicLight.res
 0004:00000140       $R0000A0                   1000b140     DynamicLight.res
