 CameraObj

 Timestamp is 643b68d4 (Sat Apr 15 20:17:40 2023)

 Preferred load address is 10000000

 Start         Length     Name                   Class
 0001:00000000 00008d26H .text$mn                CODE
 0002:00000000 00000104H .CRT$XCA                DATA
 0002:00000104 00000104H .CRT$XCZ                DATA
 0002:00000208 00000104H .CRT$XIA                DATA
 0002:0000030c 00000104H .CRT$XIZ                DATA
 0002:00000410 00000104H .CRT$XPA                DATA
 0002:00000514 00000104H .CRT$XPZ                DATA
 0002:00000618 00000104H .CRT$XTA                DATA
 0002:0000071c 00000104H .CRT$XTZ                DATA
 0002:00000820 00001220H .rdata                  DATA
 0002:00001a40 00000180H .rdata$CastGuardVftablesA DATA
 0002:00001bc0 0000014cH .rdata$CastGuardVftablesC DATA
 0002:00001d0c 0000010cH .rdata$sxdata           DATA
 0002:00001e18 000001a4H .rdata$zzzdbg           DATA
 0002:00001fbc 00000104H .rtc$IAA                DATA
 0002:000020c0 0000010cH .rtc$IMZ                DATA
 0002:000021cc 00000104H .rtc$IZZ                DATA
 0002:000022d0 00000104H .rtc$TAA                DATA
 0002:000023d4 0000010cH .rtc$TMZ                DATA
 0002:000024e0 00000108H .rtc$TZZ                DATA
 0002:000025e8 000001c8H .xdata$x                DATA
 0002:000027b0 00000163H .edata                  DATA
 0003:00000000 00000260H .data                   DATA
 0003:00000260 00000660H .bss                    DATA
 0004:00000000 00000280H .idata$5                DATA
 0004:00000280 00000064H .idata$2                DATA
 0004:000002e4 00000014H .idata$3                DATA
 0004:000002f8 00000280H .idata$4                DATA
 0004:00000578 000009deH .idata$6                DATA
 0005:00000000 0000010eH .00cfg                  DATA
 0006:00000000 00000200H .rsrc$01                DATA
 0006:00000200 00000366H .rsrc$02                DATA

  Address         Publics by Value              Rva+Base       Lib:Object

 0000:00000000       ___AbsoluteZero            00000000     <absolute>
 0000:00000000       ___arm64x_extra_rfe_table  00000000     <absolute>
 0000:00000000       ___arm64x_extra_rfe_table_size 00000000     <absolute>
 0000:00000000       ___arm64x_native_entrypoint 00000000     <absolute>
 0000:00000000       ___arm64x_redirection_metadata 00000000     <absolute>
 0000:00000000       ___arm64x_redirection_metadata_count 00000000     <absolute>
 0000:00000000       ___dynamic_value_reloc_table 00000000     <absolute>
 0000:00000000       ___enclave_config          00000000     <absolute>
 0000:00000000       ___guard_check_icall_a64n_fptr 00000000     <absolute>
 0000:00000000       ___guard_eh_cont_count     00000000     <absolute>
 0000:00000000       ___guard_eh_cont_table     00000000     <absolute>
 0000:00000000       ___guard_fids_count        00000000     <absolute>
 0000:00000000       ___guard_fids_table        00000000     <absolute>
 0000:00000000       ___guard_iat_count         00000000     <absolute>
 0000:00000000       ___guard_iat_table         00000000     <absolute>
 0000:00000000       ___guard_longjmp_count     00000000     <absolute>
 0000:00000000       ___guard_longjmp_table     00000000     <absolute>
 0000:00000000       ___hybrid_auxiliary_iat    00000000     <absolute>
 0000:00000000       ___hybrid_auxiliary_iat_copy 00000000     <absolute>
 0000:00000000       ___hybrid_code_map         00000000     <absolute>
 0000:00000000       ___hybrid_code_map_count   00000000     <absolute>
 0000:00000000       ___volatile_metadata       00000000     <absolute>
 0000:00000000       ___x64_code_ranges_to_entry_points 00000000     <absolute>
 0000:00000000       ___x64_code_ranges_to_entry_points_count 00000000     <absolute>
 0000:00000002       ___safe_se_handler_count   00000002     <absolute>
 0000:00000100       ___guard_flags             00000100     <absolute>
 0000:00000000       ___ImageBase               10000000     <linker-defined>
 0001:00000550       _AddChild@8                10001550 f   CamObject.obj
 0001:00000570       _AttachEngine@8            10001570 f   CamObject.obj
 0001:00000590       _AttachSoundSystem@8       10001590 f   CamObject.obj
 0001:000005b0       _AttachWorld@8             100015b0 f   CamObject.obj
 0001:00000ac0       _ChangeBoxCollision@24     10001ac0 f   CamObject.obj
 0001:00000ae0       _Collision@24              10001ae0 f   CamObject.obj
 0001:00000b00       _CreateFromFile@8          10001b00 f   CamObject.obj
 0001:00000ef0       _CreateGlobalBrush         10001ef0 f   CamObject.obj
 0001:000029e0       _CreateInstance@0          100039e0 f   CamObject.obj
 0001:00002ac0       _CreateRef@4               10003ac0 f   CamObject.obj
 0001:00002b50       _Destroy@4                 10003b50 f   CamObject.obj
 0001:00002c60       _DettachEngine@8           10003c60 f   CamObject.obj
 0001:00002c80       _DettachSoundSystem@8      10003c80 f   CamObject.obj
 0001:00002ca0       _DettachWorld@8            10003ca0 f   CamObject.obj
 0001:00002d20       _DuplicateInstance@4       10003d20 f   CamObject.obj
 0001:00002e00       _EditDialog@8              10003e00 f   CamObject.obj
 0001:00002e20       _GetChildren@12            10003e20 f   CamObject.obj
 0001:00002e40       _GetExtBox@8               10003e40 f   CamObject.obj
 0001:00002f00       _GetProperty@16            10003f00 f   CamObject.obj
 0001:000030a0       _GetPropertyList@8         100040a0 f   CamObject.obj
 0001:000031a0       _GetXForm@8                100041a0 f   CamObject.obj
 0001:00003250       _GetXFormModFlags@4        10004250 f   CamObject.obj
 0001:00003270       _Init_Class                10004270 f   CamObject.obj
 0001:00003490       _PortalFrame@8             10004490 f   CamObject.obj
 0001:000034b0       _RemoveChild@8             100044b0 f   CamObject.obj
 0001:000034d0       _Render@24                 100044d0 f   CamObject.obj
 0001:00003600       _SendMsg@12                10004600 f   CamObject.obj
 0001:000036d0       _SetProperty@16            100046d0 f   CamObject.obj
 0001:00003870       _SetXForm@8                10004870 f   CamObject.obj
 0001:00003940       _Util_GetAppPath           10004940 f   CamObject.obj
 0001:00003ba0       _WriteToFile@12            10004ba0 f   CamObject.obj
 0001:00003ef0       _DllMain@12                10004ef0 f   ObjectDef.obj
 0001:00003f60       _Object_RegisterDef        10004f60 f   ObjectDef.obj
 0001:00003fe5       _jeVec3d_Set@16            10004fe5 f   jet3DClassic11d:Jet3DClassic11d.dll
 0001:00003feb       _jeVFile_Read@12           10004feb f   jet3DClassic11d:Jet3DClassic11d.dll
 0001:00003ff1       _jeVFile_Write@12          10004ff1 f   jet3DClassic11d:Jet3DClassic11d.dll
 0001:00003ff7       _jeVFile_Seek@12           10004ff7 f   jet3DClassic11d:Jet3DClassic11d.dll
 0001:00003ffd       _jeXForm3d_Copy@8          10004ffd f   jet3DClassic11d:Jet3DClassic11d.dll
 0001:00004003       _jeXForm3d_Orthonormalize@4 10005003 f   jet3DClassic11d:Jet3DClassic11d.dll
 0001:00004009       _jeXForm3d_SetIdentity@4   10005009 f   jet3DClassic11d:Jet3DClassic11d.dll
 0001:0000400f       _jeXForm3d_Transform@12    1000500f f   jet3DClassic11d:Jet3DClassic11d.dll
 0001:00004015       _jeCamera_GetAttributes@12 10005015 f   jet3DClassic11d:Jet3DClassic11d.dll
 0001:0000401b       _jeCamera_SetAttributes@12 1000501b f   jet3DClassic11d:Jet3DClassic11d.dll
 0001:00004021       _jeCamera_SetFarClipPlane@12 10005021 f   jet3DClassic11d:Jet3DClassic11d.dll
 0001:00004027       _jeExtBox_IsValid@4        10005027 f   jet3DClassic11d:Jet3DClassic11d.dll
 0001:0000402d       _jeExtBox_SetToPoint@8     1000502d f   jet3DClassic11d:Jet3DClassic11d.dll
 0001:00004033       _jeExtBox_ExtendToEnclose@8 10005033 f   jet3DClassic11d:Jet3DClassic11d.dll
 0001:00004039       _jeProperty_ListCopy@4     10005039 f   jet3DClassic11d:Jet3DClassic11d.dll
 0001:0000403f       _jeProperty_FillCheck@16   1000503f f   jet3DClassic11d:Jet3DClassic11d.dll
 0001:00004045       _jeProperty_FillFloat@28   10005045 f   jet3DClassic11d:Jet3DClassic11d.dll
 0001:0000404b       _jeFaceInfo_SetDefaults@4  1000504b f   jet3DClassic11d:Jet3DClassic11d.dll
 0001:00004051       _jeBrush_Create@4          10005051 f   jet3DClassic11d:Jet3DClassic11d.dll
 0001:00004057       _jeBrush_Destroy@4         10005057 f   jet3DClassic11d:Jet3DClassic11d.dll
 0001:0000405d       _jeBrush_SetXForm@12       1000505d f   jet3DClassic11d:Jet3DClassic11d.dll
 0001:00004063       _jeBrush_GetXForm@4        10005063 f   jet3DClassic11d:Jet3DClassic11d.dll
 0001:00004069       _jeBrush_CreateFace@8      10005069 f   jet3DClassic11d:Jet3DClassic11d.dll
 0001:0000406f       _jeBrush_GetNextFace@8     1000506f f   jet3DClassic11d:Jet3DClassic11d.dll
 0001:00004075       _jeBrush_FaceGetVertCount@4 10005075 f   jet3DClassic11d:Jet3DClassic11d.dll
 0001:0000407b       _jeBrush_FaceSetVertByIndex@12 1000507b f   jet3DClassic11d:Jet3DClassic11d.dll
 0001:00004081       _jeBrush_FaceGetVertByIndex@8 10005081 f   jet3DClassic11d:Jet3DClassic11d.dll
 0001:00004087       _jeBrush_FaceSetFaceInfo@8 10005087 f   jet3DClassic11d:Jet3DClassic11d.dll
 0001:0000408d       __jeRam_DebugAllocate@12   1000508d f   jet3DClassic11d:Jet3DClassic11d.dll
 0001:00004093       _jeRam_AllocateClear@4     10005093 f   jet3DClassic11d:Jet3DClassic11d.dll
 0001:00004099       _jeRam_Free_@4             10005099 f   jet3DClassic11d:Jet3DClassic11d.dll
 0001:0000409f       _jeErrorLog_AddExplicit@24 1000509f f   jet3DClassic11d:Jet3DClassic11d.dll
 0001:000040a5       _jeObject_RegisterGlobalObjectDef@4 100050a5 f   jet3DClassic11d:Jet3DClassic11d.dll
 0001:000040ab       _OutputDebugStringA@4      100050ab f   kernel32:KERNEL32.dll
 0001:000040b1       _GetModuleFileNameA@12     100050b1 f   kernel32:KERNEL32.dll
 0001:000040b7       _LoadStringA@16            100050b7 f   user32:USER32.dll
 0001:000040c0       @_RTC_AllocaHelper@12      100050c0 f   MSVCRTD:stack.obj
 0001:00004100       @_RTC_CheckStackVars2@12   10005100 f   MSVCRTD:stack.obj
 0001:00004210       @_RTC_CheckStackVars@8     10005210 f   MSVCRTD:stack.obj
 0001:00004280       __RTC_CheckEsp             10005280 f   MSVCRTD:stack.obj
 0001:000042b0       @__security_check_cookie@4 100052b0 f   MSVCRTD:secchk.obj
 0001:000042d0       __CRT_RTC_INIT             100052d0 f   MSVCRTD:init.obj
 0001:000042e0       __CRT_RTC_INITW            100052e0 f   MSVCRTD:init.obj
 0001:000042f0       __RTC_InitBase             100052f0 f   MSVCRTD:init.obj
 0001:00004330       __RTC_Shutdown             10005330 f   MSVCRTD:init.obj
 0001:00004950       __CRT_INIT@12              10005950 f   MSVCRTD:dll_dllmain.obj
 0001:00004970       __DllMainCRTStartup@12     10005970 f   MSVCRTD:dll_dllmain.obj
 0001:00004a50       ?_RTC_AllocaFailure@@YAXPAXPAU_RTC_ALLOCA_NODE@@H@Z 10005a50 f   MSVCRTD:error.obj
 0001:00004b70       ?_RTC_Failure@@YAXPAXH@Z   10005b70 f   MSVCRTD:error.obj
 0001:00004be0       ?_RTC_StackFailure@@YAXPAXPBD@Z 10005be0 f   MSVCRTD:error.obj
 0001:00005090       __RTC_UninitUse            10006090 f   MSVCRTD:error.obj
 0001:00005170       ___local_stdio_printf_options 10006170 f i MSVCRTD:error.obj
 0001:00005180       __vsprintf_s_l             10006180 f i MSVCRTD:error.obj
 0001:000051c0       _sprintf_s                 100061c0 f i MSVCRTD:error.obj
 0001:000051f0       ___raise_securityfailure   100061f0 f   MSVCRTD:gs_report.obj
 0001:00005230       ___report_gsfailure        10006230 f   MSVCRTD:gs_report.obj
 0001:00005380       ___report_rangecheckfailure 10006380 f   MSVCRTD:gs_report.obj
 0001:00005390       ___report_securityfailure  10006390 f   MSVCRTD:gs_report.obj
 0001:000054a0       ___report_securityfailureEx 100064a0 f   MSVCRTD:gs_report.obj
 0001:00005610       ?_RTC_GetErrorFunc@@YAP6AHHPBDH00ZZPBX@Z 10006610 f   MSVCRTD:userapi.obj
 0001:00005620       ?_RTC_GetErrorFuncW@@YAP6AHHPB_WH00ZZPBX@Z 10006620 f   MSVCRTD:userapi.obj
 0001:00005630       __RTC_GetErrDesc           10006630 f   MSVCRTD:userapi.obj
 0001:00005650       __RTC_NumErrors            10006650 f   MSVCRTD:userapi.obj
 0001:00005660       __RTC_SetErrorFunc         10006660 f   MSVCRTD:userapi.obj
 0001:00005690       __RTC_SetErrorFuncW        10006690 f   MSVCRTD:userapi.obj
 0001:000056c0       __RTC_SetErrorType         100066c0 f   MSVCRTD:userapi.obj
 0001:00005780       ___security_init_cookie    10006780 f   MSVCRTD:gs_support.obj
 0001:00005820       ?__scrt_initialize_type_info@@YAXXZ 10006820 f   MSVCRTD:tncleanup.obj
 0001:00005840       ?__scrt_uninitialize_type_info@@YAXXZ 10006840 f   MSVCRTD:tncleanup.obj
 0001:00005860       ___local_stdio_scanf_options 10006860 f i MSVCRTD:default_local_stdio_options.obj
 0001:00005870       ___scrt_initialize_default_local_stdio_options 10006870 f   MSVCRTD:default_local_stdio_options.obj
 0001:000058c0       ?configure_argv@__scrt_narrow_argv_policy@@SAHXZ 100068c0 f i MSVCRTD:utility.obj
 0001:00005990       ?initialize_environment@__scrt_narrow_environment_policy@@SAHXZ 10006990 f i MSVCRTD:utility.obj
 0001:00005a30       _NtCurrentTeb              10006a30 f i MSVCRTD:utility.obj
 0001:00005a40       ___scrt_acquire_startup_lock 10006a40 f   MSVCRTD:utility.obj
 0001:00005aa0       ___scrt_dllmain_after_initialize_c 10006aa0 f   MSVCRTD:utility.obj
 0001:00005ae0       ___scrt_dllmain_before_initialize_c 10006ae0 f   MSVCRTD:utility.obj
 0001:00005b10       ___scrt_dllmain_crt_thread_attach 10006b10 f   MSVCRTD:utility.obj
 0001:00005b50       ___scrt_dllmain_crt_thread_detach 10006b50 f   MSVCRTD:utility.obj
 0001:00005b70       ___scrt_dllmain_exception_filter 10006b70 f   MSVCRTD:utility.obj
 0001:00005bd0       ___scrt_dllmain_uninitialize_c 10006bd0 f   MSVCRTD:utility.obj
 0001:00005c10       ___scrt_dllmain_uninitialize_critical 10006c10 f   MSVCRTD:utility.obj
 0001:00005c30       ___scrt_initialize_crt     10006c30 f   MSVCRTD:utility.obj
 0001:00005c90       ___scrt_initialize_onexit_tables 10006c90 f   MSVCRTD:utility.obj
 0001:00005da0       ___scrt_is_nonwritable_in_current_image 10006da0 f   MSVCRTD:utility.obj
 0001:00005f20       ___scrt_release_startup_lock 10006f20 f   MSVCRTD:utility.obj
 0001:00005f50       ___scrt_uninitialize_crt   10006f50 f   MSVCRTD:utility.obj
 0001:00005fa0       __onexit                   10006fa0 f   MSVCRTD:utility.obj
 0001:00006020       _at_quick_exit             10007020 f   MSVCRTD:utility.obj
 0001:00006070       _atexit                    10007070 f   MSVCRTD:utility.obj
 0001:000060b0       ___scrt_get_dyn_tls_init_callback 100070b0 f   MSVCRTD:dyn_tls_init.obj
 0001:000060c0       ___scrt_fastfail           100070c0 f   MSVCRTD:utility_desktop.obj
 0001:00006250       ___scrt_get_show_window_mode 10007250 f   MSVCRTD:utility_desktop.obj
 0001:000062a0       ___scrt_initialize_mta     100072a0 f   MSVCRTD:utility_desktop.obj
 0001:000062b0       ___scrt_initialize_winrt   100072b0 f   MSVCRTD:utility_desktop.obj
 0001:000062c0       ___scrt_is_managed_app     100072c0 f   MSVCRTD:utility_desktop.obj
 0001:00006370       ___scrt_set_unhandled_exception_filter 10007370 f   MSVCRTD:utility_desktop.obj
 0001:00006390       ___scrt_exe_initialize_mta 10007390 f   MSVCRTD:utility_desktop.obj
 0001:00006390       ___scrt_stub_for_initialize_mta 10007390 f   MSVCRTD:utility_desktop.obj
 0001:000063a0       ___scrt_unhandled_exception_filter@4 100073a0 f   MSVCRTD:utility_desktop.obj
 0001:00006440       __crt_debugger_hook        10007440 f   MSVCRTD:utility_desktop.obj
 0001:00006460       __RTC_Initialize           10007460 f   MSVCRTD:initsect.obj
 0001:000064a0       __RTC_Terminate            100074a0 f   MSVCRTD:initsect.obj
 0001:000064e0       __except_handler4          100074e0 f   MSVCRTD:chandler4gs.obj
 0001:00006530       @_guard_check_icall_nop@4  10007530 f i MSVCRTD:guard_support.obj
 0001:00006540       _ReadNoFence               10007540 f i MSVCRTD:guard_support.obj
 0001:00006560       _ReadPointerNoFence        10007560 f i MSVCRTD:guard_support.obj
 0001:00006580       ___castguard_check_failure_debugbreak 10007580 f i MSVCRTD:guard_support.obj
 0001:000065a0       ___castguard_check_failure_fastfail 100075a0 f i MSVCRTD:guard_support.obj
 0001:000065d0       ___castguard_check_failure_nop 100075d0 f i MSVCRTD:guard_support.obj
 0001:000065e0       ___castguard_check_failure_os_handled 100075e0 f i MSVCRTD:guard_support.obj
 0001:00006690       ___castguard_slow_path_check_debugbreak 10007690 f i MSVCRTD:guard_support.obj
 0001:000066d0       ___castguard_slow_path_check_fastfail 100076d0 f i MSVCRTD:guard_support.obj
 0001:00006720       ___castguard_slow_path_check_nop 10007720 f i MSVCRTD:guard_support.obj
 0001:00006730       ___castguard_slow_path_check_os_handled 10007730 f i MSVCRTD:guard_support.obj
 0001:000067d0       __guard_icall_checks_enforced 100077d0 f i MSVCRTD:guard_support.obj
 0001:00006db0       ?_RTC_GetSrcLine@@YAHPAEPA_WKPAH1K@Z 10007db0 f   MSVCRTD:pdblkup.obj
 0001:00007210       __except_handler4_noexcept 10008210 f   MSVCRTD:chandler4_noexcept.obj
 0001:00007290       ___isa_available_init      10008290 f   MSVCRTD:cpu_disp.obj
 0001:00007690       __get_startup_argv_mode    10008690 f   MSVCRTD:argv_mode.obj
 0001:000076a0       ___scrt_is_ucrt_dll_in_use 100086a0 f   MSVCRTD:ucrt_detection.obj
 0001:000076cd       ___std_type_info_destroy_list 100086cd f   vcruntimed:VCRUNTIME140D.dll
 0001:000076d3       ___current_exception       100086d3 f   vcruntimed:VCRUNTIME140D.dll
 0001:000076d9       ___current_exception_context 100086d9 f   vcruntimed:VCRUNTIME140D.dll
 0001:000076df       _memset                    100086df f   vcruntimed:VCRUNTIME140D.dll
 0001:000076e5       __except_handler4_common   100086e5 f   vcruntimed:VCRUNTIME140D.dll
 0001:000076eb       ___vcrt_GetModuleFileNameW 100086eb f   vcruntimed:VCRUNTIME140D.dll
 0001:000076f1       ___vcrt_GetModuleHandleW   100086f1 f   vcruntimed:VCRUNTIME140D.dll
 0001:000076f7       ___vcrt_LoadLibraryExW     100086f7 f   vcruntimed:VCRUNTIME140D.dll
 0001:000076fd       _strcpy                    100086fd f   ucrtd:ucrtbased.dll
 0001:00007703       __wassert                  10008703 f   ucrtd:ucrtbased.dll
 0001:00007709       __CrtDbgReport             10008709 f   ucrtd:ucrtbased.dll
 0001:0000770f       __CrtDbgReportW            1000870f f   ucrtd:ucrtbased.dll
 0001:00007715       __initterm                 10008715 f   ucrtd:ucrtbased.dll
 0001:0000771b       __initterm_e               1000871b f   ucrtd:ucrtbased.dll
 0001:00007721       _strcpy_s                  10008721 f   ucrtd:ucrtbased.dll
 0001:00007727       _strcat_s                  10008727 f   ucrtd:ucrtbased.dll
 0001:0000772d       ___stdio_common_vsprintf_s 1000872d f   ucrtd:ucrtbased.dll
 0001:00007733       __seh_filter_dll           10008733 f   ucrtd:ucrtbased.dll
 0001:00007739       __configure_narrow_argv    10008739 f   ucrtd:ucrtbased.dll
 0001:0000773f       __initialize_narrow_environment 1000873f f   ucrtd:ucrtbased.dll
 0001:00007745       __initialize_onexit_table  10008745 f   ucrtd:ucrtbased.dll
 0001:0000774b       __register_onexit_function 1000874b f   ucrtd:ucrtbased.dll
 0001:00007751       __execute_onexit_table     10008751 f   ucrtd:ucrtbased.dll
 0001:00007757       __crt_atexit               10008757 f   ucrtd:ucrtbased.dll
 0001:0000775d       __crt_at_quick_exit        1000875d f   ucrtd:ucrtbased.dll
 0001:00007763       __cexit                    10008763 f   ucrtd:ucrtbased.dll
 0001:00007769       _terminate                 10008769 f   ucrtd:ucrtbased.dll
 0001:0000776f       __wmakepath_s              1000876f f   ucrtd:ucrtbased.dll
 0001:00007775       __wsplitpath_s             10008775 f   ucrtd:ucrtbased.dll
 0001:0000777b       _wcscpy_s                  1000877b f   ucrtd:ucrtbased.dll
 0001:00007781       _IsDebuggerPresent@0       10008781 f   kernel32:KERNEL32.dll
 0001:00007787       _RaiseException@16         10008787 f   kernel32:KERNEL32.dll
 0001:0000778d       _MultiByteToWideChar@24    1000878d f   kernel32:KERNEL32.dll
 0001:00007793       _WideCharToMultiByte@32    10008793 f   kernel32:KERNEL32.dll
 0001:00007799       _UnhandledExceptionFilter@4 10008799 f   kernel32:KERNEL32.dll
 0001:0000779f       _SetUnhandledExceptionFilter@4 1000879f f   kernel32:KERNEL32.dll
 0001:000077a5       _GetCurrentProcess@0       100087a5 f   kernel32:KERNEL32.dll
 0001:000077ab       _TerminateProcess@8        100087ab f   kernel32:KERNEL32.dll
 0001:000077b1       _IsProcessorFeaturePresent@4 100087b1 f   kernel32:KERNEL32.dll
 0001:000077b7       _QueryPerformanceCounter@4 100087b7 f   kernel32:KERNEL32.dll
 0001:000077bd       _GetCurrentProcessId@0     100087bd f   kernel32:KERNEL32.dll
 0001:000077c3       _GetCurrentThreadId@0      100087c3 f   kernel32:KERNEL32.dll
 0001:000077c9       _GetSystemTimeAsFileTime@4 100087c9 f   kernel32:KERNEL32.dll
 0001:000077cf       _InitializeSListHead@4     100087cf f   kernel32:KERNEL32.dll
 0001:000077d5       _GetStartupInfoW@4         100087d5 f   kernel32:KERNEL32.dll
 0001:000077db       _GetModuleHandleW@4        100087db f   kernel32:KERNEL32.dll
 0001:000077e1       _GetLastError@0            100087e1 f   kernel32:KERNEL32.dll
 0001:000077e7       _HeapAlloc@12              100087e7 f   kernel32:KERNEL32.dll
 0001:000077ed       _HeapFree@12               100087ed f   kernel32:KERNEL32.dll
 0001:000077f3       _GetProcessHeap@0          100087f3 f   kernel32:KERNEL32.dll
 0001:000077f9       _VirtualQuery@12           100087f9 f   kernel32:KERNEL32.dll
 0001:000077ff       _FreeLibrary@4             100087ff f   kernel32:KERNEL32.dll
 0001:00007805       _GetProcAddress@8          10008805 f   kernel32:KERNEL32.dll
 0001:00007810       ___acrt_initialize         10008810 f   MSVCRTD:ucrt_stubs.obj
 0001:00007810       ___scrt_stub_for_acrt_initialize 10008810 f   MSVCRTD:ucrt_stubs.obj
 0001:00007810       ___vcrt_initialize         10008810 f   MSVCRTD:ucrt_stubs.obj
 0001:00007820       ___acrt_thread_attach      10008820 f   MSVCRTD:ucrt_stubs.obj
 0001:00007820       ___scrt_stub_for_acrt_thread_attach 10008820 f   MSVCRTD:ucrt_stubs.obj
 0001:00007820       ___vcrt_thread_attach      10008820 f   MSVCRTD:ucrt_stubs.obj
 0001:00007830       ___acrt_thread_detach      10008830 f   MSVCRTD:ucrt_stubs.obj
 0001:00007830       ___scrt_stub_for_acrt_thread_detach 10008830 f   MSVCRTD:ucrt_stubs.obj
 0001:00007830       ___vcrt_thread_detach      10008830 f   MSVCRTD:ucrt_stubs.obj
 0001:00007840       ___acrt_uninitialize       10008840 f   MSVCRTD:ucrt_stubs.obj
 0001:00007840       ___scrt_stub_for_acrt_uninitialize 10008840 f   MSVCRTD:ucrt_stubs.obj
 0001:00007840       ___vcrt_uninitialize       10008840 f   MSVCRTD:ucrt_stubs.obj
 0001:00007850       ___acrt_uninitialize_critical 10008850 f   MSVCRTD:ucrt_stubs.obj
 0001:00007850       ___scrt_stub_for_acrt_uninitialize_critical 10008850 f   MSVCRTD:ucrt_stubs.obj
 0001:00007850       ___vcrt_uninitialize_critical 10008850 f   MSVCRTD:ucrt_stubs.obj
 0001:00007860       ___scrt_stub_for_is_c_termination_complete 10008860 f   MSVCRTD:ucrt_stubs.obj
 0001:00007860       __is_c_termination_complete 10008860 f   MSVCRTD:ucrt_stubs.obj
 0001:00007870       __filter_x86_sse2_floating_point_exception 10008870 f   MSVCRTD:x86_exception_filter.obj
 0001:00007870       __filter_x86_sse2_floating_point_exception_default 10008870 f   MSVCRTD:x86_exception_filter.obj
 0002:00000000       ___xc_a                    1000a000     MSVCRTD:initializers.obj
 0002:00000104       ___xc_z                    1000a104     MSVCRTD:initializers.obj
 0002:00000208       ___xi_a                    1000a208     MSVCRTD:initializers.obj
 0002:0000030c       ___xi_z                    1000a30c     MSVCRTD:initializers.obj
 0002:00000410       ___xp_a                    1000a410     MSVCRTD:initializers.obj
 0002:00000514       ___xp_z                    1000a514     MSVCRTD:initializers.obj
 0002:00000618       ___xt_a                    1000a618     MSVCRTD:initializers.obj
 0002:0000071c       ___xt_z                    1000a71c     MSVCRTD:initializers.obj
 0002:00000820       ??_C@_1KC@DOKJDEKC@?$AAD?$AA?3?$AA?2?$AAG?$AAe?$AAn?$AAe?$AAs?$AAi?$AAs?$AA?5?$AAa?$AAn?$AAd?$AA?5@ 1000a820     CamObject.obj
 0002:000008e4       ??_C@_1BO@BHCPKDDC@?$AAp?$AAB?$AAr?$AAu?$AAs?$AAh?$AA?5?$AA?$CB?$AA?$DN?$AA?5?$AAN?$AAU?$AAL?$AAL@ 1000a8e4     CamObject.obj
 0002:00000908       ??_C@_1CA@PELENM@?$AAp?$AAE?$AAx?$AAt?$AAB?$AAo?$AAx?$AA?5?$AA?$CB?$AA?$DN?$AA?5?$AAN?$AAU?$AAL?$AAL@ 1000a908     CamObject.obj
 0002:00000930       ??_C@_1M@DNFKHKCN@?$AAB?$AAr?$AAu?$AAs?$AAh@ 1000a930     CamObject.obj
 0002:00000940       ??_C@_1M@GHOONPAA@?$AAV?$AAe?$AAr?$AAt?$AAs@ 1000a940     CamObject.obj
 0002:00000950       ??_C@_0BN@GDFMPLEL@Unable?5to?5create?5brush?5face?4@ 1000a950     CamObject.obj
 0002:00000972       ??_C@_00CNPNBAHC@@         1000a972     CamObject.obj
 0002:00000978       ??_C@_0FB@LCEDOHIM@D?3?2Genesis?5and?5Jet3d?2JSTUDIO_CL@ 1000a978     CamObject.obj
 0002:000009dc       ??_C@_0BJ@MPKGEGGM@JE_ERR_INTERNAL_RESOURCE@ 1000a9dc     CamObject.obj
 0002:000009fc       ??_C@_0BJ@KJDMIJO@Unable?5to?5create?5jeBrush@ 1000a9fc     CamObject.obj
 0002:00000a1c       ??_C@_05ILLBNNOP@Trace@    1000aa1c     CamObject.obj
 0002:00000a24       ??_C@_1CE@FBLKGNMA@?$AAh?$AAI?$AAn?$AAs?$AAt?$AAa?$AAn?$AAc?$AAe?$AA?5?$AA?$CB?$AA?$DN?$AA?5?$AAN?$AAU@ 1000aa24     CamObject.obj
 0002:00000a50       ??_C@_1BA@DPBAOGCM@?$AAI?$AAD?$AA?5?$AA?$DO?$AA?$DN?$AA?5?$AA0@ 1000aa50     CamObject.obj
 0002:00000a64       ??_C@_0BH@KIBLNGDK@JE_ERR_MEMORY_RESOURCE@ 1000aa64     CamObject.obj
 0002:00000a80       ??_C@_0P@PGGGILHJ@CreateInstance@ 1000aa80     CamObject.obj
 0002:00000a94       ??_C@_0CB@MCEGMGLP@DuplicateInstance?3CreateInstanc@ 1000aa94     CamObject.obj
 0002:00000abc       ??_C@_0BJ@EGNAMMON@JE_ERR_SUBSYSTEM_FAILURE@ 1000aabc     CamObject.obj
 0002:00000adc       ??_C@_1BC@LDHKIAE@?$AAI?$AAn?$AAs?$AAt?$AAa?$AAn?$AAc?$AAe@ 1000aadc     CamObject.obj
 0002:00000af4       ??_C@_1BE@KMDLKHPM@?$AAp?$AAI?$AAn?$AAs?$AAt?$AAa?$AAn?$AAc?$AAe@ 1000aaf4     CamObject.obj
 0002:00000b0c       ??_C@_1CI@IJIMFADI@?$AAp?$AAC?$AAa?$AAm?$AAO?$AAb?$AAj?$AA?9?$AA?$DO?$AAR?$AAe?$AAf?$AAC?$AAn?$AAt@ 1000ab0c     CamObject.obj
 0002:00000b3c       ??_C@_0L@NMHGBBCH@CamObject?6@ 1000ab3c     CamObject.obj
 0002:00000b4c       ??_C@_0BN@OFJBJBGA@CamObject_CreateFromFile?3Tag@ 1000ab4c     CamObject.obj
 0002:00000b70       ??_C@_0BD@ENGKCHBG@JE_ERR_FILEIO_READ@ 1000ab70     CamObject.obj
 0002:00000b88       ??_C@_0CB@NKBFNAIM@CamObject_CreateFromFile?3Versio@ 1000ab88     CamObject.obj
 0002:00000bb0       ??_C@_0BN@OLAPGCCM@CamObject_CreateFromFile?3FOV@ 1000abb0     CamObject.obj
 0002:00000bd4       ??_C@_0BP@KEEEJPLA@CamObject_CreateFromFile?3XForm@ 1000abd4     CamObject.obj
 0002:00000bfc       ??_C@_0CH@DNMKMIKH@CamObject_CreateFromFile?3FarCli@ 1000abfc     CamObject.obj
 0002:00000c2c       ??_C@_0CB@BENCMOGN@CamObject_CreateFromFile?3FarCli@ 1000ac2c     CamObject.obj
 0002:00000c54       ??_C@_0BK@DEPFONHL@CamObject_WriteToFile?3Tag@ 1000ac54     CamObject.obj
 0002:00000c74       ??_C@_0BE@CCAIDFII@JE_ERR_FILEIO_WRITE@ 1000ac74     CamObject.obj
 0002:00000c8c       ??_C@_0BO@PAKDNNMH@CamObject_WriteToFile?3Version@ 1000ac8c     CamObject.obj
 0002:00000cb0       ??_C@_0BD@BFMPAIGK@CreateFromFile?3FOV@ 1000acb0     CamObject.obj
 0002:00000cc8       ??_C@_0BF@KPAAABLF@CreateFromFile?3XForm@ 1000acc8     CamObject.obj
 0002:00000ce4       ??_C@_0BL@MFFMPKNK@WriteToFile?3FarClipEnabled@ 1000ace4     CamObject.obj
 0002:00000d04       ??_C@_0BE@KBCFOHOJ@WriteToFile?3FarClip@ 1000ad04     CamObject.obj
 0002:00000d20       ??_C@_1EA@GNMOCPKM@?$AAD?$AAa?$AAt?$AAa?$AAT?$AAy?$AAp?$AAe?$AA?5?$AA?$DN?$AA?$DN?$AA?5?$AAP?$AAR?$AAO@ 1000ad20     CamObject.obj
 0002:00000d70       ??_C@_1EA@MNKJFLED@?$AAD?$AAa?$AAt?$AAa?$AAT?$AAy?$AAp?$AAe?$AA?5?$AA?$DN?$AA?$DN?$AA?5?$AAP?$AAR?$AAO@ 1000ad70     CamObject.obj
 0002:00000dbc       __real@3dcccccd            1000adbc     CamObject.obj
 0002:00000dc0       __real@3ec28f5c            1000adc0     CamObject.obj
 0002:00000dc4       __real@3f400000            1000adc4     CamObject.obj
 0002:00000dc8       __real@3f800000            1000adc8     CamObject.obj
 0002:00000dcc       __real@40000000            1000adcc     CamObject.obj
 0002:00000dd0       __real@40800000            1000add0     CamObject.obj
 0002:00000dd4       __real@461c4000            1000add4     CamObject.obj
 0002:00000dd8       __real@47c34f80            1000add8     CamObject.obj
 0002:00000ddc       __real@bf800000            1000addc     CamObject.obj
 0002:00000de0       __xmm@80000000800000008000000080000000 1000ade0     CamObject.obj
 0002:00000df4       ??_C@_06JCBBMBIP@Camera@   1000adf4     ObjectDef.obj
 0002:00000dfc       __real@3f051eb8            1000adfc     ObjectDef.obj
 0002:00000e00       __pDefaultRawDllMain       1000ae00     MSVCRTD:dll_dllmain.obj
 0002:00000e00       __pRawDllMain              1000ae00     MSVCRTD:dll_dllmain.obj
 0002:00000ec0       ??_C@_0NN@JMPELKLB@The?5value?5of?5ESP?5was?5not?5proper@ 1000aec0     MSVCRTD:error.obj
 0002:00000fd0       ??_C@_0BBN@ELNNILBE@A?5cast?5to?5a?5smaller?5data?5type?5h@ 1000afd0     MSVCRTD:error.obj
 0002:00001128       ??_C@_0BN@BPOGFMJL@Stack?5memory?5was?5corrupted?$AN?6@ 1000b128     MSVCRTD:error.obj
 0002:0000114c       ??_C@_0DG@DAJCDLPN@A?5local?5variable?5was?5used?5befor@ 1000b14c     MSVCRTD:error.obj
 0002:0000118c       ??_C@_0CM@JMIDGKLA@Stack?5memory?5around?5_alloca?5was@ 1000b18c     MSVCRTD:error.obj
 0002:000011c0       ??_C@_0BO@CHIONIOI@Unknown?5Runtime?5Check?5Error?$AN?6@ 1000b1c0     MSVCRTD:error.obj
 0002:000011e8       ??_C@_1GM@CNOOJIHC@?$AAR?$AAu?$AAn?$AAt?$AAi?$AAm?$AAe?$AA?5?$AAC?$AAh?$AAe?$AAc?$AAk?$AA?5?$AAE@ 1000b1e8     MSVCRTD:error.obj
 0002:00001270       ??_C@_1EA@NFKNIFJP@?$AAR?$AAu?$AAn?$AA?9?$AAT?$AAi?$AAm?$AAe?$AA?5?$AAC?$AAh?$AAe?$AAc?$AAk?$AA?5@ 1000b270     MSVCRTD:error.obj
 0002:000012bc       ??_C@_0BB@PFFGGCJP@Unknown?5Filename@ 1000b2bc     MSVCRTD:error.obj
 0002:000012d0       ??_C@_0BE@GNBOBNCK@Unknown?5Module?5Name@ 1000b2d0     MSVCRTD:error.obj
 0002:000012e8       ??_C@_0CA@IODNCDPG@Run?9Time?5Check?5Failure?5?$CD?$CFd?5?9?5?$CFs@ 1000b2e8     MSVCRTD:error.obj
 0002:00001310       ??_C@_0CG@IAFNJNEE@Stack?5corrupted?5near?5unknown?5va@ 1000b310     MSVCRTD:error.obj
 0002:00001340       ??_C@_05MKKEDADM@?$CF?42X?5@ 1000b340     MSVCRTD:error.obj
 0002:00001348       ??_C@_0EJ@LJKNEOLN@Stack?5area?5around?5_alloca?5memor@ 1000b348     MSVCRTD:error.obj
 0002:000013a0       ??_C@_01EEMJAFIK@?6@       1000b3a0     MSVCRTD:error.obj
 0002:000013a4       ??_C@_02LLMPMKNF@?$DO?5@   1000b3a4     MSVCRTD:error.obj
 0002:000013a8       ??_C@_08OMAHNMHJ@?6Data?3?5?$DM@ 1000b3a8     MSVCRTD:error.obj
 0002:000013b4       ??_C@_0CK@DKGBICFE@?6Allocation?5number?5within?5this?5@ 1000b3b4     MSVCRTD:error.obj
 0002:000013e8       ??_C@_07DFDJCKFN@?6Size?3?5@ 1000b3e8     MSVCRTD:error.obj
 0002:000013f4       ??_C@_0N@MHFFIMFG@?6Address?3?50x@ 1000b3f4     MSVCRTD:error.obj
 0002:00001408       ??_C@_0EI@CLEPFNGI@Stack?5area?5around?5_alloca?5memor@ 1000b408     MSVCRTD:error.obj
 0002:00001460       ??_C@_0BK@ODNDAGKB@?$CFs?$CFs?$CFp?$CFs?$CFzd?$CFs?$CFd?$CFs?$CFs?$CFs?$CFs?$CFs@ 1000b460     MSVCRTD:error.obj
 0002:00001480       ??_C@_0DE@OHJBPMBP@A?5variable?5is?5being?5used?5withou@ 1000b480     MSVCRTD:error.obj
 0002:000014e4       ??_C@_0BJ@HEGAHDFO@Stack?5pointer?5corruption@ 1000b4e4     MSVCRTD:userapi.obj
 0002:00001504       ??_C@_0CK@FEGOIOPB@Cast?5to?5smaller?5type?5causing?5lo@ 1000b504     MSVCRTD:userapi.obj
 0002:00001538       ??_C@_0BI@CIGMDCBH@Stack?5memory?5corruption@ 1000b538     MSVCRTD:userapi.obj
 0002:00001554       ??_C@_0CK@CNLNOEPB@Local?5variable?5used?5before?5init@ 1000b554     MSVCRTD:userapi.obj
 0002:00001588       ??_C@_0BP@OGBCLIBO@Stack?5around?5_alloca?5corrupted@ 1000b588     MSVCRTD:userapi.obj
 0002:00001608       ??_C@_1EI@MLPKHBGE@?$AAa?$AAp?$AAi?$AA?9?$AAm?$AAs?$AA?9?$AAw?$AAi?$AAn?$AA?9?$AAc?$AAo?$AAr?$AAe@ 1000b608     MSVCRTD:pdblkup.obj
 0002:00001660       ??_C@_1BK@JHLNAEJL@?$AAa?$AAd?$AAv?$AAa?$AAp?$AAi?$AA3?$AA2?$AA?4?$AAd?$AAl?$AAl@ 1000b660     MSVCRTD:pdblkup.obj
 0002:00001680       ??_C@_0O@COHOBMLB@RegOpenKeyExW@ 1000b680     MSVCRTD:pdblkup.obj
 0002:00001690       ??_C@_0BB@GLNAEDBD@RegQueryValueExW@ 1000b690     MSVCRTD:pdblkup.obj
 0002:000016a4       ??_C@_0M@HLOHPNFA@RegCloseKey@ 1000b6a4     MSVCRTD:pdblkup.obj
 0002:000016b8       ??_C@_1HE@EBEAGLFB@?$AAS?$AAO?$AAF?$AAT?$AAW?$AAA?$AAR?$AAE?$AA?2?$AAW?$AAo?$AAw?$AA6?$AA4?$AA3@ 1000b6b8     MSVCRTD:pdblkup.obj
 0002:00001744       ??_C@_1BG@EABPBLLF@?$AAP?$AAr?$AAo?$AAd?$AAu?$AAc?$AAt?$AAD?$AAi?$AAr@ 1000b744     MSVCRTD:pdblkup.obj
 0002:00001784       ??_C@_1BC@JINFINNJ@?$AAM?$AAS?$AAP?$AAD?$AAB?$AA1?$AA4?$AA0@ 1000b784     MSVCRTD:pdblkup.obj
 0002:0000179c       ??_C@_0BB@KCIACLNC@PDBOpenValidate5@ 1000b79c     MSVCRTD:pdblkup.obj
 0002:000017b0       ??_C@_01KDCPPGHE@r@        1000b7b0     MSVCRTD:pdblkup.obj
 0002:000017b8       __load_config_used         1000b7b8     MSVCRTD:loadcfg.obj
 0002:00001a40       ___CastGuardVftablesStart  1000ba40     MSVCRTD:guard_support.obj
 0002:00001bc0       ___CastGuardVftablesEnd    1000bbc0     MSVCRTD:guard_support.obj
 0002:00001d0c       ___safe_se_handler_table   1000bd0c     <linker-defined>
 0002:00001fbc       ___rtc_iaa                 1000bfbc     MSVCRTD:initsect.obj
 0002:000021cc       ___rtc_izz                 1000c1cc     MSVCRTD:initsect.obj
 0002:000022d0       ___rtc_taa                 1000c2d0     MSVCRTD:initsect.obj
 0002:000024e0       ___rtc_tzz                 1000c4e0     MSVCRTD:initsect.obj
 0003:00000000       _CamPropertyList           1000d000     CamObject.obj
 0003:00000010       ?__LINE__Var@?0??BrushExtBox@@9@9 1000d010     CamObject.obj
 0003:00000014       ?__LINE__Var@?0??CamObj_CreateFace@@9@9 1000d014     CamObject.obj
 0003:00000018       ?__LINE__Var@?0??CreateGlobalBrush@@9@9 1000d018     CamObject.obj
 0003:0000001c       ?__LINE__Var@?0??Util_LoadLibraryString@@9@9 1000d01c     CamObject.obj
 0003:00000020       ?__LINE__Var@?0??CreateInstance@@9@9 1000d020     CamObject.obj
 0003:00000024       ?__LINE__Var@?0??DuplicateInstance@@9@9 1000d024     CamObject.obj
 0003:00000028       ?__LINE__Var@?0??CreateRef@@9@9 1000d028     CamObject.obj
 0003:0000002c       ?__LINE__Var@?0??Destroy@@9@9 1000d02c     CamObject.obj
 0003:00000030       ?__LINE__Var@?0??AttachWorld@@9@9 1000d030     CamObject.obj
 0003:00000034       ?__LINE__Var@?0??DettachWorld@@9@9 1000d034     CamObject.obj
 0003:00000038       ?__LINE__Var@?0??GetExtBox@@9@9 1000d038     CamObject.obj
 0003:0000003c       ?__LINE__Var@?0??CreateFromFile@@9@9 1000d03c     CamObject.obj
 0003:00000040       ?__LINE__Var@?0??WriteToFile@@9@9 1000d040     CamObject.obj
 0003:00000044       ?__LINE__Var@?0??GetPropertyList@@9@9 1000d044     CamObject.obj
 0003:00000048       ?__LINE__Var@?0??SetProperty@@9@9 1000d048     CamObject.obj
 0003:0000004c       ?__LINE__Var@?0??GetProperty@@9@9 1000d04c     CamObject.obj
 0003:00000050       ?__LINE__Var@?0??SetXForm@@9@9 1000d050     CamObject.obj
 0003:00000054       ?__LINE__Var@?0??GetXForm@@9@9 1000d054     CamObject.obj
 0003:00000058       _ObjectDef                 1000d058     ObjectDef.obj
 0003:000000fc       ___security_cookie         1000d0fc     MSVCRTD:gs_cookie.obj
 0003:00000100       ___security_cookie_complement 1000d100     MSVCRTD:gs_cookie.obj
 0003:00000108       __fltused                  1000d108     MSVCRTD:fltused.obj
 0003:0000010c       ?_RTC_ErrorLevels@@3PAHA   1000d10c     MSVCRTD:error.obj
 0003:00000124       ___scrt_native_dllmain_reason 1000d124     MSVCRTD:utility.obj
 0003:00000128       ___isa_enabled             1000d128     MSVCRTD:cpu_disp.obj
 0003:0000012c       ___scrt_ucrt_dll_is_in_use 1000d12c     MSVCRTD:ucrt_stubs.obj
 0003:00000398       ?_OptionsStorage@?1??__local_stdio_printf_options@@9@4_KA 1000d398     MSVCRTD:error.obj
 0003:00000770       ?__type_info_root_node@@3U__type_info_node@@A 1000d770     MSVCRTD:tncleanup.obj
 0003:00000780       ?_OptionsStorage@?1??__local_stdio_scanf_options@@9@4_KA 1000d780     MSVCRTD:default_local_stdio_options.obj
 0003:0000078c       ___scrt_current_native_startup_state 1000d78c     MSVCRTD:utility.obj
 0003:00000790       ___scrt_native_startup_lock 1000d790     MSVCRTD:utility.obj
 0003:000007b8       ___scrt_debugger_hook_flag 1000d7b8     MSVCRTD:utility_desktop.obj
 0003:000007c4       ___isa_available           1000d7c4     MSVCRTD:cpu_disp.obj
 0003:000007c8       ___favor                   1000d7c8     MSVCRTD:cpu_disp.obj
 0003:000007d0       _NameList                  1000d7d0     <common>
 0003:00000820       _CamProperties             1000d820     <common>
 0003:000008b0       _Brush                     1000d8b0     <common>
 0003:000008b4       ___dyn_tls_init_callback   1000d8b4     <common>
 0004:00000000       __imp__jeVec3d_Set@16      1000e000     jet3DClassic11d:Jet3DClassic11d.dll
 0004:00000004       __imp__jeVFile_Read@12     1000e004     jet3DClassic11d:Jet3DClassic11d.dll
 0004:00000008       __imp__jeVFile_Write@12    1000e008     jet3DClassic11d:Jet3DClassic11d.dll
 0004:0000000c       __imp__jeVFile_Seek@12     1000e00c     jet3DClassic11d:Jet3DClassic11d.dll
 0004:00000010       __imp__jeXForm3d_Copy@8    1000e010     jet3DClassic11d:Jet3DClassic11d.dll
 0004:00000014       __imp__jeXForm3d_Orthonormalize@4 1000e014     jet3DClassic11d:Jet3DClassic11d.dll
 0004:00000018       __imp__jeXForm3d_SetIdentity@4 1000e018     jet3DClassic11d:Jet3DClassic11d.dll
 0004:0000001c       __imp__jeXForm3d_Transform@12 1000e01c     jet3DClassic11d:Jet3DClassic11d.dll
 0004:00000020       __imp__jeCamera_GetAttributes@12 1000e020     jet3DClassic11d:Jet3DClassic11d.dll
 0004:00000024       __imp__jeCamera_SetAttributes@12 1000e024     jet3DClassic11d:Jet3DClassic11d.dll
 0004:00000028       __imp__jeCamera_SetFarClipPlane@12 1000e028     jet3DClassic11d:Jet3DClassic11d.dll
 0004:0000002c       __imp__jeExtBox_IsValid@4  1000e02c     jet3DClassic11d:Jet3DClassic11d.dll
 0004:00000030       __imp__jeExtBox_SetToPoint@8 1000e030     jet3DClassic11d:Jet3DClassic11d.dll
 0004:00000034       __imp__jeExtBox_ExtendToEnclose@8 1000e034     jet3DClassic11d:Jet3DClassic11d.dll
 0004:00000038       __imp__jeProperty_ListCopy@4 1000e038     jet3DClassic11d:Jet3DClassic11d.dll
 0004:0000003c       __imp__jeProperty_FillCheck@16 1000e03c     jet3DClassic11d:Jet3DClassic11d.dll
 0004:00000040       __imp__jeProperty_FillFloat@28 1000e040     jet3DClassic11d:Jet3DClassic11d.dll
 0004:00000044       __imp__jeFaceInfo_SetDefaults@4 1000e044     jet3DClassic11d:Jet3DClassic11d.dll
 0004:00000048       __imp__jeBrush_Create@4    1000e048     jet3DClassic11d:Jet3DClassic11d.dll
 0004:0000004c       __imp__jeBrush_Destroy@4   1000e04c     jet3DClassic11d:Jet3DClassic11d.dll
 0004:00000050       __imp__jeBrush_SetXForm@12 1000e050     jet3DClassic11d:Jet3DClassic11d.dll
 0004:00000054       __imp__jeBrush_GetXForm@4  1000e054     jet3DClassic11d:Jet3DClassic11d.dll
 0004:00000058       __imp__jeBrush_CreateFace@8 1000e058     jet3DClassic11d:Jet3DClassic11d.dll
 0004:0000005c       __imp__jeBrush_GetNextFace@8 1000e05c     jet3DClassic11d:Jet3DClassic11d.dll
 0004:00000060       __imp__jeBrush_FaceGetVertCount@4 1000e060     jet3DClassic11d:Jet3DClassic11d.dll
 0004:00000064       __imp__jeBrush_FaceSetVertByIndex@12 1000e064     jet3DClassic11d:Jet3DClassic11d.dll
 0004:00000068       __imp__jeBrush_FaceGetVertByIndex@8 1000e068     jet3DClassic11d:Jet3DClassic11d.dll
 0004:0000006c       __imp__jeBrush_FaceSetFaceInfo@8 1000e06c     jet3DClassic11d:Jet3DClassic11d.dll
 0004:00000070       __imp___jeRam_DebugAllocate@12 1000e070     jet3DClassic11d:Jet3DClassic11d.dll
 0004:00000074       __imp__jeRam_AllocateClear@4 1000e074     jet3DClassic11d:Jet3DClassic11d.dll
 0004:00000078       __imp__jeRam_Free_@4       1000e078     jet3DClassic11d:Jet3DClassic11d.dll
 0004:0000007c       __imp__jeErrorLog_AddExplicit@24 1000e07c     jet3DClassic11d:Jet3DClassic11d.dll
 0004:00000080       __imp__jeObject_RegisterGlobalObjectDef@4 1000e080     jet3DClassic11d:Jet3DClassic11d.dll
 0004:00000084       \177Jet3DClassic11d_NULL_THUNK_DATA 1000e084     jet3DClassic11d:Jet3DClassic11d.dll
 0004:000000c8       __imp__OutputDebugStringA@4 1000e0c8     kernel32:KERNEL32.dll
 0004:000000cc       __imp__GetModuleFileNameA@12 1000e0cc     kernel32:KERNEL32.dll
 0004:000000d0       __imp__FreeLibrary@4       1000e0d0     kernel32:KERNEL32.dll
 0004:000000d4       __imp__VirtualQuery@12     1000e0d4     kernel32:KERNEL32.dll
 0004:000000d8       __imp__GetProcessHeap@0    1000e0d8     kernel32:KERNEL32.dll
 0004:000000dc       __imp__HeapFree@12         1000e0dc     kernel32:KERNEL32.dll
 0004:000000e0       __imp__HeapAlloc@12        1000e0e0     kernel32:KERNEL32.dll
 0004:000000e4       __imp__GetLastError@0      1000e0e4     kernel32:KERNEL32.dll
 0004:000000e8       __imp__GetModuleHandleW@4  1000e0e8     kernel32:KERNEL32.dll
 0004:000000ec       __imp__GetStartupInfoW@4   1000e0ec     kernel32:KERNEL32.dll
 0004:000000f0       __imp__InitializeSListHead@4 1000e0f0     kernel32:KERNEL32.dll
 0004:000000f4       __imp__GetSystemTimeAsFileTime@4 1000e0f4     kernel32:KERNEL32.dll
 0004:000000f8       __imp__GetCurrentThreadId@0 1000e0f8     kernel32:KERNEL32.dll
 0004:000000fc       __imp__GetProcAddress@8    1000e0fc     kernel32:KERNEL32.dll
 0004:00000100       __imp__GetCurrentProcessId@0 1000e100     kernel32:KERNEL32.dll
 0004:00000104       __imp__QueryPerformanceCounter@4 1000e104     kernel32:KERNEL32.dll
 0004:00000108       __imp__IsProcessorFeaturePresent@4 1000e108     kernel32:KERNEL32.dll
 0004:0000010c       __imp__TerminateProcess@8  1000e10c     kernel32:KERNEL32.dll
 0004:00000110       __imp__GetCurrentProcess@0 1000e110     kernel32:KERNEL32.dll
 0004:00000114       __imp__SetUnhandledExceptionFilter@4 1000e114     kernel32:KERNEL32.dll
 0004:00000118       __imp__UnhandledExceptionFilter@4 1000e118     kernel32:KERNEL32.dll
 0004:0000011c       __imp__WideCharToMultiByte@32 1000e11c     kernel32:KERNEL32.dll
 0004:00000120       __imp__MultiByteToWideChar@24 1000e120     kernel32:KERNEL32.dll
 0004:00000124       __imp__RaiseException@16   1000e124     kernel32:KERNEL32.dll
 0004:00000128       __imp__IsDebuggerPresent@0 1000e128     kernel32:KERNEL32.dll
 0004:0000012c       \177KERNEL32_NULL_THUNK_DATA 1000e12c     kernel32:KERNEL32.dll
 0004:0000016c       __imp__LoadStringA@16      1000e16c     user32:USER32.dll
 0004:00000170       \177USER32_NULL_THUNK_DATA 1000e170     user32:USER32.dll
 0004:0000019c       __imp____current_exception_context 1000e19c     vcruntimed:VCRUNTIME140D.dll
 0004:000001a0       __imp__memset              1000e1a0     vcruntimed:VCRUNTIME140D.dll
 0004:000001a4       __imp____current_exception 1000e1a4     vcruntimed:VCRUNTIME140D.dll
 0004:000001a8       __imp____std_type_info_destroy_list 1000e1a8     vcruntimed:VCRUNTIME140D.dll
 0004:000001ac       __imp____vcrt_GetModuleFileNameW 1000e1ac     vcruntimed:VCRUNTIME140D.dll
 0004:000001b0       __imp____vcrt_GetModuleHandleW 1000e1b0     vcruntimed:VCRUNTIME140D.dll
 0004:000001b4       __imp____vcrt_LoadLibraryExW 1000e1b4     vcruntimed:VCRUNTIME140D.dll
 0004:000001b8       __imp___except_handler4_common 1000e1b8     vcruntimed:VCRUNTIME140D.dll
 0004:000001bc       \177VCRUNTIME140D_NULL_THUNK_DATA 1000e1bc     vcruntimed:VCRUNTIME140D.dll
 0004:000001ec       __imp___configure_narrow_argv 1000e1ec     ucrtd:ucrtbased.dll
 0004:000001f0       __imp___seh_filter_dll     1000e1f0     ucrtd:ucrtbased.dll
 0004:000001f4       __imp____stdio_common_vsprintf_s 1000e1f4     ucrtd:ucrtbased.dll
 0004:000001f8       __imp__strcat_s            1000e1f8     ucrtd:ucrtbased.dll
 0004:000001fc       __imp__wcscpy_s            1000e1fc     ucrtd:ucrtbased.dll
 0004:00000200       __imp___initterm_e         1000e200     ucrtd:ucrtbased.dll
 0004:00000204       __imp___initterm           1000e204     ucrtd:ucrtbased.dll
 0004:00000208       __imp___CrtDbgReportW      1000e208     ucrtd:ucrtbased.dll
 0004:0000020c       __imp___CrtDbgReport       1000e20c     ucrtd:ucrtbased.dll
 0004:00000210       __imp___wassert            1000e210     ucrtd:ucrtbased.dll
 0004:00000214       __imp__strcpy              1000e214     ucrtd:ucrtbased.dll
 0004:00000218       __imp___wsplitpath_s       1000e218     ucrtd:ucrtbased.dll
 0004:0000021c       __imp___wmakepath_s        1000e21c     ucrtd:ucrtbased.dll
 0004:00000220       __imp__terminate           1000e220     ucrtd:ucrtbased.dll
 0004:00000224       __imp___cexit              1000e224     ucrtd:ucrtbased.dll
 0004:00000228       __imp___crt_at_quick_exit  1000e228     ucrtd:ucrtbased.dll
 0004:0000022c       __imp___crt_atexit         1000e22c     ucrtd:ucrtbased.dll
 0004:00000230       __imp___execute_onexit_table 1000e230     ucrtd:ucrtbased.dll
 0004:00000234       __imp___register_onexit_function 1000e234     ucrtd:ucrtbased.dll
 0004:00000238       __imp___initialize_onexit_table 1000e238     ucrtd:ucrtbased.dll
 0004:0000023c       __imp__strcpy_s            1000e23c     ucrtd:ucrtbased.dll
 0004:00000240       __imp___initialize_narrow_environment 1000e240     ucrtd:ucrtbased.dll
 0004:00000244       \177ucrtbased_NULL_THUNK_DATA 1000e244     ucrtd:ucrtbased.dll
 0004:00000280       __IMPORT_DESCRIPTOR_Jet3DClassic11d 1000e280     jet3DClassic11d:Jet3DClassic11d.dll
 0004:00000294       __IMPORT_DESCRIPTOR_KERNEL32 1000e294     kernel32:KERNEL32.dll
 0004:000002a8       __IMPORT_DESCRIPTOR_USER32 1000e2a8     user32:USER32.dll
 0004:000002bc       __IMPORT_DESCRIPTOR_VCRUNTIME140D 1000e2bc     vcruntimed:VCRUNTIME140D.dll
 0004:000002d0       __IMPORT_DESCRIPTOR_ucrtbased 1000e2d0     ucrtd:ucrtbased.dll
 0004:000002e4       __NULL_IMPORT_DESCRIPTOR   1000e2e4     jet3DClassic11d:Jet3DClassic11d.dll
 0005:00000000       ___guard_check_icall_fptr  1000f000     MSVCRTD:guard_support.obj
 0005:00000004       ___guard_xfg_check_icall_fptr 1000f004     MSVCRTD:guard_support.obj
 0005:00000008       ___castguard_check_failure_os_handled_fptr 1000f008     MSVCRTD:guard_support.obj

 entry point at        0001:0000026c

 Static symbols

 0000:00000000       _volmd                     10000000     CamObject.obj
 0000:00000000       _volmd                     10000000     CamObject.obj
 0000:00000000       _volmd                     10000000     CamObject.obj
 0000:fffee000       .debug$S                   10000000     CameraObj.exp
 0000:fffee000       .debug$S                   10000000     jet3DClassic11d:Jet3DClassic11d.dll
 0000:fffee000       .debug$S                   10000000     jet3DClassic11d:Jet3DClassic11d.dll
 0000:fffee000       .debug$S                   10000000     jet3DClassic11d:Jet3DClassic11d.dll
 0000:fffee000       .debug$S                   10000000     jet3DClassic11d:Jet3DClassic11d.dll
 0000:fffee000       .debug$S                   10000000     jet3DClassic11d:Jet3DClassic11d.dll
 0000:fffee000       .debug$S                   10000000     jet3DClassic11d:Jet3DClassic11d.dll
 0000:fffee000       .debug$S                   10000000     jet3DClassic11d:Jet3DClassic11d.dll
 0000:fffee000       .debug$S                   10000000     jet3DClassic11d:Jet3DClassic11d.dll
 0000:fffee000       .debug$S                   10000000     jet3DClassic11d:Jet3DClassic11d.dll
 0000:fffee000       .debug$S                   10000000     jet3DClassic11d:Jet3DClassic11d.dll
 0000:fffee000       .debug$S                   10000000     jet3DClassic11d:Jet3DClassic11d.dll
 0000:fffee000       .debug$S                   10000000     jet3DClassic11d:Jet3DClassic11d.dll
 0000:fffee000       .debug$S                   10000000     jet3DClassic11d:Jet3DClassic11d.dll
 0000:fffee000       .debug$S                   10000000     jet3DClassic11d:Jet3DClassic11d.dll
 0000:fffee000       .debug$S                   10000000     jet3DClassic11d:Jet3DClassic11d.dll
 0000:fffee000       .debug$S                   10000000     jet3DClassic11d:Jet3DClassic11d.dll
 0000:fffee000       .debug$S                   10000000     jet3DClassic11d:Jet3DClassic11d.dll
 0000:fffee000       .debug$S                   10000000     jet3DClassic11d:Jet3DClassic11d.dll
 0000:fffee000       .debug$S                   10000000     jet3DClassic11d:Jet3DClassic11d.dll
 0000:fffee000       .debug$S                   10000000     jet3DClassic11d:Jet3DClassic11d.dll
 0000:fffee000       .debug$S                   10000000     jet3DClassic11d:Jet3DClassic11d.dll
 0000:fffee000       .debug$S                   10000000     jet3DClassic11d:Jet3DClassic11d.dll
 0000:fffee000       .debug$S                   10000000     jet3DClassic11d:Jet3DClassic11d.dll
 0000:fffee000       .debug$S                   10000000     jet3DClassic11d:Jet3DClassic11d.dll
 0000:fffee000       .debug$S                   10000000     jet3DClassic11d:Jet3DClassic11d.dll
 0000:fffee000       .debug$S                   10000000     jet3DClassic11d:Jet3DClassic11d.dll
 0000:fffee000       .debug$S                   10000000     jet3DClassic11d:Jet3DClassic11d.dll
 0000:fffee000       .debug$S                   10000000     jet3DClassic11d:Jet3DClassic11d.dll
 0000:fffee000       .debug$S                   10000000     jet3DClassic11d:Jet3DClassic11d.dll
 0000:fffee000       .debug$S                   10000000     jet3DClassic11d:Jet3DClassic11d.dll
 0000:fffee000       .debug$S                   10000000     jet3DClassic11d:Jet3DClassic11d.dll
 0000:fffee000       .debug$S                   10000000     jet3DClassic11d:Jet3DClassic11d.dll
 0000:fffee000       .debug$S                   10000000     jet3DClassic11d:Jet3DClassic11d.dll
 0000:fffee000       .debug$S                   10000000     ucrtd:ucrtbased.dll
 0000:fffee000       .debug$S                   10000000     ucrtd:ucrtbased.dll
 0000:fffee000       .debug$S                   10000000     ucrtd:ucrtbased.dll
 0000:fffee000       .debug$S                   10000000     ucrtd:ucrtbased.dll
 0000:fffee000       .debug$S                   10000000     ucrtd:ucrtbased.dll
 0000:fffee000       .debug$S                   10000000     ucrtd:ucrtbased.dll
 0000:fffee000       .debug$S                   10000000     ucrtd:ucrtbased.dll
 0000:fffee000       .debug$S                   10000000     ucrtd:ucrtbased.dll
 0000:fffee000       .debug$S                   10000000     ucrtd:ucrtbased.dll
 0000:fffee000       .debug$S                   10000000     ucrtd:ucrtbased.dll
 0000:fffee000       .debug$S                   10000000     ucrtd:ucrtbased.dll
 0000:fffee000       .debug$S                   10000000     ucrtd:ucrtbased.dll
 0000:fffee000       .debug$S                   10000000     ucrtd:ucrtbased.dll
 0000:fffee000       .debug$S                   10000000     ucrtd:ucrtbased.dll
 0000:fffee000       .debug$S                   10000000     ucrtd:ucrtbased.dll
 0000:fffee000       .debug$S                   10000000     ucrtd:ucrtbased.dll
 0000:fffee000       .debug$S                   10000000     ucrtd:ucrtbased.dll
 0000:fffee000       .debug$S                   10000000     ucrtd:ucrtbased.dll
 0000:fffee000       .debug$S                   10000000     ucrtd:ucrtbased.dll
 0000:fffee000       .debug$S                   10000000     ucrtd:ucrtbased.dll
 0000:fffee000       .debug$S                   10000000     ucrtd:ucrtbased.dll
 0000:fffee000       .debug$S                   10000000     ucrtd:ucrtbased.dll
 0000:fffee000       .debug$S                   10000000     kernel32:KERNEL32.dll
 0000:fffee000       .debug$S                   10000000     kernel32:KERNEL32.dll
 0000:fffee000       .debug$S                   10000000     kernel32:KERNEL32.dll
 0000:fffee000       .debug$S                   10000000     kernel32:KERNEL32.dll
 0000:fffee000       .debug$S                   10000000     kernel32:KERNEL32.dll
 0000:fffee000       .debug$S                   10000000     kernel32:KERNEL32.dll
 0000:fffee000       .debug$S                   10000000     kernel32:KERNEL32.dll
 0000:fffee000       .debug$S                   10000000     kernel32:KERNEL32.dll
 0000:fffee000       .debug$S                   10000000     kernel32:KERNEL32.dll
 0000:fffee000       .debug$S                   10000000     kernel32:KERNEL32.dll
 0000:fffee000       .debug$S                   10000000     kernel32:KERNEL32.dll
 0000:fffee000       .debug$S                   10000000     kernel32:KERNEL32.dll
 0000:fffee000       .debug$S                   10000000     kernel32:KERNEL32.dll
 0000:fffee000       .debug$S                   10000000     kernel32:KERNEL32.dll
 0000:fffee000       .debug$S                   10000000     kernel32:KERNEL32.dll
 0000:fffee000       .debug$S                   10000000     kernel32:KERNEL32.dll
 0000:fffee000       .debug$S                   10000000     kernel32:KERNEL32.dll
 0000:fffee000       .debug$S                   10000000     kernel32:KERNEL32.dll
 0000:fffee000       .debug$S                   10000000     kernel32:KERNEL32.dll
 0000:fffee000       .debug$S                   10000000     kernel32:KERNEL32.dll
 0000:fffee000       .debug$S                   10000000     kernel32:KERNEL32.dll
 0000:fffee000       .debug$S                   10000000     kernel32:KERNEL32.dll
 0000:fffee000       .debug$S                   10000000     kernel32:KERNEL32.dll
 0000:fffee000       .debug$S                   10000000     kernel32:KERNEL32.dll
 0000:fffee000       .debug$S                   10000000     kernel32:KERNEL32.dll
 0000:fffee000       .debug$S                   10000000     user32:USER32.dll
 0000:ffff1000       __guard_fids___except_handler4 10000000     MSVCRTD:chandler4gs.obj
 0000:00000000       _volmd                     10000000     MSVCRTD:cpu_disp.obj
 0000:ffff1000       __guard_fids_?dllmain_dispatch@@YAHQAUHINSTANCE__@@KQAX@Z 10000000     MSVCRTD:dll_dllmain.obj
 0000:00000000       _volmd                     10000000     MSVCRTD:gs_report.obj
 0000:ffff1000       __guard_fids__             10000000     MSVCRTD:guard_support.obj
 0000:ffff1000       __guard_fids__             10000000     MSVCRTD:guard_support.obj
 0000:ffff1000       __guard_fids___guard_icall_checks_enforced 10000000     MSVCRTD:guard_support.obj
 0000:00000000       _volmd                     10000000     MSVCRTD:guard_support.obj
 0000:00000000       _volmd                     10000000     MSVCRTD:guard_support.obj
 0000:ffff1000       __guard_fids___CRT_RTC_INIT 10000000     MSVCRTD:init.obj
 0000:ffff1000       __guard_fids___CRT_RTC_INITW 10000000     MSVCRTD:init.obj
 0000:ffff1000       __guard_fids____scrt_set_unhandled_exception_filter 10000000     MSVCRTD:utility_desktop.obj
 0000:fffee000       .debug$S                   10000000     vcruntimed:VCRUNTIME140D.dll
 0000:fffee000       .debug$S                   10000000     vcruntimed:VCRUNTIME140D.dll
 0000:fffee000       .debug$S                   10000000     vcruntimed:VCRUNTIME140D.dll
 0000:fffee000       .debug$S                   10000000     vcruntimed:VCRUNTIME140D.dll
 0000:fffee000       .debug$S                   10000000     vcruntimed:VCRUNTIME140D.dll
 0000:fffee000       .debug$S                   10000000     vcruntimed:VCRUNTIME140D.dll
 0000:fffee000       .debug$S                   10000000     vcruntimed:VCRUNTIME140D.dll
 0000:fffee000       .debug$S                   10000000     vcruntimed:VCRUNTIME140D.dll
 0001:00000630       _BrushExtBox               10001630 f   CamObject.obj
 0001:00000870       $LN15                      10001870     CamObject.obj
 0001:00000878       $LN14                      10001878     CamObject.obj
 0001:00000890       $LN13                      10001890     CamObject.obj
 0001:00000895       $LN12                      10001895     CamObject.obj
 0001:00000940       _CamObj_CreateFace         10001940 f   CamObject.obj
 0001:00000df0       $LN18                      10001df0     CamObject.obj
 0001:00000df8       $LN17                      10001df8     CamObject.obj
 0001:00000e10       $LN16                      10001e10     CamObject.obj
 0001:00000e14       $LN15                      10001e14     CamObject.obj
 0001:00002438       $LN20                      10003438     CamObject.obj
 0001:00002440       $LN19                      10003440     CamObject.obj
 0001:00002464       $LN18                      10003464     CamObject.obj
 0001:0000246d       $LN17                      1000346d     CamObject.obj
 0001:00002477       $LN16                      10003477     CamObject.obj
 0001:00003598       $LN6                       10004598     CamObject.obj
 0001:000035a0       $LN5                       100045a0     CamObject.obj
 0001:000035b8       $LN4                       100045b8     CamObject.obj
 0001:000035bc       $LN3                       100045bc     CamObject.obj
 0001:000039f0       _Util_LoadLibraryString    100049f0 f   CamObject.obj
 0001:00003e14       $LN13                      10004e14     CamObject.obj
 0001:00003e1c       $LN12                      10004e1c     CamObject.obj
 0001:00003e34       $LN11                      10004e34     CamObject.obj
 0001:00003e38       $LN10                      10004e38     CamObject.obj
 0001:00004350       ?dllmain_crt_dispatch@@YGHQAUHINSTANCE__@@KQAX@Z 10005350 f   MSVCRTD:dll_dllmain.obj
 0001:000043bc       $LN11                      100053bc     MSVCRTD:dll_dllmain.obj
 0001:000043f0       ?dllmain_crt_process_attach@@YAHQAUHINSTANCE__@@QAX@Z 100053f0 f   MSVCRTD:dll_dllmain.obj
 0001:000045c0       ?dllmain_crt_process_detach@@YAH_N@Z 100055c0 f   MSVCRTD:dll_dllmain.obj
 0001:00004700       ?dllmain_dispatch@@YAHQAUHINSTANCE__@@KQAX@Z 10005700 f   MSVCRTD:dll_dllmain.obj
 0001:000048f0       ?dllmain_raw@@YGHQAUHINSTANCE__@@KQAX@Z 100058f0 f   MSVCRTD:dll_dllmain.obj
 0001:000049a0       ?DebuggerProbe@@YA_NK@Z    100059a0 f   MSVCRTD:error.obj
 0001:000049f0       ?DebuggerRuntime@@YA_NKHPAXPB_W@Z 100059f0 f   MSVCRTD:error.obj
 0001:00004cc0       ?_getMemBlockDataString@@YAXPAD0PBDI@Z 10005cc0 f   MSVCRTD:error.obj
 0001:00004d50       ?_strlen_priv@@YAIPBD@Z    10005d50 f   MSVCRTD:error.obj
 0001:00004d70       ?failwithmessage@@YAXPAXHHPBD@Z 10005d70 f   MSVCRTD:error.obj
 0001:00004ff0       ?notify_debugger@@YAXABUtagEXCEPTION_VISUALCPP_DEBUG_INFO@@@Z 10005ff0 f   MSVCRTD:error.obj
 0001:000056f0       ___get_entropy             100066f0 f   MSVCRTD:gs_support.obj
 0001:000058e0       ?find_pe_section@@YAPAU_IMAGE_SECTION_HEADER@@QAEI@Z 100068e0 f   MSVCRTD:utility.obj
 0001:000059a0       ?is_potentially_valid_image_base@@YA_NQAX@Z 100069a0 f   MSVCRTD:utility.obj
 0001:00006610       ___castguard_check_failure_os_handled_wrapper 10007610 f   MSVCRTD:guard_support.obj
 0001:00006640       ___castguard_compat_check  10007640 f   MSVCRTD:guard_support.obj
 0001:00006780       ___castguard_slow_path_compat_check 10007780 f   MSVCRTD:guard_support.obj
 0001:00006810       ?GetPdbDll@@YAPAUHINSTANCE__@@XZ 10007810 f   MSVCRTD:pdblkup.obj
 0001:000069b0       ?GetPdbDllFromInstallPath@@YAPAUHINSTANCE__@@XZ 100079b0 f   MSVCRTD:pdblkup.obj
 0001:00006ca0       ?GetPdbDllPathFromFilePath@@YAHPB_WPA_WI@Z 10007ca0 f   MSVCRTD:pdblkup.obj
 0002:00000e04       ?_RTC_ErrorMessages@@3QBQBDB 1000ae04     MSVCRTD:error.obj
 0002:00000e1c       ?_RTC_NoFalsePositives@@3QBHB 1000ae1c     MSVCRTD:error.obj
 0002:00000e34       ?stack_premsg@@3QBDB       1000ae34     MSVCRTD:error.obj
 0002:00000e50       ?stack_postmsg@@3QBDB      1000ae50     MSVCRTD:error.obj
 0002:00000e64       ?uninit_premsg@@3QBDB      1000ae64     MSVCRTD:error.obj
 0002:00000e74       ?uninit_postmsg@@3QBDB     1000ae74     MSVCRTD:error.obj
 0002:000014c0       _GS_ExceptionPointers      1000b4c0     MSVCRTD:gs_report.obj
 0002:000014cc       ?_RTC_errlist@@3QBQBDB     1000b4cc     MSVCRTD:userapi.obj
 0002:000015b0       ?mspdbName@@3QB_WB         1000b5b0     MSVCRTD:pdblkup.obj
 0002:000015d4       ?debugCrtFileName@@3QB_WB  1000b5d4     MSVCRTD:pdblkup.obj
 0002:00001760       ?dllExt@?1??GetPdbDllPathFromFilePath@@YAHPB_WPA_WI@Z@4QB_WB 1000b760     MSVCRTD:pdblkup.obj
 0002:0000176c       ?mspdbFilename@?1??GetPdbDllPathFromFilePath@@YAHPB_WPA_WI@Z@4QB_WB 1000b76c     MSVCRTD:pdblkup.obj
 0002:000020c0       __RTC_InitBase.rtc$IMZ     1000c0c0     CamObject.obj
 0002:000020c4       __RTC_InitBase.rtc$IMZ     1000c0c4     ObjectDef.obj
 0002:000023d4       __RTC_Shutdown.rtc$TMZ     1000c3d4     CamObject.obj
 0002:000023d8       __RTC_Shutdown.rtc$TMZ     1000c3d8     ObjectDef.obj
 0002:000025e8       __sehtable$?dllmain_crt_process_attach@@YAHQAUHINSTANCE__@@QAX@Z 1000c5e8     MSVCRTD:dll_dllmain.obj
 0002:00002608       __sehtable$?dllmain_crt_process_detach@@YAH_N@Z 1000c608     MSVCRTD:dll_dllmain.obj
 0002:00002638       __sehtable$?dllmain_dispatch@@YAHQAUHINSTANCE__@@KQAX@Z 1000c638     MSVCRTD:dll_dllmain.obj
 0002:00002658       __sehtable$?notify_debugger@@YAXABUtagEXCEPTION_VISUALCPP_DEBUG_INFO@@@Z 1000c658     MSVCRTD:error.obj
 0002:00002678       __sehtable$___scrt_is_nonwritable_in_current_image 1000c678     MSVCRTD:utility.obj
 0002:000027b0       .edata                     1000c7b0     CameraObj.exp
 0002:000027d8       rgpv                       1000c7d8     CameraObj.exp
 0002:000027dc       rgszName                   1000c7dc     CameraObj.exp
 0002:000027e0       rgwOrd                     1000c7e0     CameraObj.exp
 0002:000027e2       szName                     1000c7e2     CameraObj.exp
 0002:000027f0       $N00001                    1000c7f0     CameraObj.exp
 0003:00000260       ?StringBuf@?1??Util_LoadLibraryString@@9@9 1000d260     CamObject.obj
 0003:00000392       ?init@?1??_RTC_InitBase@@9@4_NA 1000d392     MSVCRTD:init.obj
 0003:00000394       ?__proc_attached@@3HA      1000d394     MSVCRTD:dll_dllmain.obj
 0003:000003a8       _GS_ExceptionRecord        1000d3a8     MSVCRTD:gs_report.obj
 0003:000003f8       _GS_ContextRecord          1000d3f8     MSVCRTD:gs_report.obj
 0003:00000764       ?_RTC_ErrorReportFunc@@3P6AHHPBDH00ZZA 1000d764     MSVCRTD:userapi.obj
 0003:00000768       ?_RTC_ErrorReportFuncW@@3P6AHHPB_WH00ZZA 1000d768     MSVCRTD:userapi.obj
 0003:00000794       ?is_initialized_as_dll@@3_NA 1000d794     MSVCRTD:utility.obj
 0003:00000795       ?module_local_atexit_table_initialized@@3_NA 1000d795     MSVCRTD:utility.obj
 0003:00000798       ?module_local_atexit_table@@3U_onexit_table_t@@A 1000d798     MSVCRTD:utility.obj
 0003:000007a4       ?module_local_at_quick_exit_table@@3U_onexit_table_t@@A 1000d7a4     MSVCRTD:utility.obj
 0003:000007bc       ?mspdb@@3PAUHINSTANCE__@@A 1000d7bc     MSVCRTD:pdblkup.obj
 0003:000007c0       ?alreadyTried@?1??GetPdbDll@@YAPAUHINSTANCE__@@XZ@4_NA 1000d7c0     MSVCRTD:pdblkup.obj
 0003:000007c1       ?PDBOK@?1??_RTC_GetSrcLine@@YAHPAEPA_WKPAH1K@Z@4_NA 1000d7c1     MSVCRTD:pdblkup.obj
 0004:000008da       .idata$6                   1000e8da     jet3DClassic11d:Jet3DClassic11d.dll
 0004:0000091a       .idata$6                   1000e91a     kernel32:KERNEL32.dll
 0004:00000936       .idata$6                   1000e936     user32:USER32.dll
 0004:00000a08       .idata$6                   1000ea08     vcruntimed:VCRUNTIME140D.dll
 0004:00000ba4       .idata$6                   1000eba4     ucrtd:ucrtbased.dll
 0006:00000200       $R000000                   10010200     CamObject.res
 0006:00000238       $R000038                   10010238     CamObject.res
 0006:00000280       $R000080                   10010280     CamObject.res
